graph: { title: "/home/mhanuel/Devel/ADA/projects/ada-ipstack/src/core/aip-udp.adb"
node: { title: "memcpy" label: "builtin_memcpy\n<built-in>" shape : ellipse }
node: { title: "memset" label: "builtin_memset\n<built-in>" shape : ellipse }
node: { title: "aip__pcbs__unlink" label: "UNLINK\n/home/mhanuel/Devel/ADA/projects/ada-ipstack/src/core/aip-pcbs.ads:137:14" shape : ellipse }
node: { title: "aip__ip__ip_route" label: "IP_ROUTE\n/home/mhanuel/Devel/ADA/projects/ada-ipstack/src/core/aip-ip.ads:27:14" shape : ellipse }
node: { title: "aip__ip__ip_output_if" label: "IP_OUTPUT_IF\n/home/mhanuel/Devel/ADA/projects/ada-ipstack/src/core/aip-ip.ads:39:14" shape : ellipse }
node: { title: "aip__udph__set_udph_checksum" label: "SET_UDPH_CHECKSUM\n/home/mhanuel/Devel/ADA/projects/ada-ipstack/build/gen/aip-udph.ads:44:14" shape : ellipse }
node: { title: "aip__udph__set_udph_length" label: "SET_UDPH_LENGTH\n/home/mhanuel/Devel/ADA/projects/ada-ipstack/build/gen/aip-udph.ads:37:14" shape : ellipse }
node: { title: "aip__udph__set_udph_dst_port" label: "SET_UDPH_DST_PORT\n/home/mhanuel/Devel/ADA/projects/ada-ipstack/build/gen/aip-udph.ads:30:14" shape : ellipse }
node: { title: "aip__udph__set_udph_src_port" label: "SET_UDPH_SRC_PORT\n/home/mhanuel/Devel/ADA/projects/ada-ipstack/build/gen/aip-udph.ads:23:14" shape : ellipse }
node: { title: "aip__ipaddrs__same" label: "SAME\n/home/mhanuel/Devel/ADA/projects/ada-ipstack/src/core/aip-ipaddrs.ads:27:13" shape : ellipse }
node: { title: "aip__ipaddrs__any" label: "ANY\n/home/mhanuel/Devel/ADA/projects/ada-ipstack/src/core/aip-ipaddrs.ads:24:13" shape : ellipse }
node: { title: "aip__nif__nif_addr" label: "NIF_ADDR\n/home/mhanuel/Devel/ADA/projects/ada-ipstack/src/core/aip-nif.ads:40:13" shape : ellipse }
node: { title: "system__assertions__raise_assert_failure" label: "Raise_Assert_Failure\n/usr/local/gnat/arm-eabi/lib/gnat/ravenscar-full-stm32f769disco/gnat/s-assert.ads:46:14" shape : ellipse }
node: { title: "aip__inet__hlen_to" label: "HLEN_TO\n/home/mhanuel/Devel/ADA/projects/ada-ipstack/src/core/aip-inet.ads:18:13" shape : ellipse }
node: { title: "aip__buffers__buffer_poffset" label: "BUFFER_POFFSET\n/home/mhanuel/Devel/ADA/projects/ada-ipstack/src/core/aip-buffers.ads:164:13" shape : ellipse }
node: { title: "aip__pcbs__bind_pcb" label: "BIND_PCB\n/home/mhanuel/Devel/ADA/projects/ada-ipstack/src/core/aip-pcbs.ads:93:14" shape : ellipse }
node: { title: "AIP_udp_event" label: "UDP_EVENT\n/home/mhanuel/Devel/ADA/projects/ada-ipstack/src/core/aip-udp.ads:142:14" shape : ellipse }
node: { title: "aip__icmp__icmp_reject" label: "ICMP_REJECT\n/home/mhanuel/Devel/ADA/projects/ada-ipstack/src/core/aip-icmp.ads:23:14" shape : ellipse }
node: { title: "aip__buffers__buffer_header" label: "BUFFER_HEADER\n/home/mhanuel/Devel/ADA/projects/ada-ipstack/src/core/aip-buffers.ads:229:14" shape : ellipse }
node: { title: "aip__iph__iph_ihl" label: "IPH_IHL\n/home/mhanuel/Devel/ADA/projects/ada-ipstack/build/gen/aip-iph.ads:36:14" shape : ellipse }
node: { title: "aip__pcbs__find_pcb_in_list" label: "FIND_PCB_IN_LIST\n/home/mhanuel/Devel/ADA/projects/ada-ipstack/src/core/aip-pcbs.ads:117:14" shape : ellipse }
node: { title: "aip__udph__udph_src_port" label: "UDPH_SRC_PORT\n/home/mhanuel/Devel/ADA/projects/ada-ipstack/build/gen/aip-udph.ads:21:14" shape : ellipse }
node: { title: "aip__udph__udph_dst_port" label: "UDPH_DST_PORT\n/home/mhanuel/Devel/ADA/projects/ada-ipstack/build/gen/aip-udph.ads:28:14" shape : ellipse }
node: { title: "__gnat_rcheck_CE_Range_Check" label: "gnat_rcheck_CE_Range_Check\n<built-in>" shape : ellipse }
node: { title: "aip__no" label: "NO\n/home/mhanuel/Devel/ADA/projects/ada-ipstack/src/aip.ads:154:13" shape : ellipse }
node: { title: "aip__buffers__buffer_blind_free" label: "BUFFER_BLIND_FREE\n/home/mhanuel/Devel/ADA/projects/ada-ipstack/src/core/aip-buffers.ads:202:14" shape : ellipse }
node: { title: "aip__checksum__sum" label: "SUM\n/home/mhanuel/Devel/ADA/projects/ada-ipstack/src/core/aip-checksum.ads:13:13" shape : ellipse }
node: { title: "aip__buffers__buffer_tlen" label: "BUFFER_TLEN\n/home/mhanuel/Devel/ADA/projects/ada-ipstack/src/core/aip-buffers.ads:134:13" shape : ellipse }
node: { title: "aip__nif__offload" label: "OFFLOAD\n/home/mhanuel/Devel/ADA/projects/ada-ipstack/src/core/aip-nif.ads:78:13" shape : ellipse }
node: { title: "aip__buffers__buffer_chain" label: "BUFFER_CHAIN\n/home/mhanuel/Devel/ADA/projects/ada-ipstack/src/core/aip-buffers.ads:222:14" shape : ellipse }
node: { title: "aip__udph__set_udpp_length" label: "SET_UDPP_LENGTH\n/home/mhanuel/Devel/ADA/projects/ada-ipstack/build/gen/aip-udph.ads:86:14" shape : ellipse }
node: { title: "aip__udph__udph_length" label: "UDPH_LENGTH\n/home/mhanuel/Devel/ADA/projects/ada-ipstack/build/gen/aip-udph.ads:35:14" shape : ellipse }
node: { title: "aip__udph__set_udpp_protocol" label: "SET_UDPP_PROTOCOL\n/home/mhanuel/Devel/ADA/projects/ada-ipstack/build/gen/aip-udph.ads:79:14" shape : ellipse }
node: { title: "aip__udph__set_udpp_zero" label: "SET_UDPP_ZERO\n/home/mhanuel/Devel/ADA/projects/ada-ipstack/build/gen/aip-udph.ads:72:14" shape : ellipse }
node: { title: "aip__udph__set_udpp_dst_address" label: "SET_UDPP_DST_ADDRESS\n/home/mhanuel/Devel/ADA/projects/ada-ipstack/build/gen/aip-udph.ads:65:14" shape : ellipse }
node: { title: "aip__iph__iph_dst_address" label: "IPH_DST_ADDRESS\n/home/mhanuel/Devel/ADA/projects/ada-ipstack/build/gen/aip-iph.ads:106:14" shape : ellipse }
node: { title: "aip__udph__set_udpp_src_address" label: "SET_UDPP_SRC_ADDRESS\n/home/mhanuel/Devel/ADA/projects/ada-ipstack/build/gen/aip-udph.ads:58:14" shape : ellipse }
node: { title: "aip__iph__iph_src_address" label: "IPH_SRC_ADDRESS\n/home/mhanuel/Devel/ADA/projects/ada-ipstack/build/gen/aip-iph.ads:99:14" shape : ellipse }
node: { title: "aip__buffers__buffer_alloc" label: "BUFFER_ALLOC\n/home/mhanuel/Devel/ADA/projects/ada-ipstack/src/core/aip-buffers.ads:94:14" shape : ellipse }
node: { title: "aip__ip__get_next_header" label: "GET_NEXT_HEADER\n/home/mhanuel/Devel/ADA/projects/ada-ipstack/src/core/aip-ip.ads:53:14" shape : ellipse }
node: { title: "aip__buffers__buffer_payload" label: "BUFFER_PAYLOAD\n/home/mhanuel/Devel/ADA/projects/ada-ipstack/src/core/aip-buffers.ads:159:13" shape : ellipse }
node: { title: "__gnat_rcheck_CE_Invalid_Data" label: "gnat_rcheck_CE_Invalid_Data\n<built-in>" shape : ellipse }
node: { title: "__gnat_rcheck_CE_Index_Check" label: "gnat_rcheck_CE_Index_Check\n<built-in>" shape : ellipse }
node: { title: "aip__pcbs__allocate" label: "ALLOCATE\n/home/mhanuel/Devel/ADA/projects/ada-ipstack/src/core/aip-pcbs.ads:81:14" shape : ellipse }
node: { title: "aip__udp__udp_udata" label: "UDP_UDATA\n/home/mhanuel/Devel/ADA/projects/ada-ipstack/src/core/aip-udp.adb:589:4\n16 bytes (static)" }
edge: { sourcename: "aip__udp__udp_udata" targetname: "__gnat_rcheck_CE_Index_Check" label: "/home/mhanuel/Devel/ADA/projects/ada-ipstack/src/core/aip-udp.adb:593:14" }
node: { title: "aip__udp__udp_set_udata" label: "UDP_SET_UDATA\n/home/mhanuel/Devel/ADA/projects/ada-ipstack/src/core/aip-udp.adb:582:4\n16 bytes (static)" }
edge: { sourcename: "aip__udp__udp_set_udata" targetname: "__gnat_rcheck_CE_Invalid_Data" label: "/home/mhanuel/Devel/ADA/projects/ada-ipstack/src/core/aip-udp.adb:586:14" }
edge: { sourcename: "aip__udp__udp_set_udata" targetname: "__gnat_rcheck_CE_Index_Check" label: "/home/mhanuel/Devel/ADA/projects/ada-ipstack/src/core/aip-udp.adb:586:7" }
node: { title: "aip__udp__on_udp_recv" label: "ON_UDP_RECV\n/home/mhanuel/Devel/ADA/projects/ada-ipstack/src/core/aip-udp.adb:568:4\n16 bytes (static)" }
edge: { sourcename: "aip__udp__on_udp_recv" targetname: "/home/mhanuel/Devel/ADA/projects/ada-ipstack/src/core/aip-udp.adb:aip__udp__udp_callback" label: "/home/mhanuel/Devel/ADA/projects/ada-ipstack/src/core/aip-udp.adb:575:7" }
node: { title: "/home/mhanuel/Devel/ADA/projects/ada-ipstack/src/core/aip-udp.adb:aip__udp__udp_callback" label: "UDP_CALLBACK\n/home/mhanuel/Devel/ADA/projects/ada-ipstack/src/core/aip-udp.adb:556:4\n24 bytes (static)" }
edge: { sourcename: "/home/mhanuel/Devel/ADA/projects/ada-ipstack/src/core/aip-udp.adb:aip__udp__udp_callback" targetname: "__gnat_rcheck_CE_Invalid_Data" label: "/home/mhanuel/Devel/ADA/projects/ada-ipstack/src/core/aip-udp.adb:561:14" }
edge: { sourcename: "/home/mhanuel/Devel/ADA/projects/ada-ipstack/src/core/aip-udp.adb:aip__udp__udp_callback" targetname: "__gnat_rcheck_CE_Invalid_Data" label: "/home/mhanuel/Devel/ADA/projects/ada-ipstack/src/core/aip-udp.adb:561:30" }
edge: { sourcename: "/home/mhanuel/Devel/ADA/projects/ada-ipstack/src/core/aip-udp.adb:aip__udp__udp_callback" targetname: "__gnat_rcheck_CE_Index_Check" label: "/home/mhanuel/Devel/ADA/projects/ada-ipstack/src/core/aip-udp.adb:561:7" }
node: { title: "aip__udp__udp_release" label: "UDP_RELEASE\n/home/mhanuel/Devel/ADA/projects/ada-ipstack/src/core/aip-udp.adb:537:4\n24 bytes (static)" }
edge: { sourcename: "aip__udp__udp_release" targetname: "__gnat_rcheck_CE_Invalid_Data" label: "/home/mhanuel/Devel/ADA/projects/ada-ipstack/src/core/aip-udp.adb:542:14" }
edge: { sourcename: "aip__udp__udp_release" targetname: "__gnat_rcheck_CE_Index_Check" label: "/home/mhanuel/Devel/ADA/projects/ada-ipstack/src/core/aip-udp.adb:542:7" }
edge: { sourcename: "aip__udp__udp_release" targetname: "aip__pcbs__unlink" label: "/home/mhanuel/Devel/ADA/projects/ada-ipstack/src/core/aip-udp.adb:541:11" }
edge: { sourcename: "aip__udp__udp_release" targetname: "__gnat_rcheck_CE_Range_Check" label: "/home/mhanuel/Devel/ADA/projects/ada-ipstack/src/core/aip-udp.adb:541:11" }
node: { title: "aip__udp__udp_disconnect" label: "UDP_DISCONNECT\n/home/mhanuel/Devel/ADA/projects/ada-ipstack/src/core/aip-udp.adb:522:4\n16 bytes (static)" }
edge: { sourcename: "aip__udp__udp_disconnect" targetname: "__gnat_rcheck_CE_Invalid_Data" label: "/home/mhanuel/Devel/ADA/projects/ada-ipstack/src/core/aip-udp.adb:530:14" }
edge: { sourcename: "aip__udp__udp_disconnect" targetname: "__gnat_rcheck_CE_Index_Check" label: "/home/mhanuel/Devel/ADA/projects/ada-ipstack/src/core/aip-udp.adb:530:7" }
edge: { sourcename: "aip__udp__udp_disconnect" targetname: "__gnat_rcheck_CE_Invalid_Data" label: "/home/mhanuel/Devel/ADA/projects/ada-ipstack/src/core/aip-udp.adb:529:14" }
edge: { sourcename: "aip__udp__udp_disconnect" targetname: "__gnat_rcheck_CE_Index_Check" label: "/home/mhanuel/Devel/ADA/projects/ada-ipstack/src/core/aip-udp.adb:529:7" }
edge: { sourcename: "aip__udp__udp_disconnect" targetname: "__gnat_rcheck_CE_Invalid_Data" label: "/home/mhanuel/Devel/ADA/projects/ada-ipstack/src/core/aip-udp.adb:528:14" }
edge: { sourcename: "aip__udp__udp_disconnect" targetname: "__gnat_rcheck_CE_Index_Check" label: "/home/mhanuel/Devel/ADA/projects/ada-ipstack/src/core/aip-udp.adb:528:7" }
node: { title: "aip__udp__udp_send" label: "UDP_SEND\n/home/mhanuel/Devel/ADA/projects/ada-ipstack/src/core/aip-udp.adb:477:4\n56 bytes (static)" }
edge: { sourcename: "aip__udp__udp_send" targetname: "/home/mhanuel/Devel/ADA/projects/ada-ipstack/src/core/aip-udp.adb:aip__udp__udp_send_to_if" label: "/home/mhanuel/Devel/ADA/projects/ada-ipstack/src/core/aip-udp.adb:513:13" }
edge: { sourcename: "aip__udp__udp_send" targetname: "__gnat_rcheck_CE_Range_Check" label: "/home/mhanuel/Devel/ADA/projects/ada-ipstack/src/core/aip-udp.adb:513:64" }
edge: { sourcename: "aip__udp__udp_send" targetname: "aip__ip__ip_route" label: "/home/mhanuel/Devel/ADA/projects/ada-ipstack/src/core/aip-udp.adb:509:12" }
edge: { sourcename: "aip__udp__udp_send" targetname: "aip__ipaddrs__any" label: "/home/mhanuel/Devel/ADA/projects/ada-ipstack/src/core/aip-udp.adb:503:24" }
edge: { sourcename: "aip__udp__udp_send" targetname: "__gnat_rcheck_CE_Index_Check" label: "/home/mhanuel/Devel/ADA/projects/ada-ipstack/src/core/aip-udp.adb:502:14" }
edge: { sourcename: "aip__udp__udp_send" targetname: "__gnat_rcheck_CE_Index_Check" label: "/home/mhanuel/Devel/ADA/projects/ada-ipstack/src/core/aip-udp.adb:496:19" }
edge: { sourcename: "aip__udp__udp_send" targetname: "__gnat_rcheck_CE_Index_Check" label: "/home/mhanuel/Devel/ADA/projects/ada-ipstack/src/core/aip-udp.adb:495:19" }
node: { title: "/home/mhanuel/Devel/ADA/projects/ada-ipstack/src/core/aip-udp.adb:aip__udp__udp_send_to_if" label: "UDP_SEND_TO_IF\n/home/mhanuel/Devel/ADA/projects/ada-ipstack/src/core/aip-udp.adb:351:4\n80 bytes (static)" }
edge: { sourcename: "/home/mhanuel/Devel/ADA/projects/ada-ipstack/src/core/aip-udp.adb:aip__udp__udp_send_to_if" targetname: "aip__buffers__buffer_blind_free" label: "/home/mhanuel/Devel/ADA/projects/ada-ipstack/src/core/aip-udp.adb:467:23" }
edge: { sourcename: "/home/mhanuel/Devel/ADA/projects/ada-ipstack/src/core/aip-udp.adb:aip__udp__udp_send_to_if" targetname: "aip__ip__ip_output_if" label: "/home/mhanuel/Devel/ADA/projects/ada-ipstack/src/core/aip-udp.adb:450:15" }
edge: { sourcename: "/home/mhanuel/Devel/ADA/projects/ada-ipstack/src/core/aip-udp.adb:aip__udp__udp_send_to_if" targetname: "__gnat_rcheck_CE_Index_Check" label: "/home/mhanuel/Devel/ADA/projects/ada-ipstack/src/core/aip-udp.adb:456:16" }
edge: { sourcename: "/home/mhanuel/Devel/ADA/projects/ada-ipstack/src/core/aip-udp.adb:aip__udp__udp_send_to_if" targetname: "__gnat_rcheck_CE_Index_Check" label: "/home/mhanuel/Devel/ADA/projects/ada-ipstack/src/core/aip-udp.adb:455:16" }
edge: { sourcename: "/home/mhanuel/Devel/ADA/projects/ada-ipstack/src/core/aip-udp.adb:aip__udp__udp_send_to_if" targetname: "system__assertions__raise_assert_failure" label: "/home/mhanuel/Devel/ADA/projects/ada-ipstack/src/core/aip-udp.adb:443:31" }
edge: { sourcename: "/home/mhanuel/Devel/ADA/projects/ada-ipstack/src/core/aip-udp.adb:aip__udp__udp_send_to_if" targetname: "aip__no" label: "/home/mhanuel/Devel/ADA/projects/ada-ipstack/src/core/aip-udp.adb:443:31" }
edge: { sourcename: "/home/mhanuel/Devel/ADA/projects/ada-ipstack/src/core/aip-udp.adb:aip__udp__udp_send_to_if" targetname: "aip__buffers__buffer_header" label: "/home/mhanuel/Devel/ADA/projects/ada-ipstack/src/core/aip-udp.adb:441:23" }
edge: { sourcename: "/home/mhanuel/Devel/ADA/projects/ada-ipstack/src/core/aip-udp.adb:aip__udp__udp_send_to_if" targetname: "aip__udph__set_udph_checksum" label: "/home/mhanuel/Devel/ADA/projects/ada-ipstack/src/core/aip-udp.adb:435:20" }
edge: { sourcename: "/home/mhanuel/Devel/ADA/projects/ada-ipstack/src/core/aip-udp.adb:aip__udp__udp_send_to_if" targetname: "aip__checksum__sum" label: "/home/mhanuel/Devel/ADA/projects/ada-ipstack/src/core/aip-udp.adb:436:37" }
edge: { sourcename: "/home/mhanuel/Devel/ADA/projects/ada-ipstack/src/core/aip-udp.adb:aip__udp__udp_send_to_if" targetname: "aip__buffers__buffer_tlen" label: "/home/mhanuel/Devel/ADA/projects/ada-ipstack/src/core/aip-udp.adb:436:56" }
edge: { sourcename: "/home/mhanuel/Devel/ADA/projects/ada-ipstack/src/core/aip-udp.adb:aip__udp__udp_send_to_if" targetname: "aip__udph__set_udpp_length" label: "/home/mhanuel/Devel/ADA/projects/ada-ipstack/src/core/aip-udp.adb:429:20" }
edge: { sourcename: "/home/mhanuel/Devel/ADA/projects/ada-ipstack/src/core/aip-udp.adb:aip__udp__udp_send_to_if" targetname: "aip__udph__set_udpp_protocol" label: "/home/mhanuel/Devel/ADA/projects/ada-ipstack/src/core/aip-udp.adb:428:20" }
edge: { sourcename: "/home/mhanuel/Devel/ADA/projects/ada-ipstack/src/core/aip-udp.adb:aip__udp__udp_send_to_if" targetname: "aip__udph__set_udpp_zero" label: "/home/mhanuel/Devel/ADA/projects/ada-ipstack/src/core/aip-udp.adb:427:20" }
edge: { sourcename: "/home/mhanuel/Devel/ADA/projects/ada-ipstack/src/core/aip-udp.adb:aip__udp__udp_send_to_if" targetname: "aip__udph__set_udpp_dst_address" label: "/home/mhanuel/Devel/ADA/projects/ada-ipstack/src/core/aip-udp.adb:426:20" }
edge: { sourcename: "/home/mhanuel/Devel/ADA/projects/ada-ipstack/src/core/aip-udp.adb:aip__udp__udp_send_to_if" targetname: "aip__udph__set_udpp_src_address" label: "/home/mhanuel/Devel/ADA/projects/ada-ipstack/src/core/aip-udp.adb:425:20" }
edge: { sourcename: "/home/mhanuel/Devel/ADA/projects/ada-ipstack/src/core/aip-udp.adb:aip__udp__udp_send_to_if" targetname: "aip__buffers__buffer_payload" label: "/home/mhanuel/Devel/ADA/projects/ada-ipstack/src/core/aip-udp.adb:424:22" }
edge: { sourcename: "/home/mhanuel/Devel/ADA/projects/ada-ipstack/src/core/aip-udp.adb:aip__udp__udp_send_to_if" targetname: "system__assertions__raise_assert_failure" label: "/home/mhanuel/Devel/ADA/projects/ada-ipstack/src/core/aip-udp.adb:421:31" }
edge: { sourcename: "/home/mhanuel/Devel/ADA/projects/ada-ipstack/src/core/aip-udp.adb:aip__udp__udp_send_to_if" targetname: "aip__no" label: "/home/mhanuel/Devel/ADA/projects/ada-ipstack/src/core/aip-udp.adb:421:31" }
edge: { sourcename: "/home/mhanuel/Devel/ADA/projects/ada-ipstack/src/core/aip-udp.adb:aip__udp__udp_send_to_if" targetname: "aip__buffers__buffer_header" label: "/home/mhanuel/Devel/ADA/projects/ada-ipstack/src/core/aip-udp.adb:419:23" }
edge: { sourcename: "/home/mhanuel/Devel/ADA/projects/ada-ipstack/src/core/aip-udp.adb:aip__udp__udp_send_to_if" targetname: "aip__nif__offload" label: "/home/mhanuel/Devel/ADA/projects/ada-ipstack/src/core/aip-udp.adb:410:23" }
edge: { sourcename: "/home/mhanuel/Devel/ADA/projects/ada-ipstack/src/core/aip-udp.adb:aip__udp__udp_send_to_if" targetname: "aip__udph__set_udph_checksum" label: "/home/mhanuel/Devel/ADA/projects/ada-ipstack/src/core/aip-udp.adb:408:17" }
edge: { sourcename: "/home/mhanuel/Devel/ADA/projects/ada-ipstack/src/core/aip-udp.adb:aip__udp__udp_send_to_if" targetname: "aip__udph__set_udph_length" label: "/home/mhanuel/Devel/ADA/projects/ada-ipstack/src/core/aip-udp.adb:404:17" }
edge: { sourcename: "/home/mhanuel/Devel/ADA/projects/ada-ipstack/src/core/aip-udp.adb:aip__udp__udp_send_to_if" targetname: "aip__udph__set_udph_dst_port" label: "/home/mhanuel/Devel/ADA/projects/ada-ipstack/src/core/aip-udp.adb:403:17" }
edge: { sourcename: "/home/mhanuel/Devel/ADA/projects/ada-ipstack/src/core/aip-udp.adb:aip__udp__udp_send_to_if" targetname: "aip__udph__set_udph_src_port" label: "/home/mhanuel/Devel/ADA/projects/ada-ipstack/src/core/aip-udp.adb:402:17" }
edge: { sourcename: "/home/mhanuel/Devel/ADA/projects/ada-ipstack/src/core/aip-udp.adb:aip__udp__udp_send_to_if" targetname: "__gnat_rcheck_CE_Index_Check" label: "/home/mhanuel/Devel/ADA/projects/ada-ipstack/src/core/aip-udp.adb:402:43" }
edge: { sourcename: "/home/mhanuel/Devel/ADA/projects/ada-ipstack/src/core/aip-udp.adb:aip__udp__udp_send_to_if" targetname: "aip__buffers__buffer_tlen" label: "/home/mhanuel/Devel/ADA/projects/ada-ipstack/src/core/aip-udp.adb:400:18" }
edge: { sourcename: "/home/mhanuel/Devel/ADA/projects/ada-ipstack/src/core/aip-udp.adb:aip__udp__udp_send_to_if" targetname: "aip__buffers__buffer_payload" label: "/home/mhanuel/Devel/ADA/projects/ada-ipstack/src/core/aip-udp.adb:399:18" }
edge: { sourcename: "/home/mhanuel/Devel/ADA/projects/ada-ipstack/src/core/aip-udp.adb:aip__udp__udp_send_to_if" targetname: "aip__ipaddrs__same" label: "/home/mhanuel/Devel/ADA/projects/ada-ipstack/src/core/aip-udp.adb:395:32" }
edge: { sourcename: "/home/mhanuel/Devel/ADA/projects/ada-ipstack/src/core/aip-udp.adb:aip__udp__udp_send_to_if" targetname: "__gnat_rcheck_CE_Index_Check" label: "/home/mhanuel/Devel/ADA/projects/ada-ipstack/src/core/aip-udp.adb:395:39" }
edge: { sourcename: "/home/mhanuel/Devel/ADA/projects/ada-ipstack/src/core/aip-udp.adb:aip__udp__udp_send_to_if" targetname: "aip__ipaddrs__any" label: "/home/mhanuel/Devel/ADA/projects/ada-ipstack/src/core/aip-udp.adb:394:24" }
edge: { sourcename: "/home/mhanuel/Devel/ADA/projects/ada-ipstack/src/core/aip-udp.adb:aip__udp__udp_send_to_if" targetname: "__gnat_rcheck_CE_Index_Check" label: "/home/mhanuel/Devel/ADA/projects/ada-ipstack/src/core/aip-udp.adb:394:30" }
edge: { sourcename: "/home/mhanuel/Devel/ADA/projects/ada-ipstack/src/core/aip-udp.adb:aip__udp__udp_send_to_if" targetname: "aip__nif__nif_addr" label: "/home/mhanuel/Devel/ADA/projects/ada-ipstack/src/core/aip-udp.adb:392:17" }
edge: { sourcename: "/home/mhanuel/Devel/ADA/projects/ada-ipstack/src/core/aip-udp.adb:aip__udp__udp_send_to_if" targetname: "aip__no" label: "/home/mhanuel/Devel/ADA/projects/ada-ipstack/src/core/aip-udp.adb:390:13" }
edge: { sourcename: "/home/mhanuel/Devel/ADA/projects/ada-ipstack/src/core/aip-udp.adb:aip__udp__udp_send_to_if" targetname: "/home/mhanuel/Devel/ADA/projects/ada-ipstack/src/core/aip-udp.adb:aip__udp__prepend_udp_header" label: "/home/mhanuel/Devel/ADA/projects/ada-ipstack/src/core/aip-udp.adb:380:10" }
edge: { sourcename: "/home/mhanuel/Devel/ADA/projects/ada-ipstack/src/core/aip-udp.adb:aip__udp__udp_send_to_if" targetname: "aip__no" label: "/home/mhanuel/Devel/ADA/projects/ada-ipstack/src/core/aip-udp.adb:379:13" }
edge: { sourcename: "/home/mhanuel/Devel/ADA/projects/ada-ipstack/src/core/aip-udp.adb:aip__udp__udp_send_to_if" targetname: "/home/mhanuel/Devel/ADA/projects/ada-ipstack/src/core/aip-udp.adb:aip__udp__pcb_force_bind" label: "/home/mhanuel/Devel/ADA/projects/ada-ipstack/src/core/aip-udp.adb:374:7" }
node: { title: "/home/mhanuel/Devel/ADA/projects/ada-ipstack/src/core/aip-udp.adb:aip__udp__prepend_udp_header" label: "PREPEND_UDP_HEADER\n/home/mhanuel/Devel/ADA/projects/ada-ipstack/src/core/aip-udp.adb:312:4\n40 bytes (static)" }
edge: { sourcename: "/home/mhanuel/Devel/ADA/projects/ada-ipstack/src/core/aip-udp.adb:aip__udp__prepend_udp_header" targetname: "aip__buffers__buffer_chain" label: "/home/mhanuel/Devel/ADA/projects/ada-ipstack/src/core/aip-udp.adb:341:20" }
edge: { sourcename: "/home/mhanuel/Devel/ADA/projects/ada-ipstack/src/core/aip-udp.adb:aip__udp__prepend_udp_header" targetname: "aip__buffers__buffer_alloc" label: "/home/mhanuel/Devel/ADA/projects/ada-ipstack/src/core/aip-udp.adb:332:17" }
edge: { sourcename: "/home/mhanuel/Devel/ADA/projects/ada-ipstack/src/core/aip-udp.adb:aip__udp__prepend_udp_header" targetname: "__gnat_rcheck_CE_Range_Check" label: "/home/mhanuel/Devel/ADA/projects/ada-ipstack/src/core/aip-udp.adb:333:23" }
edge: { sourcename: "/home/mhanuel/Devel/ADA/projects/ada-ipstack/src/core/aip-udp.adb:aip__udp__prepend_udp_header" targetname: "system__assertions__raise_assert_failure" label: "/home/mhanuel/Devel/ADA/projects/ada-ipstack/src/core/aip-udp.adb:329:25" }
edge: { sourcename: "/home/mhanuel/Devel/ADA/projects/ada-ipstack/src/core/aip-udp.adb:aip__udp__prepend_udp_header" targetname: "aip__no" label: "/home/mhanuel/Devel/ADA/projects/ada-ipstack/src/core/aip-udp.adb:329:28" }
edge: { sourcename: "/home/mhanuel/Devel/ADA/projects/ada-ipstack/src/core/aip-udp.adb:aip__udp__prepend_udp_header" targetname: "aip__buffers__buffer_header" label: "/home/mhanuel/Devel/ADA/projects/ada-ipstack/src/core/aip-udp.adb:328:17" }
edge: { sourcename: "/home/mhanuel/Devel/ADA/projects/ada-ipstack/src/core/aip-udp.adb:aip__udp__prepend_udp_header" targetname: "aip__inet__hlen_to" label: "/home/mhanuel/Devel/ADA/projects/ada-ipstack/src/core/aip-udp.adb:325:18" }
edge: { sourcename: "/home/mhanuel/Devel/ADA/projects/ada-ipstack/src/core/aip-udp.adb:aip__udp__prepend_udp_header" targetname: "aip__buffers__buffer_poffset" label: "/home/mhanuel/Devel/ADA/projects/ada-ipstack/src/core/aip-udp.adb:324:16" }
node: { title: "aip__udp__udp_connect" label: "UDP_CONNECT\n/home/mhanuel/Devel/ADA/projects/ada-ipstack/src/core/aip-udp.adb:278:4\n32 bytes (static)" }
edge: { sourcename: "aip__udp__udp_connect" targetname: "__gnat_rcheck_CE_Invalid_Data" label: "/home/mhanuel/Devel/ADA/projects/ada-ipstack/src/core/aip-udp.adb:300:17" }
edge: { sourcename: "aip__udp__udp_connect" targetname: "__gnat_rcheck_CE_Index_Check" label: "/home/mhanuel/Devel/ADA/projects/ada-ipstack/src/core/aip-udp.adb:300:10" }
edge: { sourcename: "aip__udp__udp_connect" targetname: "__gnat_rcheck_CE_Invalid_Data" label: "/home/mhanuel/Devel/ADA/projects/ada-ipstack/src/core/aip-udp.adb:299:17" }
edge: { sourcename: "aip__udp__udp_connect" targetname: "__gnat_rcheck_CE_Index_Check" label: "/home/mhanuel/Devel/ADA/projects/ada-ipstack/src/core/aip-udp.adb:299:10" }
edge: { sourcename: "aip__udp__udp_connect" targetname: "__gnat_rcheck_CE_Invalid_Data" label: "/home/mhanuel/Devel/ADA/projects/ada-ipstack/src/core/aip-udp.adb:298:17" }
edge: { sourcename: "aip__udp__udp_connect" targetname: "__gnat_rcheck_CE_Index_Check" label: "/home/mhanuel/Devel/ADA/projects/ada-ipstack/src/core/aip-udp.adb:298:10" }
edge: { sourcename: "aip__udp__udp_connect" targetname: "aip__no" label: "/home/mhanuel/Devel/ADA/projects/ada-ipstack/src/core/aip-udp.adb:297:13" }
edge: { sourcename: "aip__udp__udp_connect" targetname: "/home/mhanuel/Devel/ADA/projects/ada-ipstack/src/core/aip-udp.adb:aip__udp__pcb_force_bind" label: "/home/mhanuel/Devel/ADA/projects/ada-ipstack/src/core/aip-udp.adb:290:7" }
node: { title: "/home/mhanuel/Devel/ADA/projects/ada-ipstack/src/core/aip-udp.adb:aip__udp__pcb_force_bind" label: "PCB_FORCE_BIND\n/home/mhanuel/Devel/ADA/projects/ada-ipstack/src/core/aip-udp.adb:265:4\n24 bytes (static)" }
edge: { sourcename: "/home/mhanuel/Devel/ADA/projects/ada-ipstack/src/core/aip-udp.adb:aip__udp__pcb_force_bind" targetname: "aip__udp__udp_bind" label: "/home/mhanuel/Devel/ADA/projects/ada-ipstack/src/core/aip-udp.adb:268:10" }
edge: { sourcename: "/home/mhanuel/Devel/ADA/projects/ada-ipstack/src/core/aip-udp.adb:aip__udp__pcb_force_bind" targetname: "__gnat_rcheck_CE_Index_Check" label: "/home/mhanuel/Devel/ADA/projects/ada-ipstack/src/core/aip-udp.adb:267:10" }
node: { title: "aip__udp__udp_bind" label: "UDP_BIND\n/home/mhanuel/Devel/ADA/projects/ada-ipstack/src/core/aip-udp.adb:238:4\n72 bytes (static)" }
edge: { sourcename: "aip__udp__udp_bind" targetname: "__gnat_rcheck_CE_Invalid_Data" label: "/home/mhanuel/Devel/ADA/projects/ada-ipstack/src/core/aip-udp.adb:256:17" }
edge: { sourcename: "aip__udp__udp_bind" targetname: "__gnat_rcheck_CE_Index_Check" label: "/home/mhanuel/Devel/ADA/projects/ada-ipstack/src/core/aip-udp.adb:256:10" }
edge: { sourcename: "aip__udp__udp_bind" targetname: "aip__no" label: "/home/mhanuel/Devel/ADA/projects/ada-ipstack/src/core/aip-udp.adb:255:13" }
edge: { sourcename: "aip__udp__udp_bind" targetname: "aip__pcbs__bind_pcb" label: "/home/mhanuel/Devel/ADA/projects/ada-ipstack/src/core/aip-udp.adb:247:11" }
edge: { sourcename: "aip__udp__udp_bind" targetname: "__gnat_rcheck_CE_Range_Check" label: "/home/mhanuel/Devel/ADA/projects/ada-ipstack/src/core/aip-udp.adb:251:44" }
node: { title: "aip__udp__udp_input" label: "UDP_INPUT\n/home/mhanuel/Devel/ADA/projects/ada-ipstack/src/core/aip-udp.adb:128:4\n128 bytes (static)" }
edge: { sourcename: "aip__udp__udp_input" targetname: "AIP_udp_event" label: "/home/mhanuel/Devel/ADA/projects/ada-ipstack/src/core/aip-udp.adb:223:13" }
edge: { sourcename: "aip__udp__udp_input" targetname: "aip__udph__udph_src_port" label: "/home/mhanuel/Devel/ADA/projects/ada-ipstack/src/core/aip-udp.adb:227:41" }
edge: { sourcename: "aip__udp__udp_input" targetname: "aip__iph__iph_src_address" label: "/home/mhanuel/Devel/ADA/projects/ada-ipstack/src/core/aip-udp.adb:226:40" }
edge: { sourcename: "aip__udp__udp_input" targetname: "__gnat_rcheck_CE_Index_Check" label: "/home/mhanuel/Devel/ADA/projects/ada-ipstack/src/core/aip-udp.adb:229:16" }
edge: { sourcename: "aip__udp__udp_input" targetname: "aip__no" label: "/home/mhanuel/Devel/ADA/projects/ada-ipstack/src/core/aip-udp.adb:222:16" }
edge: { sourcename: "aip__udp__udp_input" targetname: "aip__buffers__buffer_header" label: "/home/mhanuel/Devel/ADA/projects/ada-ipstack/src/core/aip-udp.adb:220:17" }
edge: { sourcename: "aip__udp__udp_input" targetname: "aip__no" label: "/home/mhanuel/Devel/ADA/projects/ada-ipstack/src/core/aip-udp.adb:216:13" }
edge: { sourcename: "aip__udp__udp_input" targetname: "aip__icmp__icmp_reject" label: "/home/mhanuel/Devel/ADA/projects/ada-ipstack/src/core/aip-udp.adb:203:20" }
edge: { sourcename: "aip__udp__udp_input" targetname: "aip__no" label: "/home/mhanuel/Devel/ADA/projects/ada-ipstack/src/core/aip-udp.adb:202:19" }
edge: { sourcename: "aip__udp__udp_input" targetname: "aip__buffers__buffer_header" label: "/home/mhanuel/Devel/ADA/projects/ada-ipstack/src/core/aip-udp.adb:199:20" }
edge: { sourcename: "aip__udp__udp_input" targetname: "aip__iph__iph_ihl" label: "/home/mhanuel/Devel/ADA/projects/ada-ipstack/src/core/aip-udp.adb:200:39" }
edge: { sourcename: "aip__udp__udp_input" targetname: "aip__pcbs__find_pcb_in_list" label: "/home/mhanuel/Devel/ADA/projects/ada-ipstack/src/core/aip-udp.adb:185:14" }
edge: { sourcename: "aip__udp__udp_input" targetname: "aip__udph__udph_src_port" label: "/home/mhanuel/Devel/ADA/projects/ada-ipstack/src/core/aip-udp.adb:189:32" }
edge: { sourcename: "aip__udp__udp_input" targetname: "aip__iph__iph_src_address" label: "/home/mhanuel/Devel/ADA/projects/ada-ipstack/src/core/aip-udp.adb:188:31" }
edge: { sourcename: "aip__udp__udp_input" targetname: "aip__udph__udph_dst_port" label: "/home/mhanuel/Devel/ADA/projects/ada-ipstack/src/core/aip-udp.adb:187:32" }
edge: { sourcename: "aip__udp__udp_input" targetname: "aip__iph__iph_dst_address" label: "/home/mhanuel/Devel/ADA/projects/ada-ipstack/src/core/aip-udp.adb:186:31" }
edge: { sourcename: "aip__udp__udp_input" targetname: "__gnat_rcheck_CE_Range_Check" label: "/home/mhanuel/Devel/ADA/projects/ada-ipstack/src/core/aip-udp.adb:190:28" }
edge: { sourcename: "aip__udp__udp_input" targetname: "aip__no" label: "/home/mhanuel/Devel/ADA/projects/ada-ipstack/src/core/aip-udp.adb:183:13" }
edge: { sourcename: "aip__udp__udp_input" targetname: "aip__buffers__buffer_blind_free" label: "/home/mhanuel/Devel/ADA/projects/ada-ipstack/src/core/aip-udp.adb:177:17" }
edge: { sourcename: "aip__udp__udp_input" targetname: "aip__checksum__sum" label: "/home/mhanuel/Devel/ADA/projects/ada-ipstack/src/core/aip-udp.adb:171:32" }
edge: { sourcename: "aip__udp__udp_input" targetname: "aip__buffers__buffer_tlen" label: "/home/mhanuel/Devel/ADA/projects/ada-ipstack/src/core/aip-udp.adb:171:54" }
edge: { sourcename: "aip__udp__udp_input" targetname: "aip__nif__offload" label: "/home/mhanuel/Devel/ADA/projects/ada-ipstack/src/core/aip-udp.adb:170:20" }
edge: { sourcename: "aip__udp__udp_input" targetname: "aip__buffers__buffer_chain" label: "/home/mhanuel/Devel/ADA/projects/ada-ipstack/src/core/aip-udp.adb:168:17" }
edge: { sourcename: "aip__udp__udp_input" targetname: "aip__udph__set_udpp_length" label: "/home/mhanuel/Devel/ADA/projects/ada-ipstack/src/core/aip-udp.adb:166:14" }
edge: { sourcename: "aip__udp__udp_input" targetname: "aip__udph__udph_length" label: "/home/mhanuel/Devel/ADA/projects/ada-ipstack/src/core/aip-udp.adb:166:48" }
edge: { sourcename: "aip__udp__udp_input" targetname: "aip__udph__set_udpp_protocol" label: "/home/mhanuel/Devel/ADA/projects/ada-ipstack/src/core/aip-udp.adb:165:14" }
edge: { sourcename: "aip__udp__udp_input" targetname: "aip__udph__set_udpp_zero" label: "/home/mhanuel/Devel/ADA/projects/ada-ipstack/src/core/aip-udp.adb:164:14" }
edge: { sourcename: "aip__udp__udp_input" targetname: "aip__udph__set_udpp_dst_address" label: "/home/mhanuel/Devel/ADA/projects/ada-ipstack/src/core/aip-udp.adb:163:14" }
edge: { sourcename: "aip__udp__udp_input" targetname: "aip__iph__iph_dst_address" label: "/home/mhanuel/Devel/ADA/projects/ada-ipstack/src/core/aip-udp.adb:163:47" }
edge: { sourcename: "aip__udp__udp_input" targetname: "aip__udph__set_udpp_src_address" label: "/home/mhanuel/Devel/ADA/projects/ada-ipstack/src/core/aip-udp.adb:162:14" }
edge: { sourcename: "aip__udp__udp_input" targetname: "aip__iph__iph_src_address" label: "/home/mhanuel/Devel/ADA/projects/ada-ipstack/src/core/aip-udp.adb:162:47" }
edge: { sourcename: "aip__udp__udp_input" targetname: "aip__buffers__buffer_payload" label: "/home/mhanuel/Devel/ADA/projects/ada-ipstack/src/core/aip-udp.adb:160:16" }
edge: { sourcename: "aip__udp__udp_input" targetname: "aip__buffers__buffer_alloc" label: "/home/mhanuel/Devel/ADA/projects/ada-ipstack/src/core/aip-udp.adb:154:14" }
edge: { sourcename: "aip__udp__udp_input" targetname: "aip__ip__get_next_header" label: "/home/mhanuel/Devel/ADA/projects/ada-ipstack/src/core/aip-udp.adb:146:9" }
edge: { sourcename: "aip__udp__udp_input" targetname: "aip__buffers__buffer_payload" label: "/home/mhanuel/Devel/ADA/projects/ada-ipstack/src/core/aip-udp.adb:145:12" }
node: { title: "aip__udp__udp_new" label: "UDP_NEW\n/home/mhanuel/Devel/ADA/projects/ada-ipstack/src/core/aip-udp.adb:112:4\n24 bytes (static)" }
edge: { sourcename: "aip__udp__udp_new" targetname: "__gnat_rcheck_CE_Invalid_Data" label: "/home/mhanuel/Devel/ADA/projects/ada-ipstack/src/core/aip-udp.adb:120:17" }
edge: { sourcename: "aip__udp__udp_new" targetname: "__gnat_rcheck_CE_Index_Check" label: "/home/mhanuel/Devel/ADA/projects/ada-ipstack/src/core/aip-udp.adb:120:10" }
edge: { sourcename: "aip__udp__udp_new" targetname: "__gnat_rcheck_CE_Invalid_Data" label: "/home/mhanuel/Devel/ADA/projects/ada-ipstack/src/core/aip-udp.adb:119:17" }
edge: { sourcename: "aip__udp__udp_new" targetname: "__gnat_rcheck_CE_Index_Check" label: "/home/mhanuel/Devel/ADA/projects/ada-ipstack/src/core/aip-udp.adb:119:10" }
edge: { sourcename: "aip__udp__udp_new" targetname: "aip__pcbs__allocate" label: "/home/mhanuel/Devel/ADA/projects/ada-ipstack/src/core/aip-udp.adb:116:11" }
node: { title: "aip__udp__udp_init" label: "UDP_INIT\n/home/mhanuel/Devel/ADA/projects/ada-ipstack/src/core/aip-udp.adb:95:4\n592 bytes (static)" }
edge: { sourcename: "aip__udp__udp_init" targetname: "memcpy" }
edge: { sourcename: "aip__udp__udp_init" targetname: "memset" }
node: { title: "aip__udp__Tudp_upcb_arrayBIP" label: "TUDP_UPCB_ARRAYBIP\n/home/mhanuel/Devel/ADA/projects/ada-ipstack/src/core/aip-udp.adb:82:4\n16 bytes (static)" }
node: { title: "aip__udp__udp_pcbIP" label: "UDP_PCBIP\n/home/mhanuel/Devel/ADA/projects/ada-ipstack/src/core/aip-udp.adb:70:9\n16 bytes (static)" }
node: { title: "aip__udp__Tudp_callbacksBIP" label: "TUDP_CALLBACKSBIP\n/home/mhanuel/Devel/ADA/projects/ada-ipstack/src/core/aip-udp.adb:68:4\n16 bytes (static)" }
node: { title: "aip__udp__udp_event_tIP" label: "UDP_EVENT_TIP\n/home/mhanuel/Devel/ADA/projects/ada-ipstack/src/core/aip-udp.ads:109:9\n16 bytes (static)" }
}
