edge: { sourcename: "mqtt__mqtt_string_cache__object_ptr_array__Tunbounded_arrayCFD"
  targetname: "-9:mqtt__mqtt_string_cache__object_ptr_array__unbounded_array,mqtt__mqtt_string_cache__object_ptr_array__unbounded_array"
  label: "generic_unbounded_array.ads:64:9 [generic_unbounded_ptr_array.ads:55:4 [mqtt.ads:1033:4]]"
}
class {
  classname: "mqtt__mqtt_string_cache__object_ptr_array__unbounded_array"
  label: "mqtt__mqtt_string_cache__object_ptr_array__unbounded_array\generic_unbounded_array.ads:64:9 [generic_unbounded_ptr_array.ads:55:4 [mqtt.ads:1033:4]]"
  parent: "ada__finalization__limited_controlled"
  virtuals: "2:mqtt__mqtt_string_cache__object_ptr_array__finalize,2:ada__finalization__limited_controlled\n
             -1:mqtt__mqtt_string_cache__object_ptr_array___size__2,-1:ada__finalization__limited_controlled\n
             -9:mqtt__mqtt_string_cache__object_ptr_array__unbounded_arrayDF__2,-9:ada__finalization__limited_controlled\n
             4:mqtt__mqtt_string_cache__object_ptr_array__erase\n
             5:mqtt__mqtt_string_cache__object_ptr_array__fetch\n
             6:mqtt__mqtt_string_cache__object_ptr_array__get\n
             7:mqtt__mqtt_string_cache__object_ptr_array__put"
}
edge: { sourcename: "mqtt__mqtt_string_cache__Tunbounded_ptr_arrayCFD"
  targetname: "-9:mqtt__mqtt_string_cache__unbounded_ptr_array,mqtt__mqtt_string_cache__unbounded_ptr_array"
  label: "generic_unbounded_ptr_array.ads:64:9 [mqtt.ads:1033:4]"
}
class {
  classname: "mqtt__mqtt_string_cache__unbounded_ptr_array"
  label: "mqtt__mqtt_string_cache__unbounded_ptr_array\generic_unbounded_ptr_array.ads:64:9 [mqtt.ads:1033:4]"
  parent: "mqtt__mqtt_string_cache__object_ptr_array__unbounded_array"
  virtuals: "2:mqtt__mqtt_string_cache__finalize,2:mqtt__mqtt_string_cache__object_ptr_array__unbounded_array\n
             -1:mqtt__mqtt_string_cache___size__2,-1:mqtt__mqtt_string_cache__object_ptr_array__unbounded_array\n
             -9:mqtt__mqtt_string_cache__unbounded_ptr_arrayDF__2,-9:mqtt__mqtt_string_cache__object_ptr_array__unbounded_array\n
             4:mqtt__mqtt_string_cache__erase,4:mqtt__mqtt_string_cache__object_ptr_array__unbounded_array\n
             6:mqtt__mqtt_string_cache__get,6:mqtt__mqtt_string_cache__object_ptr_array__unbounded_array\n
             7:mqtt__mqtt_string_cache__put,7:mqtt__mqtt_string_cache__object_ptr_array__unbounded_array"
}
edge: { sourcename: "mqtt__TconnectionCFD"
  targetname: "-9:mqtt__connection,mqtt__connection"
  label: "mqtt.ads:222:9"
}
edge: { sourcename: "mqtt__Ttopic_item_dataCFD"
  targetname: "-9:mqtt__topic_item_data,mqtt__topic_item_data"
  label: "mqtt.ads:1114:9"
}
edge: { sourcename: "mqtt__topic_item_handles__ThandleCFD"
  targetname: "-9:mqtt__topic_item_handles__handle,mqtt__topic_item_handles__handle"
  label: "object-handle.ads:40:9 [mqtt.ads:1121:4]"
}
class {
  classname: "mqtt__topic_item_handles__handle"
  label: "mqtt__topic_item_handles__handle\object-handle.ads:40:9 [mqtt.ads:1121:4]"
  parent: "ada__finalization__controlled"
  virtuals: "1:mqtt__topic_item_handles__adjust__2,1:ada__finalization__controlled\n
             2:mqtt__topic_item_handles__finalize__2,2:ada__finalization__controlled\n
             -1:mqtt__topic_item_handles___size__3,-1:ada__finalization__controlled\n
             -2:mqtt__topic_item_handles__handleSR__2,-2:ada__finalization__controlled\n
             -3:mqtt__topic_item_handles__handleSW__2,-3:ada__finalization__controlled\n
             -4:mqtt__topic_item_handles__handleSI__2,-4:ada__finalization__controlled\n
             -5:mqtt__topic_item_handles__handleSO__2,-5:ada__finalization__controlled\n
             -6:mqtt__topic_item_handles__Oeq,-6:ada__finalization__controlled\n
             -7:mqtt__topic_item_handles___assign__3,-7:ada__finalization__controlled\n
             -8:mqtt__topic_item_handles__handleDA__2,-8:ada__finalization__controlled\n
             -9:mqtt__topic_item_handles__handleDF__2,-9:ada__finalization__controlled\n
             4:mqtt__topic_item_handles__invalidate\n
             5:mqtt__topic_item_handles__is_valid\n
             6:mqtt__topic_item_handles__ptr\n
             7:mqtt__topic_item_handles__ref\n
             8:mqtt__topic_item_handles__set\n
             9:mqtt__topic_item_handles__Olt\n
             10:mqtt__topic_item_handles__Ole\n
             11:mqtt__topic_item_handles__Oge\n
             12:mqtt__topic_item_handles__Ogt\n
             13:mqtt__topic_item_handles__Oeq__2\n
             14:mqtt__topic_item_handles__Oeq__3"
}
edge: { sourcename: "mqtt__Tmessage_objectCFD"
  targetname: "-9:mqtt__message_object,mqtt__message_object"
  label: "mqtt.ads:1131:9"
}
edge: { sourcename: "mqtt__messages_handles__ThandleCFD"
  targetname: "-9:mqtt__messages_handles__handle,mqtt__messages_handles__handle"
  label: "object-handle.ads:40:9 [mqtt.ads:1142:4]"
}
class {
  classname: "mqtt__messages_handles__handle"
  label: "mqtt__messages_handles__handle\object-handle.ads:40:9 [mqtt.ads:1142:4]"
  parent: "ada__finalization__controlled"
  virtuals: "1:mqtt__messages_handles__adjust__2,1:ada__finalization__controlled\n
             2:mqtt__messages_handles__finalize__2,2:ada__finalization__controlled\n
             -1:mqtt__messages_handles___size__3,-1:ada__finalization__controlled\n
             -2:mqtt__messages_handles__handleSR__2,-2:ada__finalization__controlled\n
             -3:mqtt__messages_handles__handleSW__2,-3:ada__finalization__controlled\n
             -4:mqtt__messages_handles__handleSI__2,-4:ada__finalization__controlled\n
             -5:mqtt__messages_handles__handleSO__2,-5:ada__finalization__controlled\n
             -6:mqtt__messages_handles__Oeq,-6:ada__finalization__controlled\n
             -7:mqtt__messages_handles___assign__3,-7:ada__finalization__controlled\n
             -8:mqtt__messages_handles__handleDA__2,-8:ada__finalization__controlled\n
             -9:mqtt__messages_handles__handleDF__2,-9:ada__finalization__controlled\n
             4:mqtt__messages_handles__invalidate\n
             5:mqtt__messages_handles__is_valid\n
             6:mqtt__messages_handles__ptr\n
             7:mqtt__messages_handles__ref\n
             8:mqtt__messages_handles__set\n
             9:mqtt__messages_handles__Olt\n
             10:mqtt__messages_handles__Ole\n
             11:mqtt__messages_handles__Oge\n
             12:mqtt__messages_handles__Ogt\n
             13:mqtt__messages_handles__Oeq__2\n
             14:mqtt__messages_handles__Oeq__3"
}
edge: { sourcename: "mqtt__Ttopic_itemCFD"
  targetname: "-9:mqtt__topic_item,mqtt__topic_item"
  label: "mqtt.ads:1125:9"
}
edge: { sourcename: "mqtt__Tmqtt_messageCFD"
  targetname: "-9:mqtt__mqtt_message,mqtt__mqtt_message"
  label: "mqtt.ads:249:9"
}
edge: { sourcename: "mqtt__Tmqtt_pierCFD"
  targetname: "-9:mqtt__mqtt_pier,mqtt__mqtt_pier"
  label: "mqtt.ads:361:9"
}
class {
  classname: "mqtt__connection"
  label: "mqtt__connection\mqtt.ads:222:9"
  parent: "object__entity"
  virtuals: "-1:mqtt___size__3,-1:object__entity\n
             -9:mqtt__connectionDF__2,-9:object__entity"
}
class {
  classname: "mqtt__mqtt_message"
  label: "mqtt__mqtt_message\mqtt.ads:249:9"
  parent: "mqtt__mqtt_message"
  virtuals: "1:mqtt__compose\n
             2:mqtt__compose__2\n
             3:mqtt__get_message\n
             4:mqtt__get_message__2\n
             5:mqtt__get_topic__2\n
             6:mqtt__set_message\n
             7:mqtt__set_message__2\n
             8:mqtt__set_size\n
             9:mqtt__set_topic\n
             -1:mqtt___size__10\n
             -2:mqtt__mqtt_messageSR\n
             -3:mqtt__mqtt_messageSW\n
             -4:mqtt__mqtt_messageSI\n
             -5:mqtt__mqtt_messageSO\n
             -6:mqtt__Oeq__5\n
             -7:mqtt___assign__7\n
             -8:mqtt__mqtt_messageDA\n
             -9:mqtt__mqtt_messageDF"
}
class {
  classname: "mqtt__mqtt_pier"
  label: "mqtt__mqtt_pier\mqtt.ads:361:9"
  parent: "mqtt__connection"
  virtuals: "2:mqtt__finalize__2,2:mqtt__connection\n
             -1:mqtt___size__11,-1:mqtt__connection\n
             -9:mqtt__mqtt_pierDF__2,-9:mqtt__connection\n
             8:mqtt__get_max_message_size\n
             9:mqtt__get_max_secondary_buffer_size\n
             10:mqtt__get_qos\n
             11:mqtt__get_topic__3\n
             12:mqtt__received\n
             13:mqtt__set_max_message_size\n
             14:mqtt__send_acknowledge\n
             15:mqtt__connect\n
             16:mqtt__disconnect\n
             17:mqtt__is_connected\n
             18:mqtt__send_connect\n
             19:mqtt__send_connect_accepted\n
             20:mqtt__send_connect_rejected\n
             21:mqtt__send_disconnect\n
             22:mqtt__send_ping\n
             23:mqtt__send_ping_response\n
             24:mqtt__send_publish\n
             25:mqtt__send_publish__2\n
             26:mqtt__send_publish__3\n
             27:mqtt__send_subscribe\n
             28:mqtt__send_subscribe__2\n
             29:mqtt__send_subscribe_acknowledgement\n
             30:mqtt__send_unsubscribe\n
             31:mqtt__on_acknowledge\n
             32:mqtt__on_connect\n
             33:mqtt__on_connect_accepted\n
             34:mqtt__on_connect_rejected\n
             35:mqtt__on_disconnect\n
             36:mqtt__on_ping\n
             37:mqtt__on_ping_response\n
             38:mqtt__on_publish\n
             39:mqtt__on_subscribe\n
             40:mqtt__on_subscribe_acknowledgement\n
             41:mqtt__on_unsubscribe\n
             42:mqtt__set_client_ip\n
             43:mqtt__does_mqtt_pier_match\n
             44:mqtt__set_client_cbs\n
             45:mqtt__get_message__3\n
             46:mqtt__get_string\n
             47:mqtt__reset_string\n
             48:mqtt__send\n
             49:mqtt__trace"
}
class {
  classname: "mqtt__topic_item_data"
  label: "mqtt__topic_item_data\mqtt.ads:1114:9"
  parent: "object__entity"
  virtuals: "-1:mqtt___size__5,-1:object__entity\n
             -9:mqtt__topic_item_dataDF__2,-9:object__entity"
}
class {
  classname: "mqtt__topic_item"
  label: "mqtt__topic_item\mqtt.ads:1125:9"
  parent: "mqtt__topic_item_handles__handle"
  virtuals: "-1:mqtt___size__9,-1:mqtt__topic_item_handles__handle\n
             -2:mqtt__topic_itemSR__2,-2:mqtt__topic_item_handles__handle\n
             -3:mqtt__topic_itemSW__2,-3:mqtt__topic_item_handles__handle\n
             -4:mqtt__topic_itemSI__2,-4:mqtt__topic_item_handles__handle\n
             -5:mqtt__topic_itemSO__2,-5:mqtt__topic_item_handles__handle\n
             -6:mqtt__Oeq__4,-6:mqtt__topic_item_handles__handle\n
             -7:mqtt___assign__6,-7:mqtt__topic_item_handles__handle\n
             -8:mqtt__topic_itemDA__2,-8:mqtt__topic_item_handles__handle\n
             -9:mqtt__topic_itemDF__2,-9:mqtt__topic_item_handles__handle\n
             7:mqtt__ref__2,7:mqtt__topic_item_handles__handle"
}
class {
  classname: "mqtt__message_object"
  label: "mqtt__message_object\mqtt.ads:1131:9"
  parent: "object__entity"
  virtuals: "-1:mqtt___size__8,-1:object__entity\n
             -9:mqtt__message_objectDF__2,-9:object__entity"
}
edge: { sourcename: "mqtt__received__do_on_publish"
  targetname: "38:mqtt__mqtt_pier,mqtt__mqtt_pier"
  label: "mqtt.adb:841:10"
}
edge: { sourcename: "mqtt__received__packet_id_received"
  targetname: "31:mqtt__mqtt_pier,mqtt__mqtt_pier"
  label: "mqtt.adb:886:16"
}
edge: { sourcename: "mqtt__received__packet_id_received"
  targetname: "31:mqtt__mqtt_pier,mqtt__mqtt_pier"
  label: "mqtt.adb:893:16"
}
edge: { sourcename: "mqtt__received__packet_id_received"
  targetname: "31:mqtt__mqtt_pier,mqtt__mqtt_pier"
  label: "mqtt.adb:900:16"
}
edge: { sourcename: "mqtt__received__packet_id_received"
  targetname: "31:mqtt__mqtt_pier,mqtt__mqtt_pier"
  label: "mqtt.adb:907:16"
}
edge: { sourcename: "mqtt__received__packet_id_received"
  targetname: "31:mqtt__mqtt_pier,mqtt__mqtt_pier"
  label: "mqtt.adb:943:16"
}
edge: { sourcename: "mqtt__received__string_received"
  targetname: "32:mqtt__mqtt_pier,mqtt__mqtt_pier"
  label: "mqtt.adb:1040:22"
}
edge: { sourcename: "mqtt__received__string_received"
  targetname: "41:mqtt__mqtt_pier,mqtt__mqtt_pier"
  label: "mqtt.adb:1111:19"
}
edge: { sourcename: "mqtt__received"
  targetname: "36:mqtt__mqtt_pier,mqtt__mqtt_pier"
  label: "mqtt.adb:1287:25"
}
edge: { sourcename: "mqtt__received"
  targetname: "37:mqtt__mqtt_pier,mqtt__mqtt_pier"
  label: "mqtt.adb:1296:25"
}
edge: { sourcename: "mqtt__received"
  targetname: "35:mqtt__mqtt_pier,mqtt__mqtt_pier"
  label: "mqtt.adb:1306:25"
}
edge: { sourcename: "mqtt__received"
  targetname: "33:mqtt__mqtt_pier,mqtt__mqtt_pier"
  label: "mqtt.adb:1361:19"
}
edge: { sourcename: "mqtt__received"
  targetname: "34:mqtt__mqtt_pier,mqtt__mqtt_pier"
  label: "mqtt.adb:1368:19"
}
edge: { sourcename: "mqtt__received"
  targetname: "39:mqtt__mqtt_pier,mqtt__mqtt_pier"
  label: "mqtt.adb:1507:19"
}
edge: { sourcename: "mqtt__received"
  targetname: "40:mqtt__mqtt_pier,mqtt__mqtt_pier"
  label: "mqtt.adb:1591:22"
}
edge: { sourcename: "mqtt__send_acknowledge"
  targetname: "48:mqtt__mqtt_pier,mqtt__mqtt_pier"
  label: "mqtt.adb:1728:7"
}
edge: { sourcename: "mqtt__send_connect"
  targetname: "48:mqtt__mqtt_pier,mqtt__mqtt_pier"
  label: "mqtt.adb:1847:10"
}
edge: { sourcename: "mqtt__send_connect_accepted"
  targetname: "48:mqtt__mqtt_pier,mqtt__mqtt_pier"
  label: "mqtt.adb:1864:7"
}
edge: { sourcename: "mqtt__send_connect_rejected"
  targetname: "48:mqtt__mqtt_pier,mqtt__mqtt_pier"
  label: "mqtt.adb:1872:7"
}
edge: { sourcename: "mqtt__send_disconnect"
  targetname: "48:mqtt__mqtt_pier,mqtt__mqtt_pier"
  label: "mqtt.adb:1885:7"
}
edge: { sourcename: "mqtt__send_ping"
  targetname: "48:mqtt__mqtt_pier,mqtt__mqtt_pier"
  label: "mqtt.adb:1892:7"
}
edge: { sourcename: "mqtt__send_ping_response"
  targetname: "48:mqtt__mqtt_pier,mqtt__mqtt_pier"
  label: "mqtt.adb:1899:7"
}
edge: { sourcename: "mqtt__send_publish"
  targetname: "48:mqtt__mqtt_pier,mqtt__mqtt_pier"
  label: "mqtt.adb:1944:10"
}
edge: { sourcename: "mqtt__send_subscribe"
  targetname: "48:mqtt__mqtt_pier,mqtt__mqtt_pier"
  label: "mqtt.adb:2033:10"
}
edge: { sourcename: "mqtt__send_subscribe_acknowledgement"
  targetname: "48:mqtt__mqtt_pier,mqtt__mqtt_pier"
  label: "mqtt.adb:2063:10"
}
edge: { sourcename: "mqtt__send_unsubscribe"
  targetname: "48:mqtt__mqtt_pier,mqtt__mqtt_pier"
  label: "mqtt.adb:2094:10"
}
edge: { sourcename: "mqtt__topic_item_handles__adjust__2"
  targetname: "7:object__entity,mqtt__topic_item_data"
  label: "object-handle.adb:33:10 [mqtt.ads:1121:4]"
}
edge: { sourcename: "mqtt__topic_item_handles__ref"
  targetname: "7:object__entity,mqtt__topic_item_data"
  label: "object-handle.adb:65:10 [mqtt.ads:1121:4]"
}
edge: { sourcename: "mqtt__topic_item_handles__set"
  targetname: "7:object__entity,mqtt__topic_item_data"
  label: "object-handle.adb:96:13 [mqtt.ads:1121:4]"
}
edge: { sourcename: "mqtt__topic_item_handles__Olt"
  targetname: "6:object__entity,mqtt__topic_item_data"
  label: "object-handle.adb:104:14 [mqtt.ads:1121:4]"
}
edge: { sourcename: "mqtt__topic_item_handles__Ole"
  targetname: "5:object__entity,mqtt__topic_item_data"
  label: "object-handle.adb:110:8 [mqtt.ads:1121:4]"
}
edge: { sourcename: "mqtt__topic_item_handles__Ole"
  targetname: "6:object__entity,mqtt__topic_item_data"
  label: "object-handle.adb:112:10 [mqtt.ads:1121:4]"
}
edge: { sourcename: "mqtt__topic_item_handles__Oeq"
  targetname: "5:object__entity,mqtt__topic_item_data"
  label: "object-handle.adb:129:20 [mqtt.ads:1121:4]"
}
edge: { sourcename: "mqtt__topic_item_handles__Oge"
  targetname: "6:object__entity,mqtt__topic_item_data"
  label: "object-handle.adb:136:18 [mqtt.ads:1121:4]"
}
edge: { sourcename: "mqtt__topic_item_handles__Ogt"
  targetname: "5:object__entity,mqtt__topic_item_data"
  label: "object-handle.adb:143:11 [mqtt.ads:1121:4]"
}
edge: { sourcename: "mqtt__topic_item_handles__Ogt"
  targetname: "6:object__entity,mqtt__topic_item_data"
  label: "object-handle.adb:145:13 [mqtt.ads:1121:4]"
}
edge: { sourcename: "mqtt__messages_handles__adjust__2"
  targetname: "7:object__entity,mqtt__message_object"
  label: "object-handle.adb:33:10 [mqtt.ads:1142:4]"
}
edge: { sourcename: "mqtt__messages_handles__ref"
  targetname: "7:object__entity,mqtt__message_object"
  label: "object-handle.adb:65:10 [mqtt.ads:1142:4]"
}
edge: { sourcename: "mqtt__messages_handles__set"
  targetname: "7:object__entity,mqtt__message_object"
  label: "object-handle.adb:96:13 [mqtt.ads:1142:4]"
}
edge: { sourcename: "mqtt__messages_handles__Olt"
  targetname: "6:object__entity,mqtt__message_object"
  label: "object-handle.adb:104:14 [mqtt.ads:1142:4]"
}
edge: { sourcename: "mqtt__messages_handles__Ole"
  targetname: "5:object__entity,mqtt__message_object"
  label: "object-handle.adb:110:8 [mqtt.ads:1142:4]"
}
edge: { sourcename: "mqtt__messages_handles__Ole"
  targetname: "6:object__entity,mqtt__message_object"
  label: "object-handle.adb:112:10 [mqtt.ads:1142:4]"
}
edge: { sourcename: "mqtt__messages_handles__Oeq"
  targetname: "5:object__entity,mqtt__message_object"
  label: "object-handle.adb:129:20 [mqtt.ads:1142:4]"
}
edge: { sourcename: "mqtt__messages_handles__Oge"
  targetname: "6:object__entity,mqtt__message_object"
  label: "object-handle.adb:136:18 [mqtt.ads:1142:4]"
}
edge: { sourcename: "mqtt__messages_handles__Ogt"
  targetname: "5:object__entity,mqtt__message_object"
  label: "object-handle.adb:143:11 [mqtt.ads:1142:4]"
}
edge: { sourcename: "mqtt__messages_handles__Ogt"
  targetname: "6:object__entity,mqtt__message_object"
  label: "object-handle.adb:145:13 [mqtt.ads:1142:4]"
}
graph: { title: "/home/mhanuel/Devel/ADA/projects/ada-ipstack/src/services/mqtt/mqtt.adb"
node: { title: "__aeabi_ldivmod" label: "aeabi_ldivmod\n<built-in>" shape : ellipse }
node: { title: "_Unwind_Resume" label: "builtin_unwind_resume\n<built-in>" shape : ellipse }
node: { title: "system__finalization_masters__set_finalize_address" label: "Set_Finalize_Address\n/usr/local/gnat/arm-eabi/lib/gnat/ravenscar-full-stm32f769disco/gnat/s-finmas.ads:126:14" shape : ellipse }
node: { title: "system__finalization_masters__set_base_pool" label: "Set_Base_Pool\n/usr/local/gnat/arm-eabi/lib/gnat/ravenscar-full-stm32f769disco/gnat/s-finmas.ads:201:14" shape : ellipse }
node: { title: "system__finalization_masters__initialize__2" label: "Initialize\n/usr/local/gnat/arm-eabi/lib/gnat/ravenscar-full-stm32f769disco/gnat/s-finmas.ads:198:25" shape : ellipse }
node: { title: "system__finalization_masters__finalization_masterIP" label: "Finalization_Masterip\n/usr/local/gnat/arm-eabi/lib/gnat/ravenscar-full-stm32f769disco/gnat/s-finmas.ads:161:9" shape : ellipse }
node: { title: "ada__tags__register_tag" label: "Register_Tag\n/usr/local/gnat/arm-eabi/lib/gnat/ravenscar-full-stm32f769disco/gnat/a-tags.ads:543:14" shape : ellipse }
node: { title: "ada__tags__check_tsd" label: "Check_Tsd\n/usr/local/gnat/arm-eabi/lib/gnat/ravenscar-full-stm32f769disco/gnat/a-tags.ads:456:14" shape : ellipse }
node: { title: "system__storage_pools__subpools__header_size_with_padding" label: "Header_Size_With_Padding\n/usr/local/gnat/arm-eabi/lib/gnat/ravenscar-full-stm32f769disco/gnat/s-stposu.ads:339:13" shape : ellipse }
node: { title: "__gnat_rcheck_SE_Object_Too_Large" label: "gnat_rcheck_SE_Object_Too_Large\n<built-in>" shape : ellipse }
node: { title: "mqtt__clients__mqtt_client_disconnect" label: "MQTT_CLIENT_DISCONNECT\n/home/mhanuel/Devel/ADA/projects/ada-ipstack/src/services/mqtt/mqtt-clients.ads:48:14" shape : ellipse }
node: { title: "mqtt__clients__mqtt_client_connect" label: "MQTT_CLIENT_CONNECT\n/home/mhanuel/Devel/ADA/projects/ada-ipstack/src/services/mqtt/mqtt-clients.ads:41:14" shape : ellipse }
node: { title: "mqtt__clients__mqtt_send" label: "MQTT_SEND\n/home/mhanuel/Devel/ADA/projects/ada-ipstack/src/services/mqtt/mqtt-clients.ads:52:14" shape : ellipse }
node: { title: "aip__buffers__buffer_next" label: "BUFFER_NEXT\n/home/mhanuel/Devel/ADA/projects/ada-ipstack/src/core/aip-buffers.ads:153:13" shape : ellipse }
node: { title: "aip__buffers__buffer_payload" label: "BUFFER_PAYLOAD\n/home/mhanuel/Devel/ADA/projects/ada-ipstack/src/core/aip-buffers.ads:159:13" shape : ellipse }
node: { title: "aip__buffers__buffer_len" label: "BUFFER_LEN\n/home/mhanuel/Devel/ADA/projects/ada-ipstack/src/core/aip-buffers.ads:126:13" shape : ellipse }
node: { title: "aip__buffers__buffer_alloc" label: "BUFFER_ALLOC\n/home/mhanuel/Devel/ADA/projects/ada-ipstack/src/core/aip-buffers.ads:94:14" shape : ellipse }
node: { title: "mqtt__clients__init" label: "INIT\n/home/mhanuel/Devel/ADA/projects/ada-ipstack/src/services/mqtt/mqtt-clients.ads:27:14" shape : ellipse }
node: { title: "system__img_lli__image_long_long_integer" label: "Image_Long_Long_Integer\n/usr/local/gnat/arm-eabi/lib/gnat/ravenscar-full-stm32f769disco/gnat/s-imglli.ads:39:14" shape : ellipse }
node: { title: "__gnat_mulv64" label: "gnat_mulv64\n<built-in>" shape : ellipse }
node: { title: "connection_state_machine__big_endian__unsigneds__put__2" label: "Put\n/home/mhanuel/Devel/ADA/projects/ada-ipstack/src/services/utils/connection_state_machine-big_endian-unsigneds.ads:147:14" shape : ellipse }
node: { title: "__gnat_rcheck_CE_Discriminant_Check" label: "gnat_rcheck_CE_Discriminant_Check\n<built-in>" shape : ellipse }
node: { title: "strings_edit__put" label: "Put\n/home/mhanuel/Devel/ADA/projects/ada-ipstack/src/services/utils/strings_edit.ads:208:14" shape : ellipse }
node: { title: "strings_edit__integers__put" label: "Put\n/home/mhanuel/Devel/ADA/projects/ada-ipstack/src/services/utils/strings_edit-integer_edit.ads:133:14" shape : ellipse }
node: { title: "strings_edit__put__2" label: "Put\n/home/mhanuel/Devel/ADA/projects/ada-ipstack/src/services/utils/strings_edit.ads:235:14" shape : ellipse }
node: { title: "system__secondary_stack__ss_release" label: "Ss_Release\n/usr/local/gnat/arm-eabi/lib/gnat/ravenscar-full-stm32f769disco/gnat/s-secsta.ads:70:14" shape : ellipse }
node: { title: "strings_edit__integers__image" label: "Image\n/home/mhanuel/Devel/ADA/projects/ada-ipstack/src/services/utils/strings_edit-integer_edit.ads:159:13" shape : ellipse }
node: { title: "system__secondary_stack__ss_mark" label: "Ss_Mark\n/usr/local/gnat/arm-eabi/lib/gnat/ravenscar-full-stm32f769disco/gnat/s-secsta.ads:67:13" shape : ellipse }
node: { title: "system__storage_pools__subpools__allocate_any_controlled" label: "Allocate_Any_Controlled\n/usr/local/gnat/arm-eabi/lib/gnat/ravenscar-full-stm32f769disco/gnat/s-stposu.ads:263:14" shape : ellipse }
node: { title: "memmove" label: "builtin_memmove\n<built-in>" shape : ellipse }
node: { title: "strings_edit__utf8__get" label: "Get\n/home/mhanuel/Devel/ADA/projects/ada-ipstack/src/services/utils/strings_edit-utf8.ads:62:14" shape : ellipse }
node: { title: "__gnat_raise_exception" label: "Raise_Exception_Always\n/usr/local/gnat/arm-eabi/lib/gnat/ravenscar-full-stm32f769disco/gnat/a-except.ads:188:14" shape : ellipse }
node: { title: "system__finalization_masters__finalize" label: "Finalize\n/usr/local/gnat/arm-eabi/lib/gnat/ravenscar-full-stm32f769disco/gnat/s-finmas.ads:96:25" shape : ellipse }
node: { title: "ada__tags__unregister_tag" label: "Unregister_Tag\n/usr/local/gnat/arm-eabi/lib/gnat/ravenscar-full-stm32f769disco/gnat/a-tags.ads:575:14" shape : ellipse }
node: { title: "object__initialize" label: "Initialize\n/home/mhanuel/Devel/ADA/projects/ada-ipstack/src/services/utils/object.ads:116:14" shape : ellipse }
node: { title: "__gnat_reraise_zcx" label: "gnat_reraise_zcx\n<built-in>" shape : ellipse }
node: { title: "system__finalization_masters__add_offset_to_address" label: "Add_Offset_To_Address\n/usr/local/gnat/arm-eabi/lib/gnat/ravenscar-full-stm32f769disco/gnat/s-finmas.ads:189:13" shape : ellipse }
node: { title: "__gnat_raise_from_controlled_operation" label: "Raise_From_Controlled_Operation\n/usr/local/gnat/arm-eabi/lib/gnat/ravenscar-full-stm32f769disco/gnat/a-except.ads:215:14" shape : ellipse }
node: { title: "__gnat_set_exception_parameter" label: "gnat_set_exception_parameter\n<built-in>" shape : ellipse }
node: { title: "system__stream_attributes__w_as" label: "W_As\n/usr/local/gnat/arm-eabi/lib/gnat/ravenscar-full-stm32f769disco/gnat/s-stratt.ads:133:14" shape : ellipse }
node: { title: "ada__finalization__controlledSW__2" label: "Controlledsw\n/usr/local/gnat/arm-eabi/lib/gnat/ravenscar-full-stm32f769disco/gnat/a-finali.ads:59:9" shape : ellipse }
node: { title: "system__stream_attributes__i_as" label: "I_As\n/usr/local/gnat/arm-eabi/lib/gnat/ravenscar-full-stm32f769disco/gnat/s-stratt.ads:102:13" shape : ellipse }
node: { title: "ada__finalization__controlledSR__2" label: "Controlledsr\n/usr/local/gnat/arm-eabi/lib/gnat/ravenscar-full-stm32f769disco/gnat/a-finali.ads:59:9" shape : ellipse }
node: { title: "object__finalize" label: "Finalize\n/home/mhanuel/Devel/ADA/projects/ada-ipstack/src/services/utils/object.ads:99:14" shape : ellipse }
node: { title: "object__entityIP" label: "Entityip\n/home/mhanuel/Devel/ADA/projects/ada-ipstack/src/services/utils/object.ads:40:9" shape : ellipse }
node: { title: "ada__finalization__limited_controlledIP" label: "Limited_Controlledip\n/usr/local/gnat/arm-eabi/lib/gnat/ravenscar-full-stm32f769disco/gnat/a-finali.ads:65:9" shape : ellipse }
node: { title: "object__release" label: "Release\n/home/mhanuel/Devel/ADA/projects/ada-ipstack/src/services/utils/object.ads:129:14" shape : ellipse }
node: { title: "__gnat_end_handler" label: "gnat_end_handler\n<built-in>" shape : ellipse }
node: { title: "__gnat_begin_handler" label: "gnat_begin_handler\n<built-in>" shape : ellipse }
node: { title: "__gnat_rcheck_PE_Finalize_Raised_Exception" label: "gnat_rcheck_PE_Finalize_Raised_Exception\n<built-in>" shape : ellipse }
node: { title: "system__secondary_stack__ss_allocate" label: "Ss_Allocate\n/usr/local/gnat/arm-eabi/lib/gnat/ravenscar-full-stm32f769disco/gnat/s-secsta.ads:58:14" shape : ellipse }
node: { title: "ada__finalization__controlledIP" label: "Controlledip\n/usr/local/gnat/arm-eabi/lib/gnat/ravenscar-full-stm32f769disco/gnat/a-finali.ads:59:9" shape : ellipse }
node: { title: "__gnat_rcheck_CE_Invalid_Data" label: "gnat_rcheck_CE_Invalid_Data\n<built-in>" shape : ellipse }
node: { title: "__gnat_rcheck_CE_Length_Check" label: "gnat_rcheck_CE_Length_Check\n<built-in>" shape : ellipse }
node: { title: "memcpy" label: "builtin_memcpy\n<built-in>" shape : ellipse }
node: { title: "__gnat_malloc" label: "gnat_malloc\n<built-in>" shape : ellipse }
node: { title: "__gnat_rcheck_PE_Access_Before_Elaboration" label: "gnat_rcheck_PE_Access_Before_Elaboration\n<built-in>" shape : ellipse }
node: { title: "__gnat_rcheck_CE_Overflow_Check" label: "gnat_rcheck_CE_Overflow_Check\n<built-in>" shape : ellipse }
node: { title: "__gnat_rcheck_CE_Range_Check" label: "gnat_rcheck_CE_Range_Check\n<built-in>" shape : ellipse }
node: { title: "__gnat_rcheck_CE_Explicit_Raise" label: "gnat_rcheck_CE_Explicit_Raise\n<built-in>" shape : ellipse }
node: { title: "__gnat_rcheck_CE_Index_Check" label: "gnat_rcheck_CE_Index_Check\n<built-in>" shape : ellipse }
node: { title: "__gnat_rcheck_CE_Access_Check" label: "gnat_rcheck_CE_Access_Check\n<built-in>" shape : ellipse }
node: { title: "__gnat_free" label: "gnat_free\n<built-in>" shape : ellipse }
node: { title: "/home/mhanuel/Devel/ADA/projects/ada-ipstack/src/services/mqtt/mqtt.adb:_GLOBAL__SZ65_mqtt" label: "SZ65_MQTT\n/home/mhanuel/Devel/ADA/projects/ada-ipstack/src/services/mqtt/mqtt.ads:189:15\n16 bytes (static)" }
node: { title: "/home/mhanuel/Devel/ADA/projects/ada-ipstack/src/services/mqtt/mqtt.adb:_GLOBAL__SZ63_mqtt" label: "SZ63_MQTT\n/home/mhanuel/Devel/ADA/projects/ada-ipstack/src/services/mqtt/mqtt.ads:178:15\n16 bytes (static)" }
node: { title: "/home/mhanuel/Devel/ADA/projects/ada-ipstack/src/services/mqtt/mqtt.adb:_GLOBAL__SZ45_mqtt" label: "SZ45_MQTT\n/home/mhanuel/Devel/ADA/projects/ada-ipstack/src/services/mqtt/mqtt.ads:1138:44\n24 bytes (static)" }
node: { title: "/home/mhanuel/Devel/ADA/projects/ada-ipstack/src/services/mqtt/mqtt.adb:_GLOBAL__SZ44_mqtt" label: "SZ44_MQTT\n/home/mhanuel/Devel/ADA/projects/ada-ipstack/src/services/mqtt/mqtt.ads:1138:44\n32 bytes (static)" }
node: { title: "/home/mhanuel/Devel/ADA/projects/ada-ipstack/src/services/mqtt/mqtt.adb:_GLOBAL__SZ2_mqtt" label: "SZ2_mqtt\n<built-in>\n32 bytes (static)" }
node: { title: "mqtt___elabs" label: "MQTT\n/home/mhanuel/Devel/ADA/projects/ada-ipstack/src/services/mqtt/mqtt.ads:46:1\n8 bytes (static)" }
edge: { sourcename: "mqtt___elabs" targetname: "ada__tags__register_tag" label: "/home/mhanuel/Devel/ADA/projects/ada-ipstack/src/services/mqtt/mqtt.ads:1131:9" }
edge: { sourcename: "mqtt___elabs" targetname: "ada__tags__check_tsd" label: "/home/mhanuel/Devel/ADA/projects/ada-ipstack/src/services/mqtt/mqtt.ads:1131:9" }
edge: { sourcename: "mqtt___elabs" targetname: "ada__tags__register_tag" label: "/home/mhanuel/Devel/ADA/projects/ada-ipstack/src/services/mqtt/mqtt.ads:1125:9" }
edge: { sourcename: "mqtt___elabs" targetname: "ada__tags__check_tsd" label: "/home/mhanuel/Devel/ADA/projects/ada-ipstack/src/services/mqtt/mqtt.ads:1125:9" }
edge: { sourcename: "mqtt___elabs" targetname: "ada__tags__register_tag" label: "/home/mhanuel/Devel/ADA/projects/ada-ipstack/src/services/mqtt/mqtt.ads:1114:9" }
edge: { sourcename: "mqtt___elabs" targetname: "ada__tags__check_tsd" label: "/home/mhanuel/Devel/ADA/projects/ada-ipstack/src/services/mqtt/mqtt.ads:1114:9" }
edge: { sourcename: "mqtt___elabs" targetname: "ada__tags__register_tag" label: "/home/mhanuel/Devel/ADA/projects/ada-ipstack/src/services/mqtt/mqtt.ads:1044:9" }
edge: { sourcename: "mqtt___elabs" targetname: "ada__tags__check_tsd" label: "/home/mhanuel/Devel/ADA/projects/ada-ipstack/src/services/mqtt/mqtt.ads:1044:9" }
edge: { sourcename: "mqtt___elabs" targetname: "ada__tags__register_tag" label: "/home/mhanuel/Devel/ADA/projects/ada-ipstack/src/services/mqtt/mqtt.ads:1152:9" }
edge: { sourcename: "mqtt___elabs" targetname: "ada__tags__check_tsd" label: "/home/mhanuel/Devel/ADA/projects/ada-ipstack/src/services/mqtt/mqtt.ads:1152:9" }
edge: { sourcename: "mqtt___elabs" targetname: "ada__tags__register_tag" label: "/home/mhanuel/Devel/ADA/projects/ada-ipstack/src/services/mqtt/mqtt.ads:960:9" }
edge: { sourcename: "mqtt___elabs" targetname: "ada__tags__check_tsd" label: "/home/mhanuel/Devel/ADA/projects/ada-ipstack/src/services/mqtt/mqtt.ads:960:9" }
edge: { sourcename: "mqtt___elabs" targetname: "system__finalization_masters__set_finalize_address" label: "/home/mhanuel/Devel/ADA/projects/ada-ipstack/src/services/mqtt/mqtt.ads:1064:9" }
edge: { sourcename: "mqtt___elabs" targetname: "system__finalization_masters__set_base_pool" label: "/home/mhanuel/Devel/ADA/projects/ada-ipstack/src/services/mqtt/mqtt.ads:1064:9" }
edge: { sourcename: "mqtt___elabs" targetname: "system__finalization_masters__initialize__2" label: "/home/mhanuel/Devel/ADA/projects/ada-ipstack/src/services/mqtt/mqtt.ads:1064:9" }
edge: { sourcename: "mqtt___elabs" targetname: "system__finalization_masters__finalization_masterIP" label: "/home/mhanuel/Devel/ADA/projects/ada-ipstack/src/services/mqtt/mqtt.ads:1064:9" }
edge: { sourcename: "mqtt___elabs" targetname: "system__finalization_masters__set_finalize_address" label: "/home/mhanuel/Devel/ADA/projects/ada-ipstack/src/services/mqtt/mqtt.ads:223:9" }
edge: { sourcename: "mqtt___elabs" targetname: "system__finalization_masters__set_base_pool" label: "/home/mhanuel/Devel/ADA/projects/ada-ipstack/src/services/mqtt/mqtt.ads:223:9" }
edge: { sourcename: "mqtt___elabs" targetname: "system__finalization_masters__initialize__2" label: "/home/mhanuel/Devel/ADA/projects/ada-ipstack/src/services/mqtt/mqtt.ads:223:9" }
edge: { sourcename: "mqtt___elabs" targetname: "system__finalization_masters__finalization_masterIP" label: "/home/mhanuel/Devel/ADA/projects/ada-ipstack/src/services/mqtt/mqtt.ads:223:9" }
edge: { sourcename: "mqtt___elabs" targetname: "system__secondary_stack__ss_release" label: "/home/mhanuel/Devel/ADA/projects/ada-ipstack/src/services/utils/object-handle.ads:175:4" }
edge: { sourcename: "mqtt___elabs" targetname: "ada__finalization__controlledIP" label: "/home/mhanuel/Devel/ADA/projects/ada-ipstack/src/services/utils/object-handle.ads:176:21" }
edge: { sourcename: "mqtt___elabs" targetname: "system__secondary_stack__ss_mark" label: "/home/mhanuel/Devel/ADA/projects/ada-ipstack/src/services/utils/object-handle.ads:175:4" }
edge: { sourcename: "mqtt___elabs" targetname: "ada__tags__register_tag" label: "/home/mhanuel/Devel/ADA/projects/ada-ipstack/src/services/utils/object-handle.ads:157:9" }
edge: { sourcename: "mqtt___elabs" targetname: "ada__tags__check_tsd" label: "/home/mhanuel/Devel/ADA/projects/ada-ipstack/src/services/utils/object-handle.ads:157:9" }
edge: { sourcename: "mqtt___elabs" targetname: "system__finalization_masters__set_finalize_address" label: "/home/mhanuel/Devel/ADA/projects/ada-ipstack/src/services/mqtt/mqtt.ads:1140:9" }
edge: { sourcename: "mqtt___elabs" targetname: "system__finalization_masters__set_base_pool" label: "/home/mhanuel/Devel/ADA/projects/ada-ipstack/src/services/mqtt/mqtt.ads:1140:9" }
edge: { sourcename: "mqtt___elabs" targetname: "system__finalization_masters__initialize__2" label: "/home/mhanuel/Devel/ADA/projects/ada-ipstack/src/services/mqtt/mqtt.ads:1140:9" }
edge: { sourcename: "mqtt___elabs" targetname: "system__finalization_masters__finalization_masterIP" label: "/home/mhanuel/Devel/ADA/projects/ada-ipstack/src/services/mqtt/mqtt.ads:1140:9" }
edge: { sourcename: "mqtt___elabs" targetname: "system__secondary_stack__ss_release" label: "/home/mhanuel/Devel/ADA/projects/ada-ipstack/src/services/utils/object-handle.ads:175:4" }
edge: { sourcename: "mqtt___elabs" targetname: "ada__finalization__controlledIP" label: "/home/mhanuel/Devel/ADA/projects/ada-ipstack/src/services/utils/object-handle.ads:176:21" }
edge: { sourcename: "mqtt___elabs" targetname: "system__secondary_stack__ss_mark" label: "/home/mhanuel/Devel/ADA/projects/ada-ipstack/src/services/utils/object-handle.ads:175:4" }
edge: { sourcename: "mqtt___elabs" targetname: "ada__tags__register_tag" label: "/home/mhanuel/Devel/ADA/projects/ada-ipstack/src/services/utils/object-handle.ads:157:9" }
edge: { sourcename: "mqtt___elabs" targetname: "ada__tags__check_tsd" label: "/home/mhanuel/Devel/ADA/projects/ada-ipstack/src/services/utils/object-handle.ads:157:9" }
edge: { sourcename: "mqtt___elabs" targetname: "system__finalization_masters__set_finalize_address" label: "/home/mhanuel/Devel/ADA/projects/ada-ipstack/src/services/mqtt/mqtt.ads:1119:9" }
edge: { sourcename: "mqtt___elabs" targetname: "system__finalization_masters__set_base_pool" label: "/home/mhanuel/Devel/ADA/projects/ada-ipstack/src/services/mqtt/mqtt.ads:1119:9" }
edge: { sourcename: "mqtt___elabs" targetname: "system__finalization_masters__initialize__2" label: "/home/mhanuel/Devel/ADA/projects/ada-ipstack/src/services/mqtt/mqtt.ads:1119:9" }
edge: { sourcename: "mqtt___elabs" targetname: "system__finalization_masters__finalization_masterIP" label: "/home/mhanuel/Devel/ADA/projects/ada-ipstack/src/services/mqtt/mqtt.ads:1119:9" }
edge: { sourcename: "mqtt___elabs" targetname: "ada__tags__register_tag" label: "/home/mhanuel/Devel/ADA/projects/ada-ipstack/src/services/utils/generic_unbounded_ptr_array.ads:64:9" }
edge: { sourcename: "mqtt___elabs" targetname: "ada__tags__check_tsd" label: "/home/mhanuel/Devel/ADA/projects/ada-ipstack/src/services/utils/generic_unbounded_ptr_array.ads:64:9" }
edge: { sourcename: "mqtt___elabs" targetname: "ada__tags__register_tag" label: "/home/mhanuel/Devel/ADA/projects/ada-ipstack/src/services/utils/generic_unbounded_array.ads:64:9" }
edge: { sourcename: "mqtt___elabs" targetname: "ada__tags__check_tsd" label: "/home/mhanuel/Devel/ADA/projects/ada-ipstack/src/services/utils/generic_unbounded_array.ads:64:9" }
node: { title: "mqtt___elabb" label: "MQTT\n/home/mhanuel/Devel/ADA/projects/ada-ipstack/src/services/mqtt/mqtt.adb:41:1\n4 bytes (static)" }
node: { title: "mqtt__set_client_cbs" label: "SET_CLIENT_CBS\n/home/mhanuel/Devel/ADA/projects/ada-ipstack/src/services/mqtt/mqtt.adb:2301:4\n24 bytes (static)" }
edge: { sourcename: "mqtt__set_client_cbs" targetname: "__gnat_rcheck_PE_Access_Before_Elaboration" label: "/home/mhanuel/Devel/ADA/projects/ada-ipstack/src/services/mqtt/mqtt.adb:2301:4" }
node: { title: "mqtt__does_mqtt_pier_match" label: "DOES_MQTT_PIER_MATCH\n/home/mhanuel/Devel/ADA/projects/ada-ipstack/src/services/mqtt/mqtt.adb:2293:4\n16 bytes (static)" }
edge: { sourcename: "mqtt__does_mqtt_pier_match" targetname: "__gnat_rcheck_CE_Access_Check" label: "/home/mhanuel/Devel/ADA/projects/ada-ipstack/src/services/mqtt/mqtt.adb:2298:29" }
edge: { sourcename: "mqtt__does_mqtt_pier_match" targetname: "__gnat_rcheck_PE_Access_Before_Elaboration" label: "/home/mhanuel/Devel/ADA/projects/ada-ipstack/src/services/mqtt/mqtt.adb:2293:4" }
node: { title: "mqtt__set_client_ip" label: "SET_CLIENT_IP\n/home/mhanuel/Devel/ADA/projects/ada-ipstack/src/services/mqtt/mqtt.adb:2285:4\n16 bytes (static)" }
edge: { sourcename: "mqtt__set_client_ip" targetname: "__gnat_rcheck_PE_Access_Before_Elaboration" label: "/home/mhanuel/Devel/ADA/projects/ada-ipstack/src/services/mqtt/mqtt.adb:2285:4" }
node: { title: "/home/mhanuel/Devel/ADA/projects/ada-ipstack/src/services/mqtt/mqtt.adb:mqtt__Odivide__P1176b.12527" label: "P1176B\n/home/mhanuel/Devel/ADA/projects/ada-ipstack/src/services/mqtt/mqtt.adb:2279:17\n40 bytes (static)" }
edge: { sourcename: "/home/mhanuel/Devel/ADA/projects/ada-ipstack/src/services/mqtt/mqtt.adb:mqtt__Odivide__P1176b.12527" targetname: "system__storage_pools__subpools__allocate_any_controlled" label: "/home/mhanuel/Devel/ADA/projects/ada-ipstack/src/services/mqtt/mqtt.adb:2279:17" }
node: { title: "/home/mhanuel/Devel/ADA/projects/ada-ipstack/src/services/mqtt/mqtt.adb:mqtt__Odivide__P1162b.12503" label: "P1162B\n/home/mhanuel/Devel/ADA/projects/ada-ipstack/src/services/mqtt/mqtt.adb:2276:17\n40 bytes (static)" }
edge: { sourcename: "/home/mhanuel/Devel/ADA/projects/ada-ipstack/src/services/mqtt/mqtt.adb:mqtt__Odivide__P1162b.12503" targetname: "system__storage_pools__subpools__allocate_any_controlled" label: "/home/mhanuel/Devel/ADA/projects/ada-ipstack/src/services/mqtt/mqtt.adb:2276:17" }
node: { title: "mqtt__Odivide" label: "/\n/home/mhanuel/Devel/ADA/projects/ada-ipstack/src/services/mqtt/mqtt.adb:2272:4\n152 bytes (static)" }
edge: { sourcename: "mqtt__Odivide" targetname: "_Unwind_Resume" }
edge: { sourcename: "mqtt__Odivide" targetname: "__gnat_end_handler" label: "/home/mhanuel/Devel/ADA/projects/ada-ipstack/src/services/mqtt/mqtt.adb:2274:0" }
edge: { sourcename: "mqtt__Odivide" targetname: "__gnat_reraise_zcx" label: "/home/mhanuel/Devel/ADA/projects/ada-ipstack/src/services/mqtt/mqtt.adb:2274:7" }
edge: { sourcename: "mqtt__Odivide" targetname: "mqtt__topics_listDF" label: "/home/mhanuel/Devel/ADA/projects/ada-ipstack/src/services/mqtt/mqtt.adb:2274:7" }
edge: { sourcename: "mqtt__Odivide" targetname: "__gnat_begin_handler" label: "/home/mhanuel/Devel/ADA/projects/ada-ipstack/src/services/mqtt/mqtt.adb:2274:7" }
edge: { sourcename: "mqtt__Odivide" targetname: "/home/mhanuel/Devel/ADA/projects/ada-ipstack/src/services/mqtt/mqtt.adb:mqtt__Odivide___finalizer.12469" label: "/home/mhanuel/Devel/ADA/projects/ada-ipstack/src/services/mqtt/mqtt.adb:2283:0" }
edge: { sourcename: "mqtt__Odivide" targetname: "mqtt__topics_listDA" label: "/home/mhanuel/Devel/ADA/projects/ada-ipstack/src/services/mqtt/mqtt.adb:2282:7" }
edge: { sourcename: "mqtt__Odivide" targetname: "system__secondary_stack__ss_allocate" label: "/home/mhanuel/Devel/ADA/projects/ada-ipstack/src/services/mqtt/mqtt.adb:2282:7" }
edge: { sourcename: "mqtt__Odivide" targetname: "__gnat_rcheck_SE_Object_Too_Large" label: "/home/mhanuel/Devel/ADA/projects/ada-ipstack/src/services/mqtt/mqtt.adb:2282:7" }
edge: { sourcename: "mqtt__Odivide" targetname: "__gnat_rcheck_CE_Overflow_Check" label: "/home/mhanuel/Devel/ADA/projects/ada-ipstack/src/services/mqtt/mqtt.adb:2282:7" }
edge: { sourcename: "mqtt__Odivide" targetname: "system__storage_pools__subpools__header_size_with_padding" label: "/home/mhanuel/Devel/ADA/projects/ada-ipstack/src/services/mqtt/mqtt.adb:2282:7" }
edge: { sourcename: "mqtt__Odivide" targetname: "mqtt__topic_item_handles__set" label: "/home/mhanuel/Devel/ADA/projects/ada-ipstack/src/services/mqtt/mqtt.adb:2281:7" }
edge: { sourcename: "mqtt__Odivide" targetname: "memmove" label: "/home/mhanuel/Devel/ADA/projects/ada-ipstack/src/services/mqtt/mqtt.adb:2280:20" }
edge: { sourcename: "mqtt__Odivide" targetname: "__gnat_rcheck_CE_Length_Check" label: "/home/mhanuel/Devel/ADA/projects/ada-ipstack/src/services/mqtt/mqtt.adb:2280:23" }
edge: { sourcename: "mqtt__Odivide" targetname: "object__initialize" label: "/home/mhanuel/Devel/ADA/projects/ada-ipstack/src/services/mqtt/mqtt.adb:2279:17" }
edge: { sourcename: "mqtt__Odivide" targetname: "mqtt__topic_item_dataIP" label: "/home/mhanuel/Devel/ADA/projects/ada-ipstack/src/services/mqtt/mqtt.adb:2279:17" }
edge: { sourcename: "mqtt__Odivide" targetname: "__gnat_rcheck_CE_Overflow_Check" label: "/home/mhanuel/Devel/ADA/projects/ada-ipstack/src/services/mqtt/mqtt.adb:2279:17" }
edge: { sourcename: "mqtt__Odivide" targetname: "/home/mhanuel/Devel/ADA/projects/ada-ipstack/src/services/mqtt/mqtt.adb:mqtt__Odivide__P1176b.12527" label: "/home/mhanuel/Devel/ADA/projects/ada-ipstack/src/services/mqtt/mqtt.adb:2279:17" }
edge: { sourcename: "mqtt__Odivide" targetname: "__gnat_rcheck_CE_Overflow_Check" label: "/home/mhanuel/Devel/ADA/projects/ada-ipstack/src/services/mqtt/mqtt.adb:2279:43" }
edge: { sourcename: "mqtt__Odivide" targetname: "__gnat_rcheck_CE_Overflow_Check" label: "/home/mhanuel/Devel/ADA/projects/ada-ipstack/src/services/mqtt/mqtt.adb:2279:43" }
edge: { sourcename: "mqtt__Odivide" targetname: "mqtt__topic_item_handles__set" label: "/home/mhanuel/Devel/ADA/projects/ada-ipstack/src/services/mqtt/mqtt.adb:2278:7" }
edge: { sourcename: "mqtt__Odivide" targetname: "memmove" label: "/home/mhanuel/Devel/ADA/projects/ada-ipstack/src/services/mqtt/mqtt.adb:2277:20" }
edge: { sourcename: "mqtt__Odivide" targetname: "__gnat_rcheck_CE_Length_Check" label: "/home/mhanuel/Devel/ADA/projects/ada-ipstack/src/services/mqtt/mqtt.adb:2277:23" }
edge: { sourcename: "mqtt__Odivide" targetname: "object__initialize" label: "/home/mhanuel/Devel/ADA/projects/ada-ipstack/src/services/mqtt/mqtt.adb:2276:17" }
edge: { sourcename: "mqtt__Odivide" targetname: "mqtt__topic_item_dataIP" label: "/home/mhanuel/Devel/ADA/projects/ada-ipstack/src/services/mqtt/mqtt.adb:2276:17" }
edge: { sourcename: "mqtt__Odivide" targetname: "__gnat_rcheck_CE_Overflow_Check" label: "/home/mhanuel/Devel/ADA/projects/ada-ipstack/src/services/mqtt/mqtt.adb:2276:17" }
edge: { sourcename: "mqtt__Odivide" targetname: "/home/mhanuel/Devel/ADA/projects/ada-ipstack/src/services/mqtt/mqtt.adb:mqtt__Odivide__P1162b.12503" label: "/home/mhanuel/Devel/ADA/projects/ada-ipstack/src/services/mqtt/mqtt.adb:2276:17" }
edge: { sourcename: "mqtt__Odivide" targetname: "__gnat_rcheck_CE_Overflow_Check" label: "/home/mhanuel/Devel/ADA/projects/ada-ipstack/src/services/mqtt/mqtt.adb:2276:42" }
edge: { sourcename: "mqtt__Odivide" targetname: "__gnat_rcheck_CE_Overflow_Check" label: "/home/mhanuel/Devel/ADA/projects/ada-ipstack/src/services/mqtt/mqtt.adb:2276:42" }
edge: { sourcename: "mqtt__Odivide" targetname: "mqtt__topics_listDI" label: "/home/mhanuel/Devel/ADA/projects/ada-ipstack/src/services/mqtt/mqtt.adb:2274:7" }
edge: { sourcename: "mqtt__Odivide" targetname: "mqtt__topics_listIP" label: "/home/mhanuel/Devel/ADA/projects/ada-ipstack/src/services/mqtt/mqtt.adb:2274:7" }
node: { title: "/home/mhanuel/Devel/ADA/projects/ada-ipstack/src/services/mqtt/mqtt.adb:mqtt__Odivide___finalizer.12469" label: "/\n/home/mhanuel/Devel/ADA/projects/ada-ipstack/src/services/mqtt/mqtt.adb:2272:4\n32 bytes (static)" }
edge: { sourcename: "/home/mhanuel/Devel/ADA/projects/ada-ipstack/src/services/mqtt/mqtt.adb:mqtt__Odivide___finalizer.12469" targetname: "__gnat_end_handler" label: "/home/mhanuel/Devel/ADA/projects/ada-ipstack/src/services/mqtt/mqtt.adb:2272:4" }
edge: { sourcename: "/home/mhanuel/Devel/ADA/projects/ada-ipstack/src/services/mqtt/mqtt.adb:mqtt__Odivide___finalizer.12469" targetname: "__gnat_begin_handler" label: "/home/mhanuel/Devel/ADA/projects/ada-ipstack/src/services/mqtt/mqtt.adb:2272:4" }
edge: { sourcename: "/home/mhanuel/Devel/ADA/projects/ada-ipstack/src/services/mqtt/mqtt.adb:mqtt__Odivide___finalizer.12469" targetname: "_Unwind_Resume" }
edge: { sourcename: "/home/mhanuel/Devel/ADA/projects/ada-ipstack/src/services/mqtt/mqtt.adb:mqtt__Odivide___finalizer.12469" targetname: "__gnat_rcheck_PE_Finalize_Raised_Exception" label: "/home/mhanuel/Devel/ADA/projects/ada-ipstack/src/services/mqtt/mqtt.adb:2272:4" }
edge: { sourcename: "/home/mhanuel/Devel/ADA/projects/ada-ipstack/src/services/mqtt/mqtt.adb:mqtt__Odivide___finalizer.12469" targetname: "mqtt__topics_listDF" label: "/home/mhanuel/Devel/ADA/projects/ada-ipstack/src/services/mqtt/mqtt.adb:2274:7" }
node: { title: "/home/mhanuel/Devel/ADA/projects/ada-ipstack/src/services/mqtt/mqtt.adb:mqtt__Odivide___finalizer__2.12408" label: "/\n/home/mhanuel/Devel/ADA/projects/ada-ipstack/src/services/mqtt/mqtt.adb:2260:4\n40 bytes (static)" }
edge: { sourcename: "/home/mhanuel/Devel/ADA/projects/ada-ipstack/src/services/mqtt/mqtt.adb:mqtt__Odivide___finalizer__2.12408" targetname: "__gnat_end_handler" label: "/home/mhanuel/Devel/ADA/projects/ada-ipstack/src/services/mqtt/mqtt.adb:2260:4" }
edge: { sourcename: "/home/mhanuel/Devel/ADA/projects/ada-ipstack/src/services/mqtt/mqtt.adb:mqtt__Odivide___finalizer__2.12408" targetname: "__gnat_begin_handler" label: "/home/mhanuel/Devel/ADA/projects/ada-ipstack/src/services/mqtt/mqtt.adb:2260:4" }
edge: { sourcename: "/home/mhanuel/Devel/ADA/projects/ada-ipstack/src/services/mqtt/mqtt.adb:mqtt__Odivide___finalizer__2.12408" targetname: "_Unwind_Resume" }
edge: { sourcename: "/home/mhanuel/Devel/ADA/projects/ada-ipstack/src/services/mqtt/mqtt.adb:mqtt__Odivide___finalizer__2.12408" targetname: "__gnat_rcheck_PE_Finalize_Raised_Exception" label: "/home/mhanuel/Devel/ADA/projects/ada-ipstack/src/services/mqtt/mqtt.adb:2260:4" }
edge: { sourcename: "/home/mhanuel/Devel/ADA/projects/ada-ipstack/src/services/mqtt/mqtt.adb:mqtt__Odivide___finalizer__2.12408" targetname: "mqtt__topics_listDF" label: "/home/mhanuel/Devel/ADA/projects/ada-ipstack/src/services/mqtt/mqtt.adb:2264:7" }
node: { title: "mqtt__Odivide__2" label: "/\n/home/mhanuel/Devel/ADA/projects/ada-ipstack/src/services/mqtt/mqtt.adb:2260:4\n216 bytes (dynamic)" }
edge: { sourcename: "mqtt__Odivide__2" targetname: "_Unwind_Resume" }
edge: { sourcename: "mqtt__Odivide__2" targetname: "__gnat_end_handler" label: "/home/mhanuel/Devel/ADA/projects/ada-ipstack/src/services/mqtt/mqtt.adb:2264:0" }
edge: { sourcename: "mqtt__Odivide__2" targetname: "__gnat_reraise_zcx" label: "/home/mhanuel/Devel/ADA/projects/ada-ipstack/src/services/mqtt/mqtt.adb:2264:7" }
edge: { sourcename: "mqtt__Odivide__2" targetname: "mqtt__topics_listDF" label: "/home/mhanuel/Devel/ADA/projects/ada-ipstack/src/services/mqtt/mqtt.adb:2264:7" }
edge: { sourcename: "mqtt__Odivide__2" targetname: "__gnat_begin_handler" label: "/home/mhanuel/Devel/ADA/projects/ada-ipstack/src/services/mqtt/mqtt.adb:2264:7" }
edge: { sourcename: "mqtt__Odivide__2" targetname: "/home/mhanuel/Devel/ADA/projects/ada-ipstack/src/services/mqtt/mqtt.adb:mqtt__Odivide___finalizer__2.12408" label: "/home/mhanuel/Devel/ADA/projects/ada-ipstack/src/services/mqtt/mqtt.adb:2270:0" }
edge: { sourcename: "mqtt__Odivide__2" targetname: "mqtt__topics_listDA" label: "/home/mhanuel/Devel/ADA/projects/ada-ipstack/src/services/mqtt/mqtt.adb:2269:7" }
edge: { sourcename: "mqtt__Odivide__2" targetname: "memcpy" }
edge: { sourcename: "mqtt__Odivide__2" targetname: "system__secondary_stack__ss_allocate" label: "/home/mhanuel/Devel/ADA/projects/ada-ipstack/src/services/mqtt/mqtt.adb:2269:7" }
edge: { sourcename: "mqtt__Odivide__2" targetname: "__gnat_rcheck_SE_Object_Too_Large" label: "/home/mhanuel/Devel/ADA/projects/ada-ipstack/src/services/mqtt/mqtt.adb:2269:7" }
edge: { sourcename: "mqtt__Odivide__2" targetname: "__gnat_mulv64" label: "/home/mhanuel/Devel/ADA/projects/ada-ipstack/src/services/mqtt/mqtt.adb:2269:7" }
edge: { sourcename: "mqtt__Odivide__2" targetname: "system__storage_pools__subpools__header_size_with_padding" label: "/home/mhanuel/Devel/ADA/projects/ada-ipstack/src/services/mqtt/mqtt.adb:2269:7" }
edge: { sourcename: "mqtt__Odivide__2" targetname: "mqtt__topics_listSA" label: "/home/mhanuel/Devel/ADA/projects/ada-ipstack/src/services/mqtt/mqtt.adb:2268:33" }
edge: { sourcename: "mqtt__Odivide__2" targetname: "__gnat_rcheck_CE_Overflow_Check" label: "/home/mhanuel/Devel/ADA/projects/ada-ipstack/src/services/mqtt/mqtt.adb:2268:33" }
edge: { sourcename: "mqtt__Odivide__2" targetname: "__gnat_rcheck_CE_Length_Check" label: "/home/mhanuel/Devel/ADA/projects/ada-ipstack/src/services/mqtt/mqtt.adb:2268:36" }
edge: { sourcename: "mqtt__Odivide__2" targetname: "__gnat_rcheck_CE_Overflow_Check" label: "/home/mhanuel/Devel/ADA/projects/ada-ipstack/src/services/mqtt/mqtt.adb:2268:24" }
edge: { sourcename: "mqtt__Odivide__2" targetname: "__gnat_rcheck_CE_Range_Check" label: "/home/mhanuel/Devel/ADA/projects/ada-ipstack/src/services/mqtt/mqtt.adb:2268:17" }
edge: { sourcename: "mqtt__Odivide__2" targetname: "memmove" label: "/home/mhanuel/Devel/ADA/projects/ada-ipstack/src/services/mqtt/mqtt.adb:2267:20" }
edge: { sourcename: "mqtt__Odivide__2" targetname: "__gnat_rcheck_CE_Length_Check" label: "/home/mhanuel/Devel/ADA/projects/ada-ipstack/src/services/mqtt/mqtt.adb:2267:23" }
edge: { sourcename: "mqtt__Odivide__2" targetname: "mqtt__topic_item_handles__set" label: "/home/mhanuel/Devel/ADA/projects/ada-ipstack/src/services/mqtt/mqtt.adb:2266:7" }
edge: { sourcename: "mqtt__Odivide__2" targetname: "__gnat_rcheck_CE_Index_Check" label: "/home/mhanuel/Devel/ADA/projects/ada-ipstack/src/services/mqtt/mqtt.adb:2266:12" }
edge: { sourcename: "mqtt__Odivide__2" targetname: "__gnat_rcheck_CE_Overflow_Check" label: "/home/mhanuel/Devel/ADA/projects/ada-ipstack/src/services/mqtt/mqtt.adb:2266:32" }
edge: { sourcename: "mqtt__Odivide__2" targetname: "__gnat_rcheck_CE_Overflow_Check" label: "/home/mhanuel/Devel/ADA/projects/ada-ipstack/src/services/mqtt/mqtt.adb:2266:24" }
edge: { sourcename: "mqtt__Odivide__2" targetname: "mqtt__topics_listDI" label: "/home/mhanuel/Devel/ADA/projects/ada-ipstack/src/services/mqtt/mqtt.adb:2264:7" }
edge: { sourcename: "mqtt__Odivide__2" targetname: "mqtt__topics_listIP" label: "/home/mhanuel/Devel/ADA/projects/ada-ipstack/src/services/mqtt/mqtt.adb:2264:7" }
edge: { sourcename: "mqtt__Odivide__2" targetname: "__gnat_rcheck_CE_Overflow_Check" label: "/home/mhanuel/Devel/ADA/projects/ada-ipstack/src/services/mqtt/mqtt.adb:2264:46" }
edge: { sourcename: "mqtt__Odivide__2" targetname: "__gnat_rcheck_CE_Overflow_Check" label: "/home/mhanuel/Devel/ADA/projects/ada-ipstack/src/services/mqtt/mqtt.adb:2264:38" }
edge: { sourcename: "mqtt__Odivide__2" targetname: "object__initialize" label: "/home/mhanuel/Devel/ADA/projects/ada-ipstack/src/services/mqtt/mqtt.adb:2263:25" }
edge: { sourcename: "mqtt__Odivide__2" targetname: "mqtt__topic_item_dataIP" label: "/home/mhanuel/Devel/ADA/projects/ada-ipstack/src/services/mqtt/mqtt.adb:2263:25" }
edge: { sourcename: "mqtt__Odivide__2" targetname: "__gnat_rcheck_CE_Overflow_Check" label: "/home/mhanuel/Devel/ADA/projects/ada-ipstack/src/services/mqtt/mqtt.adb:2263:25" }
edge: { sourcename: "mqtt__Odivide__2" targetname: "/home/mhanuel/Devel/ADA/projects/ada-ipstack/src/services/mqtt/mqtt.adb:mqtt__Odivide__P1132b__2.12431" label: "/home/mhanuel/Devel/ADA/projects/ada-ipstack/src/services/mqtt/mqtt.adb:2263:25" }
edge: { sourcename: "mqtt__Odivide__2" targetname: "__gnat_rcheck_CE_Overflow_Check" label: "/home/mhanuel/Devel/ADA/projects/ada-ipstack/src/services/mqtt/mqtt.adb:2263:50" }
edge: { sourcename: "mqtt__Odivide__2" targetname: "__gnat_rcheck_CE_Overflow_Check" label: "/home/mhanuel/Devel/ADA/projects/ada-ipstack/src/services/mqtt/mqtt.adb:2263:50" }
node: { title: "/home/mhanuel/Devel/ADA/projects/ada-ipstack/src/services/mqtt/mqtt.adb:mqtt__Odivide__P1132b__2.12431" label: "P1132B\n/home/mhanuel/Devel/ADA/projects/ada-ipstack/src/services/mqtt/mqtt.adb:2263:25\n40 bytes (static)" }
edge: { sourcename: "/home/mhanuel/Devel/ADA/projects/ada-ipstack/src/services/mqtt/mqtt.adb:mqtt__Odivide__P1132b__2.12431" targetname: "system__storage_pools__subpools__allocate_any_controlled" label: "/home/mhanuel/Devel/ADA/projects/ada-ipstack/src/services/mqtt/mqtt.adb:2263:25" }
node: { title: "/home/mhanuel/Devel/ADA/projects/ada-ipstack/src/services/mqtt/mqtt.adb:mqtt__Oadd___finalizer__2.12356" label: "+\n/home/mhanuel/Devel/ADA/projects/ada-ipstack/src/services/mqtt/mqtt.adb:2250:4\n32 bytes (static)" }
edge: { sourcename: "/home/mhanuel/Devel/ADA/projects/ada-ipstack/src/services/mqtt/mqtt.adb:mqtt__Oadd___finalizer__2.12356" targetname: "__gnat_end_handler" label: "/home/mhanuel/Devel/ADA/projects/ada-ipstack/src/services/mqtt/mqtt.adb:2250:4" }
edge: { sourcename: "/home/mhanuel/Devel/ADA/projects/ada-ipstack/src/services/mqtt/mqtt.adb:mqtt__Oadd___finalizer__2.12356" targetname: "__gnat_begin_handler" label: "/home/mhanuel/Devel/ADA/projects/ada-ipstack/src/services/mqtt/mqtt.adb:2250:4" }
edge: { sourcename: "/home/mhanuel/Devel/ADA/projects/ada-ipstack/src/services/mqtt/mqtt.adb:mqtt__Oadd___finalizer__2.12356" targetname: "_Unwind_Resume" }
edge: { sourcename: "/home/mhanuel/Devel/ADA/projects/ada-ipstack/src/services/mqtt/mqtt.adb:mqtt__Oadd___finalizer__2.12356" targetname: "__gnat_rcheck_PE_Finalize_Raised_Exception" label: "/home/mhanuel/Devel/ADA/projects/ada-ipstack/src/services/mqtt/mqtt.adb:2250:4" }
edge: { sourcename: "/home/mhanuel/Devel/ADA/projects/ada-ipstack/src/services/mqtt/mqtt.adb:mqtt__Oadd___finalizer__2.12356" targetname: "mqtt__topics_listDF" label: "/home/mhanuel/Devel/ADA/projects/ada-ipstack/src/services/mqtt/mqtt.adb:2253:7" }
node: { title: "mqtt__Oadd__2" label: "+\n/home/mhanuel/Devel/ADA/projects/ada-ipstack/src/services/mqtt/mqtt.adb:2250:4\n120 bytes (static)" }
edge: { sourcename: "mqtt__Oadd__2" targetname: "_Unwind_Resume" }
edge: { sourcename: "mqtt__Oadd__2" targetname: "__gnat_end_handler" label: "/home/mhanuel/Devel/ADA/projects/ada-ipstack/src/services/mqtt/mqtt.adb:2253:0" }
edge: { sourcename: "mqtt__Oadd__2" targetname: "__gnat_reraise_zcx" label: "/home/mhanuel/Devel/ADA/projects/ada-ipstack/src/services/mqtt/mqtt.adb:2253:7" }
edge: { sourcename: "mqtt__Oadd__2" targetname: "mqtt__topics_listDF" label: "/home/mhanuel/Devel/ADA/projects/ada-ipstack/src/services/mqtt/mqtt.adb:2253:7" }
edge: { sourcename: "mqtt__Oadd__2" targetname: "__gnat_begin_handler" label: "/home/mhanuel/Devel/ADA/projects/ada-ipstack/src/services/mqtt/mqtt.adb:2253:7" }
edge: { sourcename: "mqtt__Oadd__2" targetname: "/home/mhanuel/Devel/ADA/projects/ada-ipstack/src/services/mqtt/mqtt.adb:mqtt__Oadd___finalizer__2.12356" label: "/home/mhanuel/Devel/ADA/projects/ada-ipstack/src/services/mqtt/mqtt.adb:2258:0" }
edge: { sourcename: "mqtt__Oadd__2" targetname: "mqtt__topics_listDA" label: "/home/mhanuel/Devel/ADA/projects/ada-ipstack/src/services/mqtt/mqtt.adb:2257:7" }
edge: { sourcename: "mqtt__Oadd__2" targetname: "system__secondary_stack__ss_allocate" label: "/home/mhanuel/Devel/ADA/projects/ada-ipstack/src/services/mqtt/mqtt.adb:2257:7" }
edge: { sourcename: "mqtt__Oadd__2" targetname: "system__storage_pools__subpools__header_size_with_padding" label: "/home/mhanuel/Devel/ADA/projects/ada-ipstack/src/services/mqtt/mqtt.adb:2257:7" }
edge: { sourcename: "mqtt__Oadd__2" targetname: "memmove" label: "/home/mhanuel/Devel/ADA/projects/ada-ipstack/src/services/mqtt/mqtt.adb:2256:20" }
edge: { sourcename: "mqtt__Oadd__2" targetname: "__gnat_rcheck_CE_Length_Check" label: "/home/mhanuel/Devel/ADA/projects/ada-ipstack/src/services/mqtt/mqtt.adb:2256:23" }
edge: { sourcename: "mqtt__Oadd__2" targetname: "mqtt__topic_item_handles__set" label: "/home/mhanuel/Devel/ADA/projects/ada-ipstack/src/services/mqtt/mqtt.adb:2255:7" }
edge: { sourcename: "mqtt__Oadd__2" targetname: "mqtt__topics_listDI" label: "/home/mhanuel/Devel/ADA/projects/ada-ipstack/src/services/mqtt/mqtt.adb:2253:7" }
edge: { sourcename: "mqtt__Oadd__2" targetname: "mqtt__topics_listIP" label: "/home/mhanuel/Devel/ADA/projects/ada-ipstack/src/services/mqtt/mqtt.adb:2253:7" }
edge: { sourcename: "mqtt__Oadd__2" targetname: "object__initialize" label: "/home/mhanuel/Devel/ADA/projects/ada-ipstack/src/services/mqtt/mqtt.adb:2252:25" }
edge: { sourcename: "mqtt__Oadd__2" targetname: "mqtt__topic_item_dataIP" label: "/home/mhanuel/Devel/ADA/projects/ada-ipstack/src/services/mqtt/mqtt.adb:2252:25" }
edge: { sourcename: "mqtt__Oadd__2" targetname: "__gnat_rcheck_CE_Overflow_Check" label: "/home/mhanuel/Devel/ADA/projects/ada-ipstack/src/services/mqtt/mqtt.adb:2252:25" }
edge: { sourcename: "mqtt__Oadd__2" targetname: "/home/mhanuel/Devel/ADA/projects/ada-ipstack/src/services/mqtt/mqtt.adb:mqtt__Oadd__P1105b__2.12376" label: "/home/mhanuel/Devel/ADA/projects/ada-ipstack/src/services/mqtt/mqtt.adb:2252:25" }
edge: { sourcename: "mqtt__Oadd__2" targetname: "__gnat_rcheck_CE_Overflow_Check" label: "/home/mhanuel/Devel/ADA/projects/ada-ipstack/src/services/mqtt/mqtt.adb:2252:50" }
edge: { sourcename: "mqtt__Oadd__2" targetname: "__gnat_rcheck_CE_Overflow_Check" label: "/home/mhanuel/Devel/ADA/projects/ada-ipstack/src/services/mqtt/mqtt.adb:2252:50" }
node: { title: "/home/mhanuel/Devel/ADA/projects/ada-ipstack/src/services/mqtt/mqtt.adb:mqtt__Oadd__P1105b__2.12376" label: "P1105B\n/home/mhanuel/Devel/ADA/projects/ada-ipstack/src/services/mqtt/mqtt.adb:2252:25\n40 bytes (static)" }
edge: { sourcename: "/home/mhanuel/Devel/ADA/projects/ada-ipstack/src/services/mqtt/mqtt.adb:mqtt__Oadd__P1105b__2.12376" targetname: "system__storage_pools__subpools__allocate_any_controlled" label: "/home/mhanuel/Devel/ADA/projects/ada-ipstack/src/services/mqtt/mqtt.adb:2252:25" }
node: { title: "mqtt__Oadd" label: "+\n/home/mhanuel/Devel/ADA/projects/ada-ipstack/src/services/mqtt/mqtt.adb:2240:4\n16 bytes (static)" }
edge: { sourcename: "mqtt__Oadd" targetname: "__gnat_rcheck_CE_Range_Check" label: "/home/mhanuel/Devel/ADA/projects/ada-ipstack/src/services/mqtt/mqtt.adb:2244:18" }
node: { title: "mqtt__trace" label: "TRACE\n/home/mhanuel/Devel/ADA/projects/ada-ipstack/src/services/mqtt/mqtt.adb:2228:4\n24 bytes (static)" }
edge: { sourcename: "mqtt__trace" targetname: "__gnat_rcheck_PE_Access_Before_Elaboration" label: "/home/mhanuel/Devel/ADA/projects/ada-ipstack/src/services/mqtt/mqtt.adb:2228:4" }
node: { title: "mqtt__string_name" label: "STRING_NAME\n/home/mhanuel/Devel/ADA/projects/ada-ipstack/src/services/mqtt/mqtt.adb:2198:4\n112 bytes (dynamic)" }
edge: { sourcename: "mqtt__string_name" targetname: "memcpy" }
edge: { sourcename: "mqtt__string_name" targetname: "system__secondary_stack__ss_allocate" label: "/home/mhanuel/Devel/ADA/projects/ada-ipstack/src/services/mqtt/mqtt.adb:2225:7" }
edge: { sourcename: "mqtt__string_name" targetname: "memcpy" }
edge: { sourcename: "mqtt__string_name" targetname: "strings_edit__integers__image" label: "/home/mhanuel/Devel/ADA/projects/ada-ipstack/src/services/mqtt/mqtt.adb:2225:20" }
edge: { sourcename: "mqtt__string_name" targetname: "memcpy" }
edge: { sourcename: "mqtt__string_name" targetname: "system__secondary_stack__ss_allocate" label: "/home/mhanuel/Devel/ADA/projects/ada-ipstack/src/services/mqtt/mqtt.adb:2221:13" }
edge: { sourcename: "mqtt__string_name" targetname: "memcpy" }
edge: { sourcename: "mqtt__string_name" targetname: "memcpy" }
edge: { sourcename: "mqtt__string_name" targetname: "strings_edit__integers__image" label: "/home/mhanuel/Devel/ADA/projects/ada-ipstack/src/services/mqtt/mqtt.adb:2221:38" }
edge: { sourcename: "mqtt__string_name" targetname: "memcpy" }
edge: { sourcename: "mqtt__string_name" targetname: "system__secondary_stack__ss_allocate" label: "/home/mhanuel/Devel/ADA/projects/ada-ipstack/src/services/mqtt/mqtt.adb:2219:13" }
edge: { sourcename: "mqtt__string_name" targetname: "memcpy" }
edge: { sourcename: "mqtt__string_name" targetname: "memcpy" }
edge: { sourcename: "mqtt__string_name" targetname: "strings_edit__integers__image" label: "/home/mhanuel/Devel/ADA/projects/ada-ipstack/src/services/mqtt/mqtt.adb:2219:31" }
edge: { sourcename: "mqtt__string_name" targetname: "system__secondary_stack__ss_allocate" label: "/home/mhanuel/Devel/ADA/projects/ada-ipstack/src/services/mqtt/mqtt.adb:2215:35" }
edge: { sourcename: "mqtt__string_name" targetname: "__gnat_rcheck_CE_Invalid_Data" label: "/home/mhanuel/Devel/ADA/projects/ada-ipstack/src/services/mqtt/mqtt.adb:2214:18" }
edge: { sourcename: "mqtt__string_name" targetname: "system__secondary_stack__ss_allocate" label: "/home/mhanuel/Devel/ADA/projects/ada-ipstack/src/services/mqtt/mqtt.adb:2210:42" }
edge: { sourcename: "mqtt__string_name" targetname: "system__secondary_stack__ss_allocate" label: "/home/mhanuel/Devel/ADA/projects/ada-ipstack/src/services/mqtt/mqtt.adb:2209:42" }
edge: { sourcename: "mqtt__string_name" targetname: "system__secondary_stack__ss_allocate" label: "/home/mhanuel/Devel/ADA/projects/ada-ipstack/src/services/mqtt/mqtt.adb:2208:42" }
edge: { sourcename: "mqtt__string_name" targetname: "system__secondary_stack__ss_allocate" label: "/home/mhanuel/Devel/ADA/projects/ada-ipstack/src/services/mqtt/mqtt.adb:2207:42" }
edge: { sourcename: "mqtt__string_name" targetname: "system__secondary_stack__ss_allocate" label: "/home/mhanuel/Devel/ADA/projects/ada-ipstack/src/services/mqtt/mqtt.adb:2206:42" }
edge: { sourcename: "mqtt__string_name" targetname: "__gnat_rcheck_CE_Invalid_Data" label: "/home/mhanuel/Devel/ADA/projects/ada-ipstack/src/services/mqtt/mqtt.adb:2205:18" }
node: { title: "/home/mhanuel/Devel/ADA/projects/ada-ipstack/src/services/mqtt/mqtt.adb:mqtt__set_topic__B_39__B_40__P1031b.12196" label: "P1031B\n/home/mhanuel/Devel/ADA/projects/ada-ipstack/src/services/mqtt/mqtt.adb:2187:23\n40 bytes (static)" }
edge: { sourcename: "/home/mhanuel/Devel/ADA/projects/ada-ipstack/src/services/mqtt/mqtt.adb:mqtt__set_topic__B_39__B_40__P1031b.12196" targetname: "system__storage_pools__subpools__allocate_any_controlled" label: "/home/mhanuel/Devel/ADA/projects/ada-ipstack/src/services/mqtt/mqtt.adb:2187:23" }
node: { title: "mqtt__set_topic" label: "SET_TOPIC\n/home/mhanuel/Devel/ADA/projects/ada-ipstack/src/services/mqtt/mqtt.adb:2160:4\n88 bytes (static)" }
edge: { sourcename: "mqtt__set_topic" targetname: "mqtt__messages_handles__set" label: "/home/mhanuel/Devel/ADA/projects/ada-ipstack/src/services/mqtt/mqtt.adb:2192:16" }
edge: { sourcename: "mqtt__set_topic" targetname: "__gnat_rcheck_CE_Access_Check" label: "/home/mhanuel/Devel/ADA/projects/ada-ipstack/src/services/mqtt/mqtt.adb:2191:36" }
edge: { sourcename: "mqtt__set_topic" targetname: "memcpy" }
edge: { sourcename: "mqtt__set_topic" targetname: "__gnat_rcheck_CE_Length_Check" label: "/home/mhanuel/Devel/ADA/projects/ada-ipstack/src/services/mqtt/mqtt.adb:2190:36" }
edge: { sourcename: "mqtt__set_topic" targetname: "__gnat_rcheck_CE_Access_Check" label: "/home/mhanuel/Devel/ADA/projects/ada-ipstack/src/services/mqtt/mqtt.adb:2190:36" }
edge: { sourcename: "mqtt__set_topic" targetname: "__gnat_rcheck_CE_Access_Check" label: "/home/mhanuel/Devel/ADA/projects/ada-ipstack/src/services/mqtt/mqtt.adb:2190:36" }
edge: { sourcename: "mqtt__set_topic" targetname: "memmove" label: "/home/mhanuel/Devel/ADA/projects/ada-ipstack/src/services/mqtt/mqtt.adb:2189:29" }
edge: { sourcename: "mqtt__set_topic" targetname: "__gnat_rcheck_CE_Length_Check" label: "/home/mhanuel/Devel/ADA/projects/ada-ipstack/src/services/mqtt/mqtt.adb:2189:32" }
edge: { sourcename: "mqtt__set_topic" targetname: "__gnat_rcheck_CE_Overflow_Check" label: "/home/mhanuel/Devel/ADA/projects/ada-ipstack/src/services/mqtt/mqtt.adb:2189:32" }
edge: { sourcename: "mqtt__set_topic" targetname: "object__initialize" label: "/home/mhanuel/Devel/ADA/projects/ada-ipstack/src/services/mqtt/mqtt.adb:2187:23" }
edge: { sourcename: "mqtt__set_topic" targetname: "mqtt__message_objectIP" label: "/home/mhanuel/Devel/ADA/projects/ada-ipstack/src/services/mqtt/mqtt.adb:2187:23" }
edge: { sourcename: "mqtt__set_topic" targetname: "__gnat_rcheck_CE_Overflow_Check" label: "/home/mhanuel/Devel/ADA/projects/ada-ipstack/src/services/mqtt/mqtt.adb:2187:23" }
edge: { sourcename: "mqtt__set_topic" targetname: "__gnat_rcheck_CE_Range_Check" label: "/home/mhanuel/Devel/ADA/projects/ada-ipstack/src/services/mqtt/mqtt.adb:2187:48" }
edge: { sourcename: "mqtt__set_topic" targetname: "__gnat_rcheck_CE_Overflow_Check" label: "/home/mhanuel/Devel/ADA/projects/ada-ipstack/src/services/mqtt/mqtt.adb:2187:48" }
edge: { sourcename: "mqtt__set_topic" targetname: "/home/mhanuel/Devel/ADA/projects/ada-ipstack/src/services/mqtt/mqtt.adb:mqtt__set_topic__B_39__B_40__P1031b.12196" label: "/home/mhanuel/Devel/ADA/projects/ada-ipstack/src/services/mqtt/mqtt.adb:2187:23" }
edge: { sourcename: "mqtt__set_topic" targetname: "/home/mhanuel/Devel/ADA/projects/ada-ipstack/src/services/mqtt/mqtt.adb:_GLOBAL__SZ45_mqtt" label: "/home/mhanuel/Devel/ADA/projects/ada-ipstack/src/services/mqtt/mqtt.adb:2187:23" }
edge: { sourcename: "mqtt__set_topic" targetname: "__gnat_rcheck_CE_Overflow_Check" label: "/home/mhanuel/Devel/ADA/projects/ada-ipstack/src/services/mqtt/mqtt.adb:2187:48" }
edge: { sourcename: "mqtt__set_topic" targetname: "__gnat_rcheck_CE_Overflow_Check" label: "/home/mhanuel/Devel/ADA/projects/ada-ipstack/src/services/mqtt/mqtt.adb:2187:48" }
edge: { sourcename: "mqtt__set_topic" targetname: "__gnat_rcheck_CE_Range_Check" label: "/home/mhanuel/Devel/ADA/projects/ada-ipstack/src/services/mqtt/mqtt.adb:2187:48" }
edge: { sourcename: "mqtt__set_topic" targetname: "__gnat_rcheck_CE_Access_Check" label: "/home/mhanuel/Devel/ADA/projects/ada-ipstack/src/services/mqtt/mqtt.adb:2187:61" }
edge: { sourcename: "mqtt__set_topic" targetname: "memmove" label: "/home/mhanuel/Devel/ADA/projects/ada-ipstack/src/services/mqtt/mqtt.adb:2183:24" }
edge: { sourcename: "mqtt__set_topic" targetname: "__gnat_rcheck_CE_Length_Check" label: "/home/mhanuel/Devel/ADA/projects/ada-ipstack/src/services/mqtt/mqtt.adb:2183:27" }
edge: { sourcename: "mqtt__set_topic" targetname: "__gnat_rcheck_CE_Overflow_Check" label: "/home/mhanuel/Devel/ADA/projects/ada-ipstack/src/services/mqtt/mqtt.adb:2183:27" }
edge: { sourcename: "mqtt__set_topic" targetname: "__gnat_rcheck_CE_Access_Check" label: "/home/mhanuel/Devel/ADA/projects/ada-ipstack/src/services/mqtt/mqtt.adb:2183:17" }
edge: { sourcename: "mqtt__set_topic" targetname: "__gnat_rcheck_CE_Access_Check" label: "/home/mhanuel/Devel/ADA/projects/ada-ipstack/src/services/mqtt/mqtt.adb:2183:17" }
edge: { sourcename: "mqtt__set_topic" targetname: "__gnat_rcheck_CE_Overflow_Check" label: "/home/mhanuel/Devel/ADA/projects/ada-ipstack/src/services/mqtt/mqtt.adb:2180:31" }
edge: { sourcename: "mqtt__set_topic" targetname: "__gnat_rcheck_CE_Access_Check" label: "/home/mhanuel/Devel/ADA/projects/ada-ipstack/src/services/mqtt/mqtt.adb:2180:23" }
edge: { sourcename: "mqtt__set_topic" targetname: "__gnat_rcheck_CE_Access_Check" label: "/home/mhanuel/Devel/ADA/projects/ada-ipstack/src/services/mqtt/mqtt.adb:2178:21" }
edge: { sourcename: "mqtt__set_topic" targetname: "mqtt__messages_handles__set" label: "/home/mhanuel/Devel/ADA/projects/ada-ipstack/src/services/mqtt/mqtt.adb:2177:13" }
edge: { sourcename: "mqtt__set_topic" targetname: "memmove" label: "/home/mhanuel/Devel/ADA/projects/ada-ipstack/src/services/mqtt/mqtt.adb:2176:24" }
edge: { sourcename: "mqtt__set_topic" targetname: "__gnat_rcheck_CE_Length_Check" label: "/home/mhanuel/Devel/ADA/projects/ada-ipstack/src/services/mqtt/mqtt.adb:2176:27" }
edge: { sourcename: "mqtt__set_topic" targetname: "__gnat_rcheck_CE_Overflow_Check" label: "/home/mhanuel/Devel/ADA/projects/ada-ipstack/src/services/mqtt/mqtt.adb:2176:27" }
edge: { sourcename: "mqtt__set_topic" targetname: "__gnat_rcheck_CE_Access_Check" label: "/home/mhanuel/Devel/ADA/projects/ada-ipstack/src/services/mqtt/mqtt.adb:2176:17" }
edge: { sourcename: "mqtt__set_topic" targetname: "__gnat_rcheck_CE_Access_Check" label: "/home/mhanuel/Devel/ADA/projects/ada-ipstack/src/services/mqtt/mqtt.adb:2176:17" }
edge: { sourcename: "mqtt__set_topic" targetname: "object__initialize" label: "/home/mhanuel/Devel/ADA/projects/ada-ipstack/src/services/mqtt/mqtt.adb:2175:21" }
edge: { sourcename: "mqtt__set_topic" targetname: "mqtt__message_objectIP" label: "/home/mhanuel/Devel/ADA/projects/ada-ipstack/src/services/mqtt/mqtt.adb:2175:21" }
edge: { sourcename: "mqtt__set_topic" targetname: "__gnat_rcheck_CE_Overflow_Check" label: "/home/mhanuel/Devel/ADA/projects/ada-ipstack/src/services/mqtt/mqtt.adb:2175:21" }
edge: { sourcename: "mqtt__set_topic" targetname: "__gnat_rcheck_CE_Range_Check" label: "/home/mhanuel/Devel/ADA/projects/ada-ipstack/src/services/mqtt/mqtt.adb:2175:46" }
edge: { sourcename: "mqtt__set_topic" targetname: "__gnat_rcheck_CE_Overflow_Check" label: "/home/mhanuel/Devel/ADA/projects/ada-ipstack/src/services/mqtt/mqtt.adb:2175:46" }
edge: { sourcename: "mqtt__set_topic" targetname: "/home/mhanuel/Devel/ADA/projects/ada-ipstack/src/services/mqtt/mqtt.adb:mqtt__set_topic__B_39__P1011b.12159" label: "/home/mhanuel/Devel/ADA/projects/ada-ipstack/src/services/mqtt/mqtt.adb:2175:21" }
edge: { sourcename: "mqtt__set_topic" targetname: "__gnat_rcheck_CE_Overflow_Check" label: "/home/mhanuel/Devel/ADA/projects/ada-ipstack/src/services/mqtt/mqtt.adb:2175:46" }
edge: { sourcename: "mqtt__set_topic" targetname: "__gnat_rcheck_CE_Overflow_Check" label: "/home/mhanuel/Devel/ADA/projects/ada-ipstack/src/services/mqtt/mqtt.adb:2175:46" }
edge: { sourcename: "mqtt__set_topic" targetname: "__gnat_rcheck_CE_Range_Check" label: "/home/mhanuel/Devel/ADA/projects/ada-ipstack/src/services/mqtt/mqtt.adb:2175:46" }
edge: { sourcename: "mqtt__set_topic" targetname: "mqtt__messages_handles__ptr" label: "/home/mhanuel/Devel/ADA/projects/ada-ipstack/src/services/mqtt/mqtt.adb:2172:10" }
edge: { sourcename: "mqtt__set_topic" targetname: "__gnat_raise_exception" label: "/home/mhanuel/Devel/ADA/projects/ada-ipstack/src/services/mqtt/mqtt.adb:2166:10" }
edge: { sourcename: "mqtt__set_topic" targetname: "mqtt__check_topic" label: "/home/mhanuel/Devel/ADA/projects/ada-ipstack/src/services/mqtt/mqtt.adb:2165:10" }
edge: { sourcename: "mqtt__set_topic" targetname: "__gnat_rcheck_PE_Access_Before_Elaboration" label: "/home/mhanuel/Devel/ADA/projects/ada-ipstack/src/services/mqtt/mqtt.adb:2160:4" }
node: { title: "/home/mhanuel/Devel/ADA/projects/ada-ipstack/src/services/mqtt/mqtt.adb:mqtt__set_topic__B_39__P1011b.12159" label: "P1011B\n/home/mhanuel/Devel/ADA/projects/ada-ipstack/src/services/mqtt/mqtt.adb:2175:21\n40 bytes (static)" }
edge: { sourcename: "/home/mhanuel/Devel/ADA/projects/ada-ipstack/src/services/mqtt/mqtt.adb:mqtt__set_topic__B_39__P1011b.12159" targetname: "system__storage_pools__subpools__allocate_any_controlled" label: "/home/mhanuel/Devel/ADA/projects/ada-ipstack/src/services/mqtt/mqtt.adb:2175:21" }
node: { title: "mqtt__set_size" label: "SET_SIZE\n/home/mhanuel/Devel/ADA/projects/ada-ipstack/src/services/mqtt/mqtt.adb:2152:4\n24 bytes (static)" }
edge: { sourcename: "mqtt__set_size" targetname: "mqtt__set_size__2" label: "/home/mhanuel/Devel/ADA/projects/ada-ipstack/src/services/mqtt/mqtt.adb:2157:7" }
edge: { sourcename: "mqtt__set_size" targetname: "__gnat_rcheck_PE_Access_Before_Elaboration" label: "/home/mhanuel/Devel/ADA/projects/ada-ipstack/src/services/mqtt/mqtt.adb:2152:4" }
node: { title: "mqtt__set_size__2" label: "SET_SIZE\n/home/mhanuel/Devel/ADA/projects/ada-ipstack/src/services/mqtt/mqtt.adb:2132:4\n64 bytes (static)" }
edge: { sourcename: "mqtt__set_size__2" targetname: "mqtt__messages_handles__set" label: "/home/mhanuel/Devel/ADA/projects/ada-ipstack/src/services/mqtt/mqtt.adb:2148:10" }
edge: { sourcename: "mqtt__set_size__2" targetname: "memmove" label: "/home/mhanuel/Devel/ADA/projects/ada-ipstack/src/services/mqtt/mqtt.adb:2147:41" }
edge: { sourcename: "mqtt__set_size__2" targetname: "__gnat_rcheck_CE_Length_Check" label: "/home/mhanuel/Devel/ADA/projects/ada-ipstack/src/services/mqtt/mqtt.adb:2147:48" }
edge: { sourcename: "mqtt__set_size__2" targetname: "__gnat_rcheck_CE_Range_Check" label: "/home/mhanuel/Devel/ADA/projects/ada-ipstack/src/services/mqtt/mqtt.adb:2147:60" }
edge: { sourcename: "mqtt__set_size__2" targetname: "__gnat_rcheck_CE_Range_Check" label: "/home/mhanuel/Devel/ADA/projects/ada-ipstack/src/services/mqtt/mqtt.adb:2147:26" }
edge: { sourcename: "mqtt__set_size__2" targetname: "memcpy" }
edge: { sourcename: "mqtt__set_size__2" targetname: "__gnat_rcheck_CE_Length_Check" label: "/home/mhanuel/Devel/ADA/projects/ada-ipstack/src/services/mqtt/mqtt.adb:2145:28" }
edge: { sourcename: "mqtt__set_size__2" targetname: "object__initialize" label: "/home/mhanuel/Devel/ADA/projects/ada-ipstack/src/services/mqtt/mqtt.adb:2143:26" }
edge: { sourcename: "mqtt__set_size__2" targetname: "mqtt__message_objectIP" label: "/home/mhanuel/Devel/ADA/projects/ada-ipstack/src/services/mqtt/mqtt.adb:2143:26" }
edge: { sourcename: "mqtt__set_size__2" targetname: "/home/mhanuel/Devel/ADA/projects/ada-ipstack/src/services/mqtt/mqtt.adb:mqtt__set_size__B_38__P980b__2.12099" label: "/home/mhanuel/Devel/ADA/projects/ada-ipstack/src/services/mqtt/mqtt.adb:2143:26" }
edge: { sourcename: "mqtt__set_size__2" targetname: "/home/mhanuel/Devel/ADA/projects/ada-ipstack/src/services/mqtt/mqtt.adb:_GLOBAL__SZ45_mqtt" label: "/home/mhanuel/Devel/ADA/projects/ada-ipstack/src/services/mqtt/mqtt.adb:2143:26" }
edge: { sourcename: "mqtt__set_size__2" targetname: "__gnat_rcheck_CE_Access_Check" label: "/home/mhanuel/Devel/ADA/projects/ada-ipstack/src/services/mqtt/mqtt.adb:2136:56" }
edge: { sourcename: "mqtt__set_size__2" targetname: "mqtt__messages_handles__ptr" label: "/home/mhanuel/Devel/ADA/projects/ada-ipstack/src/services/mqtt/mqtt.adb:2136:43" }
node: { title: "/home/mhanuel/Devel/ADA/projects/ada-ipstack/src/services/mqtt/mqtt.adb:mqtt__set_size__B_38__P980b__2.12099" label: "P980B\n/home/mhanuel/Devel/ADA/projects/ada-ipstack/src/services/mqtt/mqtt.adb:2143:26\n40 bytes (static)" }
edge: { sourcename: "/home/mhanuel/Devel/ADA/projects/ada-ipstack/src/services/mqtt/mqtt.adb:mqtt__set_size__B_38__P980b__2.12099" targetname: "system__storage_pools__subpools__allocate_any_controlled" label: "/home/mhanuel/Devel/ADA/projects/ada-ipstack/src/services/mqtt/mqtt.adb:2143:26" }
node: { title: "mqtt__set_message__2" label: "SET_MESSAGE\n/home/mhanuel/Devel/ADA/projects/ada-ipstack/src/services/mqtt/mqtt.adb:2123:4\n24 bytes (static)" }
edge: { sourcename: "mqtt__set_message__2" targetname: "__gnat_rcheck_PE_Access_Before_Elaboration" label: "/home/mhanuel/Devel/ADA/projects/ada-ipstack/src/services/mqtt/mqtt.adb:2123:4" }
node: { title: "mqtt__set_message" label: "SET_MESSAGE\n/home/mhanuel/Devel/ADA/projects/ada-ipstack/src/services/mqtt/mqtt.adb:2109:4\n112 bytes (static)" }
edge: { sourcename: "mqtt__set_message" targetname: "_Unwind_Resume" }
edge: { sourcename: "mqtt__set_message" targetname: "__gnat_end_handler" label: "/home/mhanuel/Devel/ADA/projects/ada-ipstack/src/services/mqtt/mqtt.adb:2116:21" }
edge: { sourcename: "mqtt__set_message" targetname: "__gnat_begin_handler" label: "/home/mhanuel/Devel/ADA/projects/ada-ipstack/src/services/mqtt/mqtt.adb:2116:21" }
edge: { sourcename: "mqtt__set_message" targetname: "memcpy" }
edge: { sourcename: "mqtt__set_message" targetname: "__gnat_rcheck_CE_Length_Check" label: "/home/mhanuel/Devel/ADA/projects/ada-ipstack/src/services/mqtt/mqtt.adb:2118:48" }
edge: { sourcename: "mqtt__set_message" targetname: "__gnat_rcheck_CE_Range_Check" label: "/home/mhanuel/Devel/ADA/projects/ada-ipstack/src/services/mqtt/mqtt.adb:2118:26" }
edge: { sourcename: "mqtt__set_message" targetname: "/home/mhanuel/Devel/ADA/projects/ada-ipstack/src/services/mqtt/mqtt.adb:mqtt__set_message__B946b___finalizer.12050" label: "/home/mhanuel/Devel/ADA/projects/ada-ipstack/src/services/mqtt/mqtt.adb:2116:0" }
edge: { sourcename: "mqtt__set_message" targetname: "__gnat_rcheck_PE_Finalize_Raised_Exception" label: "/home/mhanuel/Devel/ADA/projects/ada-ipstack/src/services/mqtt/mqtt.adb:2116:21" }
edge: { sourcename: "mqtt__set_message" targetname: "mqtt__mqtt_messageDF" label: "/home/mhanuel/Devel/ADA/projects/ada-ipstack/src/services/mqtt/mqtt.adb:2116:21" }
edge: { sourcename: "mqtt__set_message" targetname: "mqtt___assign__7" label: "/home/mhanuel/Devel/ADA/projects/ada-ipstack/src/services/mqtt/mqtt.adb:2116:18" }
edge: { sourcename: "mqtt__set_message" targetname: "mqtt__compose" label: "/home/mhanuel/Devel/ADA/projects/ada-ipstack/src/services/mqtt/mqtt.adb:2116:21" }
edge: { sourcename: "mqtt__set_message" targetname: "system__secondary_stack__ss_mark" label: "/home/mhanuel/Devel/ADA/projects/ada-ipstack/src/services/mqtt/mqtt.adb:2116:18" }
edge: { sourcename: "mqtt__set_message" targetname: "/home/mhanuel/Devel/ADA/projects/ada-ipstack/src/services/mqtt/mqtt.adb:_GLOBAL__SZ2_mqtt" label: "/home/mhanuel/Devel/ADA/projects/ada-ipstack/src/services/mqtt/mqtt.adb:2115:57" }
edge: { sourcename: "mqtt__set_message" targetname: "__gnat_rcheck_CE_Access_Check" label: "/home/mhanuel/Devel/ADA/projects/ada-ipstack/src/services/mqtt/mqtt.adb:2113:67" }
edge: { sourcename: "mqtt__set_message" targetname: "mqtt__messages_handles__ptr" label: "/home/mhanuel/Devel/ADA/projects/ada-ipstack/src/services/mqtt/mqtt.adb:2113:43" }
edge: { sourcename: "mqtt__set_message" targetname: "__gnat_rcheck_PE_Access_Before_Elaboration" label: "/home/mhanuel/Devel/ADA/projects/ada-ipstack/src/services/mqtt/mqtt.adb:2109:4" }
node: { title: "/home/mhanuel/Devel/ADA/projects/ada-ipstack/src/services/mqtt/mqtt.adb:mqtt__set_message__B946b___finalizer.12050" label: "B946B\n/home/mhanuel/Devel/ADA/projects/ada-ipstack/src/services/mqtt/mqtt.adb:2116:18\n32 bytes (static)" }
edge: { sourcename: "/home/mhanuel/Devel/ADA/projects/ada-ipstack/src/services/mqtt/mqtt.adb:mqtt__set_message__B946b___finalizer.12050" targetname: "__gnat_end_handler" label: "/home/mhanuel/Devel/ADA/projects/ada-ipstack/src/services/mqtt/mqtt.adb:2116:18" }
edge: { sourcename: "/home/mhanuel/Devel/ADA/projects/ada-ipstack/src/services/mqtt/mqtt.adb:mqtt__set_message__B946b___finalizer.12050" targetname: "__gnat_begin_handler" label: "/home/mhanuel/Devel/ADA/projects/ada-ipstack/src/services/mqtt/mqtt.adb:2116:18" }
edge: { sourcename: "/home/mhanuel/Devel/ADA/projects/ada-ipstack/src/services/mqtt/mqtt.adb:mqtt__set_message__B946b___finalizer.12050" targetname: "_Unwind_Resume" }
edge: { sourcename: "/home/mhanuel/Devel/ADA/projects/ada-ipstack/src/services/mqtt/mqtt.adb:mqtt__set_message__B946b___finalizer.12050" targetname: "__gnat_rcheck_PE_Finalize_Raised_Exception" label: "/home/mhanuel/Devel/ADA/projects/ada-ipstack/src/services/mqtt/mqtt.adb:2116:18" }
edge: { sourcename: "/home/mhanuel/Devel/ADA/projects/ada-ipstack/src/services/mqtt/mqtt.adb:mqtt__set_message__B946b___finalizer.12050" targetname: "system__secondary_stack__ss_release" label: "/home/mhanuel/Devel/ADA/projects/ada-ipstack/src/services/mqtt/mqtt.adb:2116:18" }
[...]
node: { title: "mqtt__topic_item_handles__ptr" label: "Ptr\n/home/mhanuel/Devel/ADA/projects/ada-ipstack/src/services/utils/object-handle.adb:57:4\n16 bytes (static)" }
node: { title: "mqtt__topic_item_handles__is_valid" label: "Is_Valid\n/home/mhanuel/Devel/ADA/projects/ada-ipstack/src/services/utils/object-handle.adb:52:4\n16 bytes (static)" }
node: { title: "mqtt__topic_item_handles__invalidate" label: "Invalidate\n/home/mhanuel/Devel/ADA/projects/ada-ipstack/src/services/utils/object-handle.adb:44:4\n16 bytes (static)" }
edge: { sourcename: "mqtt__topic_item_handles__invalidate" targetname: "mqtt__topic_item_handles__release" label: "/home/mhanuel/Devel/ADA/projects/ada-ipstack/src/services/utils/object-handle.adb:47:10" }
node: { title: "mqtt__topic_item_handles__finalize__2" label: "Finalize\n/home/mhanuel/Devel/ADA/projects/ada-ipstack/src/services/utils/object-handle.adb:38:4\n16 bytes (static)" }
edge: { sourcename: "mqtt__topic_item_handles__finalize__2" targetname: "mqtt__topic_item_handles__release" label: "/home/mhanuel/Devel/ADA/projects/ada-ipstack/src/services/utils/object-handle.adb:40:7" }
node: { title: "mqtt__topic_item_handles__adjust__2" label: "Adjust\n/home/mhanuel/Devel/ADA/projects/ada-ipstack/src/services/utils/object-handle.adb:30:4\n16 bytes (static)" }
edge: { sourcename: "mqtt__topic_item_handles__adjust__2" targetname: "__indirect_call" label: "/home/mhanuel/Devel/ADA/projects/ada-ipstack/src/services/utils/object-handle.adb:33:10" }
edge: { sourcename: "mqtt__topic_item_handles__adjust__2" targetname: "__gnat_rcheck_CE_Access_Check" label: "/home/mhanuel/Devel/ADA/projects/ada-ipstack/src/services/utils/object-handle.adb:33:41" }
node: { title: "mqtt__mqtt_string_cache__put" label: "Put\n/home/mhanuel/Devel/ADA/projects/ada-ipstack/src/services/utils/generic_unbounded_ptr_array.adb:67:4\n24 bytes (static)" }
edge: { sourcename: "mqtt__mqtt_string_cache__put" targetname: "mqtt__mqtt_string_cache__object_ptr_array__put" label: "/home/mhanuel/Devel/ADA/projects/ada-ipstack/src/services/utils/generic_unbounded_ptr_array.adb:83:26" }
edge: { sourcename: "mqtt__mqtt_string_cache__put" targetname: "__gnat_rcheck_CE_Invalid_Data" label: "/home/mhanuel/Devel/ADA/projects/ada-ipstack/src/services/utils/generic_unbounded_ptr_array.adb:80:31" }
edge: { sourcename: "mqtt__mqtt_string_cache__put" targetname: "__gnat_rcheck_CE_Index_Check" label: "/home/mhanuel/Devel/ADA/projects/ada-ipstack/src/services/utils/generic_unbounded_ptr_array.adb:80:22" }
edge: { sourcename: "mqtt__mqtt_string_cache__put" targetname: "__gnat_rcheck_CE_Access_Check" label: "/home/mhanuel/Devel/ADA/projects/ada-ipstack/src/services/utils/generic_unbounded_ptr_array.adb:80:22" }
edge: { sourcename: "mqtt__mqtt_string_cache__put" targetname: "__gnat_rcheck_CE_Invalid_Data" label: "/home/mhanuel/Devel/ADA/projects/ada-ipstack/src/services/utils/generic_unbounded_ptr_array.adb:79:39" }
edge: { sourcename: "mqtt__mqtt_string_cache__put" targetname: "__gnat_free" label: "/home/mhanuel/Devel/ADA/projects/ada-ipstack/src/services/utils/generic_unbounded_ptr_array.adb:79:13" }
edge: { sourcename: "mqtt__mqtt_string_cache__put" targetname: "__gnat_rcheck_CE_Invalid_Data" label: "/home/mhanuel/Devel/ADA/projects/ada-ipstack/src/services/utils/generic_unbounded_ptr_array.adb:79:39" }
edge: { sourcename: "mqtt__mqtt_string_cache__put" targetname: "__gnat_rcheck_CE_Index_Check" label: "/home/mhanuel/Devel/ADA/projects/ada-ipstack/src/services/utils/generic_unbounded_ptr_array.adb:79:30" }
edge: { sourcename: "mqtt__mqtt_string_cache__put" targetname: "__gnat_rcheck_CE_Access_Check" label: "/home/mhanuel/Devel/ADA/projects/ada-ipstack/src/services/utils/generic_unbounded_ptr_array.adb:79:30" }
edge: { sourcename: "mqtt__mqtt_string_cache__put" targetname: "__gnat_rcheck_CE_Index_Check" label: "/home/mhanuel/Devel/ADA/projects/ada-ipstack/src/services/utils/generic_unbounded_ptr_array.adb:78:22" }
edge: { sourcename: "mqtt__mqtt_string_cache__put" targetname: "__gnat_rcheck_CE_Access_Check" label: "/home/mhanuel/Devel/ADA/projects/ada-ipstack/src/services/utils/generic_unbounded_ptr_array.adb:78:22" }
edge: { sourcename: "mqtt__mqtt_string_cache__put" targetname: "__gnat_rcheck_CE_Access_Check" label: "/home/mhanuel/Devel/ADA/projects/ada-ipstack/src/services/utils/generic_unbounded_ptr_array.adb:75:31" }
edge: { sourcename: "mqtt__mqtt_string_cache__put" targetname: "__gnat_rcheck_PE_Access_Before_Elaboration" label: "/home/mhanuel/Devel/ADA/projects/ada-ipstack/src/services/utils/generic_unbounded_ptr_array.adb:67:4" }
node: { title: "mqtt__mqtt_string_cache__get" label: "Get\n/home/mhanuel/Devel/ADA/projects/ada-ipstack/src/services/utils/generic_unbounded_ptr_array.adb:50:4\n16 bytes (static)" }
edge: { sourcename: "mqtt__mqtt_string_cache__get" targetname: "__gnat_rcheck_CE_Index_Check" label: "/home/mhanuel/Devel/ADA/projects/ada-ipstack/src/services/utils/generic_unbounded_ptr_array.adb:62:26" }
edge: { sourcename: "mqtt__mqtt_string_cache__get" targetname: "__gnat_rcheck_CE_Access_Check" label: "/home/mhanuel/Devel/ADA/projects/ada-ipstack/src/services/utils/generic_unbounded_ptr_array.adb:62:26" }
edge: { sourcename: "mqtt__mqtt_string_cache__get" targetname: "__gnat_rcheck_CE_Access_Check" label: "/home/mhanuel/Devel/ADA/projects/ada-ipstack/src/services/utils/generic_unbounded_ptr_array.adb:57:35" }
node: { title: "mqtt__mqtt_string_cache__finalize" label: "Finalize\n/home/mhanuel/Devel/ADA/projects/ada-ipstack/src/services/utils/generic_unbounded_ptr_array.adb:40:4\n40 bytes (static)" }
edge: { sourcename: "mqtt__mqtt_string_cache__finalize" targetname: "__gnat_free" label: "/home/mhanuel/Devel/ADA/projects/ada-ipstack/src/services/utils/generic_unbounded_ptr_array.adb:44:13" }
edge: { sourcename: "mqtt__mqtt_string_cache__finalize" targetname: "__gnat_rcheck_CE_Index_Check" label: "/home/mhanuel/Devel/ADA/projects/ada-ipstack/src/services/utils/generic_unbounded_ptr_array.adb:44:30" }
edge: { sourcename: "mqtt__mqtt_string_cache__finalize" targetname: "__gnat_rcheck_CE_Access_Check" label: "/home/mhanuel/Devel/ADA/projects/ada-ipstack/src/services/utils/generic_unbounded_ptr_array.adb:44:30" }
edge: { sourcename: "mqtt__mqtt_string_cache__finalize" targetname: "__gnat_rcheck_CE_Access_Check" label: "/home/mhanuel/Devel/ADA/projects/ada-ipstack/src/services/utils/generic_unbounded_ptr_array.adb:43:32" }
node: { title: "mqtt__mqtt_string_cache__erase" label: "Erase\n/home/mhanuel/Devel/ADA/projects/ada-ipstack/src/services/utils/generic_unbounded_ptr_array.adb:36:14\n16 bytes (static)" }
edge: { sourcename: "mqtt__mqtt_string_cache__erase" targetname: "mqtt__mqtt_string_cache__finalize" label: "/home/mhanuel/Devel/ADA/projects/ada-ipstack/src/services/utils/generic_unbounded_ptr_array.adb:36:14" }
node: { title: "mqtt__mqtt_string_cache__object_ptr_array__put" label: "Put\n/home/mhanuel/Devel/ADA/projects/ada-ipstack/src/services/utils/generic_unbounded_array.adb:139:4\n104 bytes (dynamic)" }
edge: { sourcename: "mqtt__mqtt_string_cache__object_ptr_array__put" targetname: "__gnat_rcheck_CE_Invalid_Data" label: "/home/mhanuel/Devel/ADA/projects/ada-ipstack/src/services/utils/generic_unbounded_array.adb:182:25" }
edge: { sourcename: "mqtt__mqtt_string_cache__object_ptr_array__put" targetname: "__gnat_rcheck_CE_Index_Check" label: "/home/mhanuel/Devel/ADA/projects/ada-ipstack/src/services/utils/generic_unbounded_array.adb:182:16" }
edge: { sourcename: "mqtt__mqtt_string_cache__object_ptr_array__put" targetname: "__gnat_rcheck_CE_Access_Check" label: "/home/mhanuel/Devel/ADA/projects/ada-ipstack/src/services/utils/generic_unbounded_array.adb:182:16" }
edge: { sourcename: "mqtt__mqtt_string_cache__object_ptr_array__put" targetname: "__gnat_free" label: "/home/mhanuel/Devel/ADA/projects/ada-ipstack/src/services/utils/generic_unbounded_array.adb:178:13" }
edge: { sourcename: "mqtt__mqtt_string_cache__object_ptr_array__put" targetname: "memcpy" }
edge: { sourcename: "mqtt__mqtt_string_cache__object_ptr_array__put" targetname: "__gnat_rcheck_CE_Length_Check" label: "/home/mhanuel/Devel/ADA/projects/ada-ipstack/src/services/utils/generic_unbounded_array.adb:177:33" }
edge: { sourcename: "mqtt__mqtt_string_cache__object_ptr_array__put" targetname: "__gnat_rcheck_CE_Range_Check" label: "/home/mhanuel/Devel/ADA/projects/ada-ipstack/src/services/utils/generic_unbounded_array.adb:177:33" }
edge: { sourcename: "mqtt__mqtt_string_cache__object_ptr_array__put" targetname: "__gnat_rcheck_CE_Access_Check" label: "/home/mhanuel/Devel/ADA/projects/ada-ipstack/src/services/utils/generic_unbounded_array.adb:177:33" }
edge: { sourcename: "mqtt__mqtt_string_cache__object_ptr_array__put" targetname: "__gnat_rcheck_CE_Access_Check" label: "/home/mhanuel/Devel/ADA/projects/ada-ipstack/src/services/utils/generic_unbounded_array.adb:176:13" }
edge: { sourcename: "mqtt__mqtt_string_cache__object_ptr_array__put" targetname: "__gnat_rcheck_CE_Range_Check" label: "/home/mhanuel/Devel/ADA/projects/ada-ipstack/src/services/utils/generic_unbounded_array.adb:176:41" }
edge: { sourcename: "mqtt__mqtt_string_cache__object_ptr_array__put" targetname: "__gnat_rcheck_CE_Access_Check" label: "/home/mhanuel/Devel/ADA/projects/ada-ipstack/src/services/utils/generic_unbounded_array.adb:176:13" }
edge: { sourcename: "mqtt__mqtt_string_cache__object_ptr_array__put" targetname: "__gnat_rcheck_CE_Access_Check" label: "/home/mhanuel/Devel/ADA/projects/ada-ipstack/src/services/utils/generic_unbounded_array.adb:176:34" }
edge: { sourcename: "mqtt__mqtt_string_cache__object_ptr_array__put" targetname: "memcpy" }
edge: { sourcename: "mqtt__mqtt_string_cache__object_ptr_array__put" targetname: "__gnat_malloc" label: "/home/mhanuel/Devel/ADA/projects/ada-ipstack/src/services/utils/generic_unbounded_array.adb:169:27" }
edge: { sourcename: "mqtt__mqtt_string_cache__object_ptr_array__put" targetname: "__gnat_rcheck_CE_Range_Check" label: "/home/mhanuel/Devel/ADA/projects/ada-ipstack/src/services/utils/generic_unbounded_array.adb:171:23" }
edge: { sourcename: "mqtt__mqtt_string_cache__object_ptr_array__put" targetname: "mqtt__mqtt_string_cache__object_ptr_array__max" label: "/home/mhanuel/Devel/ADA/projects/ada-ipstack/src/services/utils/generic_unbounded_array.adb:172:26" }
edge: { sourcename: "mqtt__mqtt_string_cache__object_ptr_array__put" targetname: "mqtt__mqtt_string_cache__object_ptr_array__Oadd" label: "/home/mhanuel/Devel/ADA/projects/ada-ipstack/src/services/utils/generic_unbounded_array.adb:172:61" }
edge: { sourcename: "mqtt__mqtt_string_cache__object_ptr_array__put" targetname: "__gnat_rcheck_CE_Range_Check" label: "/home/mhanuel/Devel/ADA/projects/ada-ipstack/src/services/utils/generic_unbounded_array.adb:172:54" }
edge: { sourcename: "mqtt__mqtt_string_cache__object_ptr_array__put" targetname: "__gnat_rcheck_CE_Access_Check" label: "/home/mhanuel/Devel/ADA/projects/ada-ipstack/src/services/utils/generic_unbounded_array.adb:172:47" }
edge: { sourcename: "mqtt__mqtt_string_cache__object_ptr_array__put" targetname: "__gnat_rcheck_CE_Access_Check" label: "/home/mhanuel/Devel/ADA/projects/ada-ipstack/src/services/utils/generic_unbounded_array.adb:171:33" }
edge: { sourcename: "mqtt__mqtt_string_cache__object_ptr_array__put" targetname: "memcpy" }
edge: { sourcename: "mqtt__mqtt_string_cache__object_ptr_array__put" targetname: "__gnat_malloc" label: "/home/mhanuel/Devel/ADA/projects/ada-ipstack/src/services/utils/generic_unbounded_array.adb:162:27" }
edge: { sourcename: "mqtt__mqtt_string_cache__object_ptr_array__put" targetname: "__gnat_rcheck_CE_Range_Check" label: "/home/mhanuel/Devel/ADA/projects/ada-ipstack/src/services/utils/generic_unbounded_array.adb:164:23" }
edge: { sourcename: "mqtt__mqtt_string_cache__object_ptr_array__put" targetname: "mqtt__mqtt_string_cache__object_ptr_array__min" label: "/home/mhanuel/Devel/ADA/projects/ada-ipstack/src/services/utils/generic_unbounded_array.adb:164:24" }
edge: { sourcename: "mqtt__mqtt_string_cache__object_ptr_array__put" targetname: "mqtt__mqtt_string_cache__object_ptr_array__Osubtract" label: "/home/mhanuel/Devel/ADA/projects/ada-ipstack/src/services/utils/generic_unbounded_array.adb:164:58" }
edge: { sourcename: "mqtt__mqtt_string_cache__object_ptr_array__put" targetname: "__gnat_rcheck_CE_Range_Check" label: "/home/mhanuel/Devel/ADA/projects/ada-ipstack/src/services/utils/generic_unbounded_array.adb:164:52" }
edge: { sourcename: "mqtt__mqtt_string_cache__object_ptr_array__put" targetname: "__gnat_rcheck_CE_Access_Check" label: "/home/mhanuel/Devel/ADA/projects/ada-ipstack/src/services/utils/generic_unbounded_array.adb:165:35" }
edge: { sourcename: "mqtt__mqtt_string_cache__object_ptr_array__put" targetname: "__gnat_rcheck_CE_Access_Check" label: "/home/mhanuel/Devel/ADA/projects/ada-ipstack/src/services/utils/generic_unbounded_array.adb:164:45" }
edge: { sourcename: "mqtt__mqtt_string_cache__object_ptr_array__put" targetname: "__gnat_rcheck_CE_Access_Check" label: "/home/mhanuel/Devel/ADA/projects/ada-ipstack/src/services/utils/generic_unbounded_array.adb:159:44" }
edge: { sourcename: "mqtt__mqtt_string_cache__object_ptr_array__put" targetname: "__gnat_rcheck_CE_Range_Check" label: "/home/mhanuel/Devel/ADA/projects/ada-ipstack/src/services/utils/generic_unbounded_array.adb:153:28" }
edge: { sourcename: "mqtt__mqtt_string_cache__object_ptr_array__put" targetname: "__gnat_rcheck_CE_Overflow_Check" label: "/home/mhanuel/Devel/ADA/projects/ada-ipstack/src/services/utils/generic_unbounded_array.adb:153:28" }
edge: { sourcename: "mqtt__mqtt_string_cache__object_ptr_array__put" targetname: "__gnat_rcheck_CE_Overflow_Check" label: "/home/mhanuel/Devel/ADA/projects/ada-ipstack/src/services/utils/generic_unbounded_array.adb:155:41" }
edge: { sourcename: "mqtt__mqtt_string_cache__object_ptr_array__put" targetname: "__gnat_rcheck_CE_Access_Check" label: "/home/mhanuel/Devel/ADA/projects/ada-ipstack/src/services/utils/generic_unbounded_array.adb:155:34" }
edge: { sourcename: "mqtt__mqtt_string_cache__object_ptr_array__put" targetname: "__gnat_rcheck_CE_Access_Check" label: "/home/mhanuel/Devel/ADA/projects/ada-ipstack/src/services/utils/generic_unbounded_array.adb:149:35" }
edge: { sourcename: "mqtt__mqtt_string_cache__object_ptr_array__put" targetname: "memcpy" }
edge: { sourcename: "mqtt__mqtt_string_cache__object_ptr_array__put" targetname: "__gnat_malloc" label: "/home/mhanuel/Devel/ADA/projects/ada-ipstack/src/services/utils/generic_unbounded_array.adb:146:27" }
edge: { sourcename: "mqtt__mqtt_string_cache__object_ptr_array__put" targetname: "__gnat_rcheck_CE_Range_Check" label: "/home/mhanuel/Devel/ADA/projects/ada-ipstack/src/services/utils/generic_unbounded_array.adb:148:17" }
edge: { sourcename: "mqtt__mqtt_string_cache__object_ptr_array__put" targetname: "mqtt__mqtt_string_cache__object_ptr_array__Oadd" label: "/home/mhanuel/Devel/ADA/projects/ada-ipstack/src/services/utils/generic_unbounded_array.adb:148:33" }
edge: { sourcename: "mqtt__mqtt_string_cache__object_ptr_array__put" targetname: "__gnat_rcheck_PE_Access_Before_Elaboration" label: "/home/mhanuel/Devel/ADA/projects/ada-ipstack/src/services/utils/generic_unbounded_array.adb:139:4" }
node: { title: "mqtt__mqtt_string_cache__object_ptr_array__min" label: "Min\n/home/mhanuel/Devel/ADA/projects/ada-ipstack/src/services/utils/generic_unbounded_array.adb:129:4\n16 bytes (static)" }
node: { title: "mqtt__mqtt_string_cache__object_ptr_array__max" label: "Max\n/home/mhanuel/Devel/ADA/projects/ada-ipstack/src/services/utils/generic_unbounded_array.adb:117:4\n16 bytes (static)" }
node: { title: "mqtt__mqtt_string_cache__object_ptr_array__Osubtract" label: "-\n/home/mhanuel/Devel/ADA/projects/ada-ipstack/src/services/utils/generic_unbounded_array.adb:101:4\n24 bytes (static)" }
edge: { sourcename: "mqtt__mqtt_string_cache__object_ptr_array__Osubtract" targetname: "__gnat_rcheck_CE_Overflow_Check" label: "/home/mhanuel/Devel/ADA/projects/ada-ipstack/src/services/utils/generic_unbounded_array.adb:111:55" }
edge: { sourcename: "mqtt__mqtt_string_cache__object_ptr_array__Osubtract" targetname: "__gnat_rcheck_CE_Range_Check" label: "/home/mhanuel/Devel/ADA/projects/ada-ipstack/src/services/utils/generic_unbounded_array.adb:111:27" }
edge: { sourcename: "mqtt__mqtt_string_cache__object_ptr_array__Osubtract" targetname: "__gnat_rcheck_CE_Overflow_Check" label: "/home/mhanuel/Devel/ADA/projects/ada-ipstack/src/services/utils/generic_unbounded_array.adb:111:55" }
node: { title: "mqtt__mqtt_string_cache__object_ptr_array__Oadd" label: "+\n/home/mhanuel/Devel/ADA/projects/ada-ipstack/src/services/utils/generic_unbounded_array.adb:81:4\n24 bytes (static)" }
edge: { sourcename: "mqtt__mqtt_string_cache__object_ptr_array__Oadd" targetname: "__gnat_rcheck_CE_Range_Check" label: "/home/mhanuel/Devel/ADA/projects/ada-ipstack/src/services/utils/generic_unbounded_array.adb:94:13" }
node: { title: "mqtt__mqtt_string_cache__object_ptr_array__get" label: "Get\n/home/mhanuel/Devel/ADA/projects/ada-ipstack/src/services/utils/generic_unbounded_array.adb:63:4\n16 bytes (static)" }
edge: { sourcename: "mqtt__mqtt_string_cache__object_ptr_array__get" targetname: "__gnat_rcheck_CE_Index_Check" label: "/home/mhanuel/Devel/ADA/projects/ada-ipstack/src/services/utils/generic_unbounded_array.adb:75:26" }
edge: { sourcename: "mqtt__mqtt_string_cache__object_ptr_array__get" targetname: "__gnat_rcheck_CE_Access_Check" label: "/home/mhanuel/Devel/ADA/projects/ada-ipstack/src/services/utils/generic_unbounded_array.adb:75:26" }
edge: { sourcename: "mqtt__mqtt_string_cache__object_ptr_array__get" targetname: "__gnat_rcheck_CE_Explicit_Raise" label: "/home/mhanuel/Devel/ADA/projects/ada-ipstack/src/services/utils/generic_unbounded_array.adb:73:10" }
edge: { sourcename: "mqtt__mqtt_string_cache__object_ptr_array__get" targetname: "__gnat_rcheck_CE_Access_Check" label: "/home/mhanuel/Devel/ADA/projects/ada-ipstack/src/services/utils/generic_unbounded_array.adb:70:35" }
node: { title: "mqtt__mqtt_string_cache__object_ptr_array__fetch" label: "Fetch\n/home/mhanuel/Devel/ADA/projects/ada-ipstack/src/services/utils/generic_unbounded_array.adb:47:4\n16 bytes (static)" }
edge: { sourcename: "mqtt__mqtt_string_cache__object_ptr_array__fetch" targetname: "__gnat_rcheck_CE_Index_Check" label: "/home/mhanuel/Devel/ADA/projects/ada-ipstack/src/services/utils/generic_unbounded_array.adb:59:26" }
edge: { sourcename: "mqtt__mqtt_string_cache__object_ptr_array__fetch" targetname: "__gnat_rcheck_CE_Access_Check" label: "/home/mhanuel/Devel/ADA/projects/ada-ipstack/src/services/utils/generic_unbounded_array.adb:59:26" }
edge: { sourcename: "mqtt__mqtt_string_cache__object_ptr_array__fetch" targetname: "__gnat_rcheck_CE_Access_Check" label: "/home/mhanuel/Devel/ADA/projects/ada-ipstack/src/services/utils/generic_unbounded_array.adb:54:35" }
node: { title: "mqtt__mqtt_string_cache__object_ptr_array__finalize" label: "Finalize\n/home/mhanuel/Devel/ADA/projects/ada-ipstack/src/services/utils/generic_unbounded_array.adb:42:4\n16 bytes (static)" }
edge: { sourcename: "mqtt__mqtt_string_cache__object_ptr_array__finalize" targetname: "__gnat_free" label: "/home/mhanuel/Devel/ADA/projects/ada-ipstack/src/services/utils/generic_unbounded_array.adb:44:7" }
node: { title: "mqtt__mqtt_string_cache__object_ptr_array__erase" label: "Erase\n/home/mhanuel/Devel/ADA/projects/ada-ipstack/src/services/utils/generic_unbounded_array.adb:38:14\n16 bytes (static)" }
edge: { sourcename: "mqtt__mqtt_string_cache__object_ptr_array__erase" targetname: "mqtt__mqtt_string_cache__object_ptr_array__finalize" label: "/home/mhanuel/Devel/ADA/projects/ada-ipstack/src/services/utils/generic_unbounded_array.adb:38:14" }
}
