edge: { sourcename: "ping__initialize"
  targetname: "7:hal__bitmap__bitmap_buffer,hal__bitmap__bitmap_buffer"
  label: "demos.adb:339:47 [ping.adb:66:4]"
}
edge: { sourcename: "ping__initialize"
  targetname: "24:hal__bitmap__bitmap_buffer,hal__bitmap__bitmap_buffer"
  label: "demos.adb:340:47 [ping.adb:66:4]"
}
graph: { title: "/home/mhanuel/Devel/ADA/projects/ada-ipstack/demos/ping/ping.adb"
node: { title: "__aeabi_uldivmod" label: "aeabi_uldivmod\n<built-in>" shape : ellipse }
node: { title: "framebuffer_dsi__update_layer" label: "Update_Layer\n/home/mhanuel/Devel/ADA/projects/ada-ipstack/Ada_Drivers_Library/boards/stm32_common/otm8009a/framebuffer_dsi.ads:112:25" shape : ellipse }
node: { title: "framebuffer_dsi__hidden_buffer" label: "Hidden_Buffer\n/home/mhanuel/Devel/ADA/projects/ada-ipstack/Ada_Drivers_Library/boards/stm32_common/otm8009a/framebuffer_dsi.ads:129:24" shape : ellipse }
node: { title: "demos__default_font" label: "Default_Font\n/home/mhanuel/Devel/ADA/projects/ada-ipstack/demos/utils/demos.ads:65:13" shape : ellipse }
node: { title: "receiver__start" label: "Start\n/home/mhanuel/Devel/ADA/projects/ada-ipstack/demos/utils/receiver.ads:34:14" shape : ellipse }
node: { title: "mqtt__init" label: "INIT\n/home/mhanuel/Devel/ADA/projects/ada-ipstack/src/services/mqtt/mqtt.ads:516:14" shape : ellipse }
node: { title: "aip__osal__initialize" label: "INITIALIZE\n/home/mhanuel/Devel/ADA/projects/ada-ipstack/src/osal/aip-osal.ads:52:14" shape : ellipse }
node: { title: "os_service__start" label: "Start\n/home/mhanuel/Devel/ADA/projects/ada-ipstack/demos/utils/os_service.ads:24:14" shape : ellipse }
node: { title: "demos__put" label: "Put\n/home/mhanuel/Devel/ADA/projects/ada-ipstack/demos/utils/demos.ads:45:14" shape : ellipse }
node: { title: "memcpy" label: "builtin_memcpy\n<built-in>" shape : ellipse }
node: { title: "system__img_llu__image_long_long_unsigned" label: "Image_Long_Long_Unsigned\n/usr/local/gnat/arm-eabi/lib/gnat/ravenscar-full-stm32f769disco/gnat/s-imgllu.ads:41:14" shape : ellipse }
node: { title: "sdcard__get_card_information" label: "Get_Card_Information\n/home/mhanuel/Devel/ADA/projects/ada-ipstack/Ada_Drivers_Library/boards/stm32_common/sdcard/sdcard.ads:57:13" shape : ellipse }
node: { title: "sdcard__card_present" label: "Card_Present\n/home/mhanuel/Devel/ADA/projects/ada-ipstack/Ada_Drivers_Library/boards/stm32_common/sdcard/sdcard.ads:53:13" shape : ellipse }
node: { title: "sdcard__initialize" label: "Initialize\n/home/mhanuel/Devel/ADA/projects/ada-ipstack/Ada_Drivers_Library/boards/stm32_common/sdcard/sdcard.ads:49:14" shape : ellipse }
node: { title: "framebuffer_dsi__initialize_layer" label: "Initialize_Layer\n/home/mhanuel/Devel/ADA/projects/ada-ipstack/Ada_Drivers_Library/boards/stm32_common/otm8009a/framebuffer_dsi.ads:95:25" shape : ellipse }
node: { title: "framebuffer_otm8009a__initialize" label: "Initialize\n/home/mhanuel/Devel/ADA/projects/ada-ipstack/Ada_Drivers_Library/boards/stm32_common/stm32f769disco/framebuffer_otm8009a.ads:51:14" shape : ellipse }
node: { title: "stm32__rng__interrupts__initialize_rng" label: "INITIALIZE_RNG\n/home/mhanuel/Devel/ADA/projects/ada-ipstack/Ada_Drivers_Library/arch/ARM/STM32/drivers/stm32-rng-interrupts.ads:50:14" shape : ellipse }
node: { title: "hal__sdmmc__card_informationIP" label: "CARD_INFORMATIONIP\n/home/mhanuel/Devel/ADA/projects/ada-ipstack/Ada_Drivers_Library/hal/src/hal-sdmmc.ads:182:9" shape : ellipse }
node: { title: "ada__real_time__delays__delay_until" label: "Delay_Until\n/usr/local/gnat/arm-eabi/lib/gnat/ravenscar-full-stm32f769disco/gnat/a-retide.ads:42:14" shape : ellipse }
node: { title: "ada__real_time__Oadd" label: "+\n/usr/local/gnat/arm-eabi/lib/gnat/ravenscar-full-stm32f769disco/gnat/a-reatim.ads:74:13" shape : ellipse }
node: { title: "ada__real_time__milliseconds" label: "Milliseconds\n/usr/local/gnat/arm-eabi/lib/gnat/ravenscar-full-stm32f769disco/gnat/a-reatim.ads:106:13" shape : ellipse }
node: { title: "test_http_servers__start" label: "Start\n/home/mhanuel/Devel/ADA/projects/ada-ipstack/demos/ping/test_http_servers.ads:26:14" shape : ellipse }
node: { title: "ada__real_time__clock" label: "Clock\n/usr/local/gnat/arm-eabi/lib/gnat/ravenscar-full-stm32f769disco/gnat/a-reatim.ads:70:13" shape : ellipse }
node: { title: "aip__io__put_line" label: "PUT_LINE\n/home/mhanuel/Devel/ADA/projects/ada-ipstack/src/aip-io.ads:11:14" shape : ellipse }
node: { title: "aip__ipaddrs__ip4" label: "IP4\n/home/mhanuel/Devel/ADA/projects/ada-ipstack/src/core/aip-ipaddrs.ads:21:13" shape : ellipse }
node: { title: "/home/mhanuel/Devel/ADA/projects/ada-ipstack/demos/ping/ping.adb:ping__header.5344" label: "Header\n/home/mhanuel/Devel/ADA/projects/ada-ipstack/demos/ping/ping.adb:61:4\n16 bytes (static)" }
node: { title: "_ada_ping" label: "Ping\n/home/mhanuel/Devel/ADA/projects/ada-ipstack/demos/ping/ping.adb:58:1\n64 bytes (static)" }
edge: { sourcename: "_ada_ping" targetname: "ada__real_time__delays__delay_until" label: "/home/mhanuel/Devel/ADA/projects/ada-ipstack/demos/ping/ping.adb:102:10" }
edge: { sourcename: "_ada_ping" targetname: "ada__real_time__Oadd" label: "/home/mhanuel/Devel/ADA/projects/ada-ipstack/demos/ping/ping.adb:101:19" }
edge: { sourcename: "_ada_ping" targetname: "ada__real_time__milliseconds" label: "/home/mhanuel/Devel/ADA/projects/ada-ipstack/demos/ping/ping.adb:101:28" }
edge: { sourcename: "_ada_ping" targetname: "aip__io__put_line" label: "/home/mhanuel/Devel/ADA/projects/ada-ipstack/demos/ping/ping.adb:99:13" }
edge: { sourcename: "_ada_ping" targetname: "test_http_servers__start" label: "/home/mhanuel/Devel/ADA/projects/ada-ipstack/demos/ping/ping.adb:95:24" }
edge: { sourcename: "_ada_ping" targetname: "ada__real_time__clock" label: "/home/mhanuel/Devel/ADA/projects/ada-ipstack/demos/ping/ping.adb:84:7" }
edge: { sourcename: "_ada_ping" targetname: "/home/mhanuel/Devel/ADA/projects/ada-ipstack/demos/ping/ping.adb:ping__initialize.5347" label: "/home/mhanuel/Devel/ADA/projects/ada-ipstack/demos/ping/ping.adb:78:4" }
edge: { sourcename: "_ada_ping" targetname: "aip__io__put_line" label: "/home/mhanuel/Devel/ADA/projects/ada-ipstack/demos/ping/ping.adb:77:10" }
edge: { sourcename: "_ada_ping" targetname: "aip__ipaddrs__ip4" label: "/home/mhanuel/Devel/ADA/projects/ada-ipstack/demos/ping/ping.adb:69:4" }
node: { title: "/home/mhanuel/Devel/ADA/projects/ada-ipstack/demos/ping/ping.adb:ping__initialize.5347" label: "Initialize\n/home/mhanuel/Devel/ADA/projects/ada-ipstack/demos/utils/demos.adb:151:4\n440 bytes (dynamic)" }
edge: { sourcename: "/home/mhanuel/Devel/ADA/projects/ada-ipstack/demos/ping/ping.adb:ping__initialize.5347" targetname: "framebuffer_dsi__update_layer" label: "/home/mhanuel/Devel/ADA/projects/ada-ipstack/demos/utils/demos.adb:343:29" }
edge: { sourcename: "/home/mhanuel/Devel/ADA/projects/ada-ipstack/demos/ping/ping.adb:ping__initialize.5347" targetname: "__indirect_call" label: "/home/mhanuel/Devel/ADA/projects/ada-ipstack/demos/utils/demos.adb:340:47" }
node: { title: "__indirect_call" label: "Indirect Call Placeholder" shape : ellipse }
edge: { sourcename: "/home/mhanuel/Devel/ADA/projects/ada-ipstack/demos/ping/ping.adb:ping__initialize.5347" targetname: "framebuffer_dsi__hidden_buffer" label: "/home/mhanuel/Devel/ADA/projects/ada-ipstack/demos/utils/demos.adb:340:29" }
edge: { sourcename: "/home/mhanuel/Devel/ADA/projects/ada-ipstack/demos/ping/ping.adb:ping__initialize.5347" targetname: "__indirect_call" label: "/home/mhanuel/Devel/ADA/projects/ada-ipstack/demos/utils/demos.adb:339:47" }
edge: { sourcename: "/home/mhanuel/Devel/ADA/projects/ada-ipstack/demos/ping/ping.adb:ping__initialize.5347" targetname: "framebuffer_dsi__hidden_buffer" label: "/home/mhanuel/Devel/ADA/projects/ada-ipstack/demos/utils/demos.adb:339:29" }
edge: { sourcename: "/home/mhanuel/Devel/ADA/projects/ada-ipstack/demos/ping/ping.adb:ping__initialize.5347" targetname: "/home/mhanuel/Devel/ADA/projects/ada-ipstack/demos/ping/ping.adb:ping__header.5344" label: "/home/mhanuel/Devel/ADA/projects/ada-ipstack/demos/utils/demos.adb:338:10" }
edge: { sourcename: "/home/mhanuel/Devel/ADA/projects/ada-ipstack/demos/ping/ping.adb:ping__initialize.5347" targetname: "demos__put" label: "/home/mhanuel/Devel/ADA/projects/ada-ipstack/demos/utils/demos.adb:334:10" }
edge: { sourcename: "/home/mhanuel/Devel/ADA/projects/ada-ipstack/demos/ping/ping.adb:ping__initialize.5347" targetname: "demos__put" label: "/home/mhanuel/Devel/ADA/projects/ada-ipstack/demos/utils/demos.adb:333:10" }
edge: { sourcename: "/home/mhanuel/Devel/ADA/projects/ada-ipstack/demos/ping/ping.adb:ping__initialize.5347" targetname: "demos__put" label: "/home/mhanuel/Devel/ADA/projects/ada-ipstack/demos/utils/demos.adb:332:10" }
edge: { sourcename: "/home/mhanuel/Devel/ADA/projects/ada-ipstack/demos/ping/ping.adb:ping__initialize.5347" targetname: "demos__put" label: "/home/mhanuel/Devel/ADA/projects/ada-ipstack/demos/utils/demos.adb:331:10" }
edge: { sourcename: "/home/mhanuel/Devel/ADA/projects/ada-ipstack/demos/ping/ping.adb:ping__initialize.5347" targetname: "demos__put" label: "/home/mhanuel/Devel/ADA/projects/ada-ipstack/demos/utils/demos.adb:330:10" }
edge: { sourcename: "/home/mhanuel/Devel/ADA/projects/ada-ipstack/demos/ping/ping.adb:ping__initialize.5347" targetname: "demos__put" label: "/home/mhanuel/Devel/ADA/projects/ada-ipstack/demos/utils/demos.adb:329:10" }
edge: { sourcename: "/home/mhanuel/Devel/ADA/projects/ada-ipstack/demos/ping/ping.adb:ping__initialize.5347" targetname: "demos__put" label: "/home/mhanuel/Devel/ADA/projects/ada-ipstack/demos/utils/demos.adb:328:10" }
edge: { sourcename: "/home/mhanuel/Devel/ADA/projects/ada-ipstack/demos/ping/ping.adb:ping__initialize.5347" targetname: "demos__put" label: "/home/mhanuel/Devel/ADA/projects/ada-ipstack/demos/utils/demos.adb:327:10" }
edge: { sourcename: "/home/mhanuel/Devel/ADA/projects/ada-ipstack/demos/ping/ping.adb:ping__initialize.5347" targetname: "demos__put" label: "/home/mhanuel/Devel/ADA/projects/ada-ipstack/demos/utils/demos.adb:326:10" }
edge: { sourcename: "/home/mhanuel/Devel/ADA/projects/ada-ipstack/demos/ping/ping.adb:ping__initialize.5347" targetname: "demos__put" label: "/home/mhanuel/Devel/ADA/projects/ada-ipstack/demos/utils/demos.adb:325:10" }
edge: { sourcename: "/home/mhanuel/Devel/ADA/projects/ada-ipstack/demos/ping/ping.adb:ping__initialize.5347" targetname: "demos__put" label: "/home/mhanuel/Devel/ADA/projects/ada-ipstack/demos/utils/demos.adb:324:10" }
edge: { sourcename: "/home/mhanuel/Devel/ADA/projects/ada-ipstack/demos/ping/ping.adb:ping__initialize.5347" targetname: "demos__put" label: "/home/mhanuel/Devel/ADA/projects/ada-ipstack/demos/utils/demos.adb:323:10" }
edge: { sourcename: "/home/mhanuel/Devel/ADA/projects/ada-ipstack/demos/ping/ping.adb:ping__initialize.5347" targetname: "demos__put" label: "/home/mhanuel/Devel/ADA/projects/ada-ipstack/demos/utils/demos.adb:322:10" }
edge: { sourcename: "/home/mhanuel/Devel/ADA/projects/ada-ipstack/demos/ping/ping.adb:ping__initialize.5347" targetname: "demos__default_font" label: "/home/mhanuel/Devel/ADA/projects/ada-ipstack/demos/utils/demos.adb:321:26" }
edge: { sourcename: "/home/mhanuel/Devel/ADA/projects/ada-ipstack/demos/ping/ping.adb:ping__initialize.5347" targetname: "demos__put" label: "/home/mhanuel/Devel/ADA/projects/ada-ipstack/demos/utils/demos.adb:320:10" }
edge: { sourcename: "/home/mhanuel/Devel/ADA/projects/ada-ipstack/demos/ping/ping.adb:ping__initialize.5347" targetname: "receiver__start" label: "/home/mhanuel/Devel/ADA/projects/ada-ipstack/demos/utils/demos.adb:316:15" }
edge: { sourcename: "/home/mhanuel/Devel/ADA/projects/ada-ipstack/demos/ping/ping.adb:ping__initialize.5347" targetname: "mqtt__init" label: "/home/mhanuel/Devel/ADA/projects/ada-ipstack/demos/utils/demos.adb:314:11" }
edge: { sourcename: "/home/mhanuel/Devel/ADA/projects/ada-ipstack/demos/ping/ping.adb:ping__initialize.5347" targetname: "aip__osal__initialize" label: "/home/mhanuel/Devel/ADA/projects/ada-ipstack/demos/utils/demos.adb:307:15" }
edge: { sourcename: "/home/mhanuel/Devel/ADA/projects/ada-ipstack/demos/ping/ping.adb:ping__initialize.5347" targetname: "os_service__start" label: "/home/mhanuel/Devel/ADA/projects/ada-ipstack/demos/utils/demos.adb:303:17" }
edge: { sourcename: "/home/mhanuel/Devel/ADA/projects/ada-ipstack/demos/ping/ping.adb:ping__initialize.5347" targetname: "__aeabi_uldivmod" }
edge: { sourcename: "/home/mhanuel/Devel/ADA/projects/ada-ipstack/demos/ping/ping.adb:ping__initialize.5347" targetname: "__aeabi_uldivmod" }
edge: { sourcename: "/home/mhanuel/Devel/ADA/projects/ada-ipstack/demos/ping/ping.adb:ping__initialize.5347" targetname: "__aeabi_uldivmod" }
edge: { sourcename: "/home/mhanuel/Devel/ADA/projects/ada-ipstack/demos/ping/ping.adb:ping__initialize.5347" targetname: "demos__put" label: "/home/mhanuel/Devel/ADA/projects/ada-ipstack/demos/utils/demos.adb:227:16" }
edge: { sourcename: "/home/mhanuel/Devel/ADA/projects/ada-ipstack/demos/ping/ping.adb:ping__initialize.5347" targetname: "memcpy" }
edge: { sourcename: "/home/mhanuel/Devel/ADA/projects/ada-ipstack/demos/ping/ping.adb:ping__initialize.5347" targetname: "memcpy" }
edge: { sourcename: "/home/mhanuel/Devel/ADA/projects/ada-ipstack/demos/ping/ping.adb:ping__initialize.5347" targetname: "system__img_llu__image_long_long_unsigned" label: "/home/mhanuel/Devel/ADA/projects/ada-ipstack/demos/utils/demos.adb:227:53" }
edge: { sourcename: "/home/mhanuel/Devel/ADA/projects/ada-ipstack/demos/ping/ping.adb:ping__initialize.5347" targetname: "memcpy" }
edge: { sourcename: "/home/mhanuel/Devel/ADA/projects/ada-ipstack/demos/ping/ping.adb:ping__initialize.5347" targetname: "sdcard__get_card_information" label: "/home/mhanuel/Devel/ADA/projects/ada-ipstack/demos/utils/demos.adb:220:23" }
edge: { sourcename: "/home/mhanuel/Devel/ADA/projects/ada-ipstack/demos/ping/ping.adb:ping__initialize.5347" targetname: "aip__io__put_line" label: "/home/mhanuel/Devel/ADA/projects/ada-ipstack/demos/utils/demos.adb:218:16" }
edge: { sourcename: "/home/mhanuel/Devel/ADA/projects/ada-ipstack/demos/ping/ping.adb:ping__initialize.5347" targetname: "sdcard__card_present" label: "/home/mhanuel/Devel/ADA/projects/ada-ipstack/demos/utils/demos.adb:217:35" }
edge: { sourcename: "/home/mhanuel/Devel/ADA/projects/ada-ipstack/demos/ping/ping.adb:ping__initialize.5347" targetname: "sdcard__initialize" label: "/home/mhanuel/Devel/ADA/projects/ada-ipstack/demos/utils/demos.adb:215:32" }
edge: { sourcename: "/home/mhanuel/Devel/ADA/projects/ada-ipstack/demos/ping/ping.adb:ping__initialize.5347" targetname: "framebuffer_dsi__initialize_layer" label: "/home/mhanuel/Devel/ADA/projects/ada-ipstack/demos/utils/demos.adb:211:26" }
edge: { sourcename: "/home/mhanuel/Devel/ADA/projects/ada-ipstack/demos/ping/ping.adb:ping__initialize.5347" targetname: "framebuffer_otm8009a__initialize" label: "/home/mhanuel/Devel/ADA/projects/ada-ipstack/demos/utils/demos.adb:210:26" }
edge: { sourcename: "/home/mhanuel/Devel/ADA/projects/ada-ipstack/demos/ping/ping.adb:ping__initialize.5347" targetname: "stm32__rng__interrupts__initialize_rng" label: "/home/mhanuel/Devel/ADA/projects/ada-ipstack/demos/utils/demos.adb:209:27" }
edge: { sourcename: "/home/mhanuel/Devel/ADA/projects/ada-ipstack/demos/ping/ping.adb:ping__initialize.5347" targetname: "hal__sdmmc__card_informationIP" label: "/home/mhanuel/Devel/ADA/projects/ada-ipstack/demos/utils/demos.adb:152:7" }
}
