edge: { sourcename: "raw_lwip_server__TconnectionCFD"
  targetname: "-9:raw_lwip_server__connection,raw_lwip_server__connection"
  label: "raw_lwip_server.ads:129:9"
}
edge: { sourcename: "raw_lwip_server__connection_handles__ThandleCFD"
  targetname: "-9:raw_lwip_server__connection_handles__handle,raw_lwip_server__connection_handles__handle"
  label: "object-handle.ads:40:9 [raw_lwip_server.ads:1581:4]"
}
class {
  classname: "raw_lwip_server__connection_handles__handle"
  label: "raw_lwip_server__connection_handles__handle\object-handle.ads:40:9 [raw_lwip_server.ads:1581:4]"
  parent: "ada__finalization__controlled"
  virtuals: "1:raw_lwip_server__connection_handles__adjust__2,1:ada__finalization__controlled\n
             2:raw_lwip_server__connection_handles__finalize__2,2:ada__finalization__controlled\n
             -1:raw_lwip_server__connection_handles___size__3,-1:ada__finalization__controlled\n
             -2:raw_lwip_server__connection_handles__handleSR__2,-2:ada__finalization__controlled\n
             -3:raw_lwip_server__connection_handles__handleSW__2,-3:ada__finalization__controlled\n
             -4:raw_lwip_server__connection_handles__handleSI__2,-4:ada__finalization__controlled\n
             -5:raw_lwip_server__connection_handles__handleSO__2,-5:ada__finalization__controlled\n
             -6:raw_lwip_server__connection_handles__Oeq,-6:ada__finalization__controlled\n
             -7:raw_lwip_server__connection_handles___assign__3,-7:ada__finalization__controlled\n
             -8:raw_lwip_server__connection_handles__handleDA__2,-8:ada__finalization__controlled\n
             -9:raw_lwip_server__connection_handles__handleDF__2,-9:ada__finalization__controlled\n
             4:raw_lwip_server__connection_handles__invalidate\n
             5:raw_lwip_server__connection_handles__is_valid\n
             6:raw_lwip_server__connection_handles__ptr\n
             7:raw_lwip_server__connection_handles__ref\n
             8:raw_lwip_server__connection_handles__set\n
             9:raw_lwip_server__connection_handles__Olt\n
             10:raw_lwip_server__connection_handles__Ole\n
             11:raw_lwip_server__connection_handles__Oge\n
             12:raw_lwip_server__connection_handles__Ogt\n
             13:raw_lwip_server__connection_handles__Oeq__2\n
             14:raw_lwip_server__connection_handles__Oeq__3"
}
edge: { sourcename: "raw_lwip_server__Tconnections_factoryCFD"
  targetname: "-9:raw_lwip_server__connections_factory,raw_lwip_server__connections_factory"
  label: "raw_lwip_server.ads:138:9"
}
edge: { sourcename: "raw_lwip_server__TencoderCFD"
  targetname: "-9:raw_lwip_server__encoder,raw_lwip_server__encoder"
  label: "raw_lwip_server.ads:146:9"
}
edge: { sourcename: "raw_lwip_server__Tconnections_serverCFD"
  targetname: "-9:raw_lwip_server__connections_server,raw_lwip_server__connections_server"
  label: "raw_lwip_server.ads:156:9"
}
class {
  classname: "raw_lwip_server__connection"
  label: "raw_lwip_server__connection\raw_lwip_server.ads:129:9"
  parent: "object__entity"
  virtuals: "2:raw_lwip_server__finalize__4,2:object__entity\n
             -1:raw_lwip_server___size__5,-1:object__entity\n
             -9:raw_lwip_server__connectionDF__2,-9:object__entity\n
             8:raw_lwip_server__available_to_process\n
             9:raw_lwip_server__available_to_send\n
             10:raw_lwip_server__connect_error\n
             11:raw_lwip_server__connected\n
             12:raw_lwip_server__disconnected\n
             13:raw_lwip_server__downed\n
             14:raw_lwip_server__elevated\n
             15:raw_lwip_server__get_client_address\n
             16:raw_lwip_server__get_overlapped_size\n
             17:raw_lwip_server__get_session_state\n
             18:raw_lwip_server__has_data\n
             19:raw_lwip_server__is_connected\n
             20:raw_lwip_server__is_down\n
             21:raw_lwip_server__is_elevated\n
             22:raw_lwip_server__is_incoming\n
             23:raw_lwip_server__process_packet\n
             24:raw_lwip_server__queued_to_send\n
             25:raw_lwip_server__received\n
             26:raw_lwip_server__receive_error\n
             27:raw_lwip_server__released\n
             28:raw_lwip_server__send\n
             29:raw_lwip_server__send__2\n
             30:raw_lwip_server__send__3\n
             31:raw_lwip_server__send__4\n
             32:raw_lwip_server__send__5\n
             33:raw_lwip_server__send__6\n
             34:raw_lwip_server__send__7\n
             35:raw_lwip_server__send__8\n
             36:raw_lwip_server__send_error\n
             37:raw_lwip_server__sent\n
             38:raw_lwip_server__set_client_data\n
             39:raw_lwip_server__set_expected_count\n
             40:raw_lwip_server__set_overlapped_size\n
             41:raw_lwip_server__shutdown\n
             42:raw_lwip_server__push\n
             43:raw_lwip_server__read\n
             44:raw_lwip_server__set_failed\n
             45:raw_lwip_server__write\n
             46:raw_lwip_server__queue"
}
class {
  classname: "raw_lwip_server__connections_factory"
  label: "raw_lwip_server__connections_factory\raw_lwip_server.ads:138:9"
  parent: "ada__finalization__limited_controlled"
  virtuals: "-1:raw_lwip_server___size__6,-1:ada__finalization__limited_controlled\n
             -9:raw_lwip_server__connections_factoryDF__2,-9:ada__finalization__limited_controlled\n
             4:raw_lwip_server__create"
}
class {
  classname: "raw_lwip_server__encoder"
  label: "raw_lwip_server__encoder\raw_lwip_server.ads:146:9"
  parent: "ada__finalization__limited_controlled"
  virtuals: "-1:raw_lwip_server___size__7,-1:ada__finalization__limited_controlled\n
             -9:raw_lwip_server__encoderDF__2,-9:ada__finalization__limited_controlled\n
             4:raw_lwip_server__encode\n
             5:raw_lwip_server__process"
}
class {
  classname: "raw_lwip_server__connections_server"
  label: "raw_lwip_server__connections_server\raw_lwip_server.ads:156:9"
  parent: "ada__finalization__limited_controlled"
  virtuals: "3:raw_lwip_server__initialize__4,3:ada__finalization__limited_controlled\n
             -1:raw_lwip_server___size__8,-1:ada__finalization__limited_controlled\n
             -9:raw_lwip_server__connections_serverDF__2,-9:ada__finalization__limited_controlled\n
             4:raw_lwip_server__disconnected__2\n
             5:raw_lwip_server__downed__2\n
             6:raw_lwip_server__unblock_send\n
             7:raw_lwip_server__poll_connections\n
             8:raw_lwip_server__process__2\n
             9:raw_lwip_server__data_sent\n
             10:raw_lwip_server__service_postponed"
}
edge: { sourcename: "raw_lwip_server__do_create"
  targetname: "4:raw_lwip_server__api_process__T1s,raw_lwip_server__api_process__T1s"
  label: "raw_lwip_server.adb:214:17"
}
edge: { sourcename: "raw_lwip_server__data_sent"
  targetname: "37:raw_lwip_server__connection,raw_lwip_server__connection"
  label: "raw_lwip_server.adb:289:7"
}
edge: { sourcename: "raw_lwip_server__fill_from_stream"
  targetname: "1:ada__streams__root_stream_type,ada__streams__root_stream_type"
  label: "raw_lwip_server.adb:421:19"
}
edge: { sourcename: "raw_lwip_server__fill_from_stream"
  targetname: "1:ada__streams__root_stream_type,ada__streams__root_stream_type"
  label: "raw_lwip_server.adb:434:16"
}
edge: { sourcename: "raw_lwip_server__fill_from_stream"
  targetname: "1:ada__streams__root_stream_type,ada__streams__root_stream_type"
  label: "raw_lwip_server.adb:460:13"
}
edge: { sourcename: "raw_lwip_server__finalize__4"
  targetname: "-1:raw_lwip_server__encoder,raw_lwip_server__encoder"
  label: "raw_lwip_server.adb:490:7"
}
edge: { sourcename: "raw_lwip_server__finalize__T109bFD__4"
  targetname: "-9:raw_lwip_server__encoder,raw_lwip_server__encoder"
  label: "raw_lwip_server.adb:490:7"
}
edge: { sourcename: "raw_lwip_server__finalize__4"
  targetname: "-9:raw_lwip_server__encoder,raw_lwip_server__encoder"
  label: "raw_lwip_server.adb:490:7"
}
edge: { sourcename: "raw_lwip_server__process__3"
  targetname: "25:raw_lwip_server__connection,raw_lwip_server__connection"
  label: "raw_lwip_server.adb:809:10"
}
edge: { sourcename: "raw_lwip_server__process__2"
  targetname: "5:raw_lwip_server__encoder,raw_lwip_server__encoder"
  label: "raw_lwip_server.adb:851:10"
}
edge: { sourcename: "raw_lwip_server__do_receive"
  targetname: "25:raw_lwip_server__connection,raw_lwip_server__connection"
  label: "raw_lwip_server.adb:1164:7"
}
edge: { sourcename: "raw_lwip_server__send"
  targetname: "6:raw_lwip_server__connections_server,raw_lwip_server__connections_server"
  label: "raw_lwip_server.adb:1243:10"
}
edge: { sourcename: "raw_lwip_server__send__2"
  targetname: "6:raw_lwip_server__connections_server,raw_lwip_server__connections_server"
  label: "raw_lwip_server.adb:1269:10"
}
edge: { sourcename: "raw_lwip_server__send__3"
  targetname: "6:raw_lwip_server__connections_server,raw_lwip_server__connections_server"
  label: "raw_lwip_server.adb:1293:10"
}
edge: { sourcename: "raw_lwip_server__send__4"
  targetname: "6:raw_lwip_server__connections_server,raw_lwip_server__connections_server"
  label: "raw_lwip_server.adb:1319:10"
}
edge: { sourcename: "raw_lwip_server__send__5"
  targetname: "6:raw_lwip_server__connections_server,raw_lwip_server__connections_server"
  label: "raw_lwip_server.adb:1421:10"
}
edge: { sourcename: "raw_lwip_server__send__8"
  targetname: "6:raw_lwip_server__connections_server,raw_lwip_server__connections_server"
  label: "raw_lwip_server.adb:1506:10"
}
edge: { sourcename: "raw_lwip_server__poll_connections"
  targetname: "45:raw_lwip_server__connection,raw_lwip_server__connection"
  label: "raw_lwip_server.adb:1677:22"
}
edge: { sourcename: "raw_lwip_server__service_postponed"
  targetname: "8:raw_lwip_server__connections_server,raw_lwip_server__connections_server"
  label: "raw_lwip_server.adb:1747:13"
}
edge: { sourcename: "raw_lwip_server__stop"
  targetname: "4:raw_lwip_server__connections_server,raw_lwip_server__connections_server"
  label: "raw_lwip_server.adb:1839:13"
}
edge: { sourcename: "raw_lwip_server__stop"
  targetname: "12:raw_lwip_server__connection,raw_lwip_server__connection"
  label: "raw_lwip_server.adb:1854:13"
}
edge: { sourcename: "raw_lwip_server__stop"
  targetname: "5:raw_lwip_server__connections_server,raw_lwip_server__connections_server"
  label: "raw_lwip_server.adb:1919:10"
}
edge: { sourcename: "raw_lwip_server__stop"
  targetname: "13:raw_lwip_server__connection,raw_lwip_server__connection"
  label: "raw_lwip_server.adb:1931:10"
}
edge: { sourcename: "raw_lwip_server__stop"
  targetname: "27:raw_lwip_server__connection,raw_lwip_server__connection"
  label: "raw_lwip_server.adb:1943:10"
}
edge: { sourcename: "raw_lwip_server__write"
  targetname: "4:raw_lwip_server__encoder,raw_lwip_server__encoder"
  label: "raw_lwip_server.adb:2262:19"
}
edge: { sourcename: "raw_lwip_server__write"
  targetname: "4:raw_lwip_server__encoder,raw_lwip_server__encoder"
  label: "raw_lwip_server.adb:2319:19"
}
edge: { sourcename: "raw_lwip_server__connection_handles__adjust__2"
  targetname: "7:object__entity,raw_lwip_server__connection"
  label: "object-handle.adb:33:10 [raw_lwip_server.ads:1581:4]"
}
edge: { sourcename: "raw_lwip_server__connection_handles__ref"
  targetname: "7:object__entity,raw_lwip_server__connection"
  label: "object-handle.adb:65:10 [raw_lwip_server.ads:1581:4]"
}
edge: { sourcename: "raw_lwip_server__connection_handles__set"
  targetname: "7:object__entity,raw_lwip_server__connection"
  label: "object-handle.adb:96:13 [raw_lwip_server.ads:1581:4]"
}
edge: { sourcename: "raw_lwip_server__connection_handles__Olt"
  targetname: "6:object__entity,raw_lwip_server__connection"
  label: "object-handle.adb:104:14 [raw_lwip_server.ads:1581:4]"
}
edge: { sourcename: "raw_lwip_server__connection_handles__Ole"
  targetname: "5:object__entity,raw_lwip_server__connection"
  label: "object-handle.adb:110:8 [raw_lwip_server.ads:1581:4]"
}
edge: { sourcename: "raw_lwip_server__connection_handles__Ole"
  targetname: "6:object__entity,raw_lwip_server__connection"
  label: "object-handle.adb:112:10 [raw_lwip_server.ads:1581:4]"
}
edge: { sourcename: "raw_lwip_server__connection_handles__Oeq"
  targetname: "5:object__entity,raw_lwip_server__connection"
  label: "object-handle.adb:129:20 [raw_lwip_server.ads:1581:4]"
}
edge: { sourcename: "raw_lwip_server__connection_handles__Oge"
  targetname: "6:object__entity,raw_lwip_server__connection"
  label: "object-handle.adb:136:18 [raw_lwip_server.ads:1581:4]"
}
edge: { sourcename: "raw_lwip_server__connection_handles__Ogt"
  targetname: "5:object__entity,raw_lwip_server__connection"
  label: "object-handle.adb:143:11 [raw_lwip_server.ads:1581:4]"
}
edge: { sourcename: "raw_lwip_server__connection_handles__Ogt"
  targetname: "6:object__entity,raw_lwip_server__connection"
  label: "object-handle.adb:145:13 [raw_lwip_server.ads:1581:4]"
}
graph: { title: "/home/mhanuel/Devel/ADA/projects/ada-ipstack/src/services/sockets/raw_lwip_server.adb"
node: { title: "_Unwind_Resume" label: "builtin_unwind_resume\n<built-in>" shape : ellipse }
node: { title: "__aeabi_ldivmod" label: "aeabi_ldivmod\n<built-in>" shape : ellipse }
node: { title: "ada__tags__register_tag" label: "Register_Tag\n/usr/local/gnat/arm-eabi/lib/gnat/ravenscar-full-stm32f769disco/gnat/a-tags.ads:543:14" shape : ellipse }
node: { title: "ada__tags__check_tsd" label: "Check_Tsd\n/usr/local/gnat/arm-eabi/lib/gnat/ravenscar-full-stm32f769disco/gnat/a-tags.ads:456:14" shape : ellipse }
node: { title: "system__finalization_masters__set_finalize_address" label: "Set_Finalize_Address\n/usr/local/gnat/arm-eabi/lib/gnat/ravenscar-full-stm32f769disco/gnat/s-finmas.ads:126:14" shape : ellipse }
node: { title: "system__finalization_masters__set_base_pool" label: "Set_Base_Pool\n/usr/local/gnat/arm-eabi/lib/gnat/ravenscar-full-stm32f769disco/gnat/s-finmas.ads:201:14" shape : ellipse }
node: { title: "system__finalization_masters__initialize__2" label: "Initialize\n/usr/local/gnat/arm-eabi/lib/gnat/ravenscar-full-stm32f769disco/gnat/s-finmas.ads:198:25" shape : ellipse }
node: { title: "system__finalization_masters__finalization_masterIP" label: "Finalization_Masterip\n/usr/local/gnat/arm-eabi/lib/gnat/ravenscar-full-stm32f769disco/gnat/s-finmas.ads:161:9" shape : ellipse }
node: { title: "__gnat_reraise_zcx" label: "gnat_reraise_zcx\n<built-in>" shape : ellipse }
node: { title: "aip__buffers__buffer_alloc" label: "BUFFER_ALLOC\n/home/mhanuel/Devel/ADA/projects/ada-ipstack/src/core/aip-buffers.ads:94:14" shape : ellipse }
node: { title: "aip__buffers__buffer_blind_free" label: "BUFFER_BLIND_FREE\n/home/mhanuel/Devel/ADA/projects/ada-ipstack/src/core/aip-buffers.ads:202:14" shape : ellipse }
node: { title: "aip__buffers__buffer_ref" label: "BUFFER_REF\n/home/mhanuel/Devel/ADA/projects/ada-ipstack/src/core/aip-buffers.ads:184:14" shape : ellipse }
node: { title: "aip__buffers__buffer_next" label: "BUFFER_NEXT\n/home/mhanuel/Devel/ADA/projects/ada-ipstack/src/core/aip-buffers.ads:153:13" shape : ellipse }
node: { title: "aip__tcp__tcp_write" label: "TCP_WRITE\n/home/mhanuel/Devel/ADA/projects/ada-ipstack/src/core/aip-tcp.ads:169:14" shape : ellipse }
node: { title: "aip__buffers__buffer_payload" label: "BUFFER_PAYLOAD\n/home/mhanuel/Devel/ADA/projects/ada-ipstack/src/core/aip-buffers.ads:159:13" shape : ellipse }
node: { title: "aip__tcp__tcp_sndbuf" label: "TCP_SNDBUF\n/home/mhanuel/Devel/ADA/projects/ada-ipstack/src/core/aip-tcp.ads:206:13" shape : ellipse }
node: { title: "aip__buffers__buffer_len" label: "BUFFER_LEN\n/home/mhanuel/Devel/ADA/projects/ada-ipstack/src/core/aip-buffers.ads:126:13" shape : ellipse }
node: { title: "system__img_int__image_integer" label: "Image_Integer\n/usr/local/gnat/arm-eabi/lib/gnat/ravenscar-full-stm32f769disco/gnat/s-imgint.ads:39:14" shape : ellipse }
node: { title: "system__img_lli__image_long_long_integer" label: "Image_Long_Long_Integer\n/usr/local/gnat/arm-eabi/lib/gnat/ravenscar-full-stm32f769disco/gnat/s-imglli.ads:39:14" shape : ellipse }
node: { title: "memmove" label: "builtin_memmove\n<built-in>" shape : ellipse }
node: { title: "__gnat_rcheck_CE_Length_Check" label: "gnat_rcheck_CE_Length_Check\n<built-in>" shape : ellipse }
node: { title: "aip__io__put_line" label: "PUT_LINE\n/home/mhanuel/Devel/ADA/projects/ada-ipstack/src/aip-io.ads:11:14" shape : ellipse }
node: { title: "raw_lwip_server__api_process__initialize" label: "Initialize\n/home/mhanuel/Devel/ADA/projects/ada-ipstack/src/services/sockets/raw_lwip_server-api_process.ads:37:14" shape : ellipse }
node: { title: "strings_edit__integers__put" label: "Put\n/home/mhanuel/Devel/ADA/projects/ada-ipstack/src/services/utils/strings_edit-integer_edit.ads:133:14" shape : ellipse }
node: { title: "strings_edit__put" label: "Put\n/home/mhanuel/Devel/ADA/projects/ada-ipstack/src/services/utils/strings_edit.ads:208:14" shape : ellipse }
node: { title: "system__storage_pools__subpools__deallocate_any_controlled" label: "Deallocate_Any_Controlled\n/usr/local/gnat/arm-eabi/lib/gnat/ravenscar-full-stm32f769disco/gnat/s-stposu.ads:305:14" shape : ellipse }
node: { title: "object__finalize" label: "Finalize\n/home/mhanuel/Devel/ADA/projects/ada-ipstack/src/services/utils/object.ads:99:14" shape : ellipse }
node: { title: "ada__tags__needs_finalization" label: "Needs_Finalization\n/usr/local/gnat/arm-eabi/lib/gnat/ravenscar-full-stm32f769disco/gnat/a-tags.ads:516:13" shape : ellipse }
node: { title: "system__secondary_stack__ss_release" label: "Ss_Release\n/usr/local/gnat/arm-eabi/lib/gnat/ravenscar-full-stm32f769disco/gnat/s-secsta.ads:70:14" shape : ellipse }
node: { title: "system__secondary_stack__ss_mark" label: "Ss_Mark\n/usr/local/gnat/arm-eabi/lib/gnat/ravenscar-full-stm32f769disco/gnat/s-secsta.ads:67:13" shape : ellipse }
node: { title: "__gnat_rcheck_PE_Access_Before_Elaboration" label: "gnat_rcheck_PE_Access_Before_Elaboration\n<built-in>" shape : ellipse }
node: { title: "system__finalization_masters__finalize" label: "Finalize\n/usr/local/gnat/arm-eabi/lib/gnat/ravenscar-full-stm32f769disco/gnat/s-finmas.ads:96:25" shape : ellipse }
node: { title: "ada__tags__unregister_tag" label: "Unregister_Tag\n/usr/local/gnat/arm-eabi/lib/gnat/ravenscar-full-stm32f769disco/gnat/a-tags.ads:575:14" shape : ellipse }
node: { title: "ada__finalization__limited_controlledIP" label: "Limited_Controlledip\n/usr/local/gnat/arm-eabi/lib/gnat/ravenscar-full-stm32f769disco/gnat/a-finali.ads:65:9" shape : ellipse }
node: { title: "__gnat_raise_from_controlled_operation" label: "Raise_From_Controlled_Operation\n/usr/local/gnat/arm-eabi/lib/gnat/ravenscar-full-stm32f769disco/gnat/a-except.ads:215:14" shape : ellipse }
node: { title: "__gnat_set_exception_parameter" label: "gnat_set_exception_parameter\n<built-in>" shape : ellipse }
node: { title: "system__stream_attributes__w_as" label: "W_As\n/usr/local/gnat/arm-eabi/lib/gnat/ravenscar-full-stm32f769disco/gnat/s-stratt.ads:133:14" shape : ellipse }
node: { title: "ada__finalization__controlledSW__2" label: "Controlledsw\n/usr/local/gnat/arm-eabi/lib/gnat/ravenscar-full-stm32f769disco/gnat/a-finali.ads:59:9" shape : ellipse }
node: { title: "system__stream_attributes__i_as" label: "I_As\n/usr/local/gnat/arm-eabi/lib/gnat/ravenscar-full-stm32f769disco/gnat/s-stratt.ads:102:13" shape : ellipse }
node: { title: "ada__finalization__controlledSR__2" label: "Controlledsr\n/usr/local/gnat/arm-eabi/lib/gnat/ravenscar-full-stm32f769disco/gnat/a-finali.ads:59:9" shape : ellipse }
node: { title: "object__entityIP" label: "Entityip\n/home/mhanuel/Devel/ADA/projects/ada-ipstack/src/services/utils/object.ads:40:9" shape : ellipse }
node: { title: "object__release" label: "Release\n/home/mhanuel/Devel/ADA/projects/ada-ipstack/src/services/utils/object.ads:129:14" shape : ellipse }
node: { title: "__gnat_end_handler" label: "gnat_end_handler\n<built-in>" shape : ellipse }
node: { title: "__gnat_begin_handler" label: "gnat_begin_handler\n<built-in>" shape : ellipse }
node: { title: "__gnat_rcheck_PE_Finalize_Raised_Exception" label: "gnat_rcheck_PE_Finalize_Raised_Exception\n<built-in>" shape : ellipse }
node: { title: "ada__finalization__controlledIP" label: "Controlledip\n/usr/local/gnat/arm-eabi/lib/gnat/ravenscar-full-stm32f769disco/gnat/a-finali.ads:59:9" shape : ellipse }
node: { title: "__gnat_rcheck_CE_Access_Check" label: "gnat_rcheck_CE_Access_Check\n<built-in>" shape : ellipse }
node: { title: "memcpy" label: "builtin_memcpy\n<built-in>" shape : ellipse }
node: { title: "system__secondary_stack__ss_allocate" label: "Ss_Allocate\n/usr/local/gnat/arm-eabi/lib/gnat/ravenscar-full-stm32f769disco/gnat/s-secsta.ads:58:14" shape : ellipse }
node: { title: "strings_edit__put__2" label: "Put\n/home/mhanuel/Devel/ADA/projects/ada-ipstack/src/services/utils/strings_edit.ads:235:14" shape : ellipse }
node: { title: "__gnat_rcheck_CE_Invalid_Data" label: "gnat_rcheck_CE_Invalid_Data\n<built-in>" shape : ellipse }
node: { title: "__gnat_rcheck_CE_Range_Check" label: "gnat_rcheck_CE_Range_Check\n<built-in>" shape : ellipse }
node: { title: "strings_edit__get__2" label: "Get\n/home/mhanuel/Devel/ADA/projects/ada-ipstack/src/services/utils/strings_edit.ads:184:14" shape : ellipse }
node: { title: "__gnat_rcheck_CE_Explicit_Raise" label: "gnat_rcheck_CE_Explicit_Raise\n<built-in>" shape : ellipse }
node: { title: "__gnat_mulv64" label: "gnat_mulv64\n<built-in>" shape : ellipse }
node: { title: "strings_edit__getdigit" label: "Getdigit\n/home/mhanuel/Devel/ADA/projects/ada-ipstack/src/services/utils/strings_edit.ads:333:13" shape : ellipse }
node: { title: "strings_edit__get" label: "Get\n/home/mhanuel/Devel/ADA/projects/ada-ipstack/src/services/utils/strings_edit.ads:164:14" shape : ellipse }
node: { title: "__gnat_rcheck_CE_Index_Check" label: "gnat_rcheck_CE_Index_Check\n<built-in>" shape : ellipse }
node: { title: "__gnat_raise_exception" label: "Raise_Exception_Always\n/usr/local/gnat/arm-eabi/lib/gnat/ravenscar-full-stm32f769disco/gnat/a-except.ads:188:14" shape : ellipse }
node: { title: "__gnat_rcheck_CE_Overflow_Check" label: "gnat_rcheck_CE_Overflow_Check\n<built-in>" shape : ellipse }
node: { title: "__gnat_rcheck_CE_Divide_By_Zero" label: "gnat_rcheck_CE_Divide_By_Zero\n<built-in>" shape : ellipse }
node: { title: "/home/mhanuel/Devel/ADA/projects/ada-ipstack/src/services/sockets/raw_lwip_server.adb:_GLOBAL__SZ15_raw_lwip_server" label: "Sz15_Raw_Lwip_Server\n/home/mhanuel/Devel/ADA/projects/ada-ipstack/src/services/sockets/raw_lwip_server.ads:1517:44\n24 bytes (static)" }
node: { title: "/home/mhanuel/Devel/ADA/projects/ada-ipstack/src/services/sockets/raw_lwip_server.adb:_GLOBAL__SZ14_raw_lwip_server" label: "Sz14_Raw_Lwip_Server\n/home/mhanuel/Devel/ADA/projects/ada-ipstack/src/services/sockets/raw_lwip_server.ads:1517:44\n32 bytes (static)" }
node: { title: "raw_lwip_server___elabs" label: "Raw_Lwip_Server\n/home/mhanuel/Devel/ADA/projects/ada-ipstack/src/services/sockets/raw_lwip_server.ads:43:1\n8 bytes (static)" }
edge: { sourcename: "raw_lwip_server___elabs" targetname: "ada__tags__register_tag" label: "/home/mhanuel/Devel/ADA/projects/ada-ipstack/src/services/sockets/raw_lwip_server.ads:1630:9" }
edge: { sourcename: "raw_lwip_server___elabs" targetname: "ada__tags__check_tsd" label: "/home/mhanuel/Devel/ADA/projects/ada-ipstack/src/services/sockets/raw_lwip_server.ads:1630:9" }
edge: { sourcename: "raw_lwip_server___elabs" targetname: "ada__tags__register_tag" label: "/home/mhanuel/Devel/ADA/projects/ada-ipstack/src/services/sockets/raw_lwip_server.ads:1614:9" }
edge: { sourcename: "raw_lwip_server___elabs" targetname: "ada__tags__check_tsd" label: "/home/mhanuel/Devel/ADA/projects/ada-ipstack/src/services/sockets/raw_lwip_server.ads:1614:9" }
edge: { sourcename: "raw_lwip_server___elabs" targetname: "ada__tags__register_tag" label: "/home/mhanuel/Devel/ADA/projects/ada-ipstack/src/services/sockets/raw_lwip_server.ads:1603:9" }
edge: { sourcename: "raw_lwip_server___elabs" targetname: "ada__tags__check_tsd" label: "/home/mhanuel/Devel/ADA/projects/ada-ipstack/src/services/sockets/raw_lwip_server.ads:1603:9" }
edge: { sourcename: "raw_lwip_server___elabs" targetname: "ada__tags__register_tag" label: "/home/mhanuel/Devel/ADA/projects/ada-ipstack/src/services/sockets/raw_lwip_server.ads:1487:9" }
edge: { sourcename: "raw_lwip_server___elabs" targetname: "ada__tags__check_tsd" label: "/home/mhanuel/Devel/ADA/projects/ada-ipstack/src/services/sockets/raw_lwip_server.ads:1487:9" }
edge: { sourcename: "raw_lwip_server___elabs" targetname: "system__finalization_masters__set_finalize_address" label: "/home/mhanuel/Devel/ADA/projects/ada-ipstack/src/services/sockets/raw_lwip_server.ads:1679:4" }
edge: { sourcename: "raw_lwip_server___elabs" targetname: "system__finalization_masters__set_finalize_address" label: "/home/mhanuel/Devel/ADA/projects/ada-ipstack/src/services/sockets/raw_lwip_server.ads:1679:4" }
edge: { sourcename: "raw_lwip_server___elabs" targetname: "system__finalization_masters__set_finalize_address" label: "/home/mhanuel/Devel/ADA/projects/ada-ipstack/src/services/sockets/raw_lwip_server.ads:141:9" }
edge: { sourcename: "raw_lwip_server___elabs" targetname: "system__finalization_masters__set_base_pool" label: "/home/mhanuel/Devel/ADA/projects/ada-ipstack/src/services/sockets/raw_lwip_server.ads:141:9" }
edge: { sourcename: "raw_lwip_server___elabs" targetname: "system__finalization_masters__initialize__2" label: "/home/mhanuel/Devel/ADA/projects/ada-ipstack/src/services/sockets/raw_lwip_server.ads:141:9" }
edge: { sourcename: "raw_lwip_server___elabs" targetname: "system__finalization_masters__finalization_masterIP" label: "/home/mhanuel/Devel/ADA/projects/ada-ipstack/src/services/sockets/raw_lwip_server.ads:141:9" }
edge: { sourcename: "raw_lwip_server___elabs" targetname: "system__secondary_stack__ss_release" label: "/home/mhanuel/Devel/ADA/projects/ada-ipstack/src/services/utils/object-handle.ads:175:4" }
edge: { sourcename: "raw_lwip_server___elabs" targetname: "ada__finalization__controlledIP" label: "/home/mhanuel/Devel/ADA/projects/ada-ipstack/src/services/utils/object-handle.ads:176:21" }
edge: { sourcename: "raw_lwip_server___elabs" targetname: "system__secondary_stack__ss_mark" label: "/home/mhanuel/Devel/ADA/projects/ada-ipstack/src/services/utils/object-handle.ads:175:4" }
edge: { sourcename: "raw_lwip_server___elabs" targetname: "ada__tags__register_tag" label: "/home/mhanuel/Devel/ADA/projects/ada-ipstack/src/services/utils/object-handle.ads:157:9" }
edge: { sourcename: "raw_lwip_server___elabs" targetname: "ada__tags__check_tsd" label: "/home/mhanuel/Devel/ADA/projects/ada-ipstack/src/services/utils/object-handle.ads:157:9" }
edge: { sourcename: "raw_lwip_server___elabs" targetname: "system__finalization_masters__set_finalize_address" label: "/home/mhanuel/Devel/ADA/projects/ada-ipstack/src/services/sockets/raw_lwip_server.ads:1581:4" }
edge: { sourcename: "raw_lwip_server___elabs" targetname: "system__finalization_masters__set_base_pool" label: "/home/mhanuel/Devel/ADA/projects/ada-ipstack/src/services/sockets/raw_lwip_server.ads:148:9" }
edge: { sourcename: "raw_lwip_server___elabs" targetname: "system__finalization_masters__initialize__2" label: "/home/mhanuel/Devel/ADA/projects/ada-ipstack/src/services/sockets/raw_lwip_server.ads:148:9" }
edge: { sourcename: "raw_lwip_server___elabs" targetname: "system__finalization_masters__finalization_masterIP" label: "/home/mhanuel/Devel/ADA/projects/ada-ipstack/src/services/sockets/raw_lwip_server.ads:148:9" }
edge: { sourcename: "raw_lwip_server___elabs" targetname: "system__finalization_masters__set_base_pool" label: "/home/mhanuel/Devel/ADA/projects/ada-ipstack/src/services/sockets/raw_lwip_server.ads:160:9" }
edge: { sourcename: "raw_lwip_server___elabs" targetname: "system__finalization_masters__initialize__2" label: "/home/mhanuel/Devel/ADA/projects/ada-ipstack/src/services/sockets/raw_lwip_server.ads:160:9" }
edge: { sourcename: "raw_lwip_server___elabs" targetname: "system__finalization_masters__finalization_masterIP" label: "/home/mhanuel/Devel/ADA/projects/ada-ipstack/src/services/sockets/raw_lwip_server.ads:160:9" }
edge: { sourcename: "raw_lwip_server___elabs" targetname: "system__finalization_masters__set_base_pool" label: "/home/mhanuel/Devel/ADA/projects/ada-ipstack/src/services/sockets/raw_lwip_server.ads:133:9" }
edge: { sourcename: "raw_lwip_server___elabs" targetname: "system__finalization_masters__initialize__2" label: "/home/mhanuel/Devel/ADA/projects/ada-ipstack/src/services/sockets/raw_lwip_server.ads:133:9" }
edge: { sourcename: "raw_lwip_server___elabs" targetname: "system__finalization_masters__finalization_masterIP" label: "/home/mhanuel/Devel/ADA/projects/ada-ipstack/src/services/sockets/raw_lwip_server.ads:133:9" }
node: { title: "raw_lwip_server___elabb" label: "Raw_Lwip_Server\n/home/mhanuel/Devel/ADA/projects/ada-ipstack/src/services/sockets/raw_lwip_server.adb:42:1\n4 bytes (static)" }
node: { title: "raw_lwip_server__write" label: "Write\n/home/mhanuel/Devel/ADA/projects/ada-ipstack/src/services/sockets/raw_lwip_server.adb:2228:4\n184 bytes (static)" }
edge: { sourcename: "raw_lwip_server__write" targetname: "__gnat_rcheck_CE_Overflow_Check" label: "/home/mhanuel/Devel/ADA/projects/ada-ipstack/src/services/sockets/raw_lwip_server.adb:2329:29" }
edge: { sourcename: "raw_lwip_server__write" targetname: "__indirect_call" label: "/home/mhanuel/Devel/ADA/projects/ada-ipstack/src/services/sockets/raw_lwip_server.adb:2319:19" }
node: { title: "__indirect_call" label: "Indirect Call Placeholder" shape : ellipse }
edge: { sourcename: "raw_lwip_server__write" targetname: "__gnat_rcheck_CE_Range_Check" label: "/home/mhanuel/Devel/ADA/projects/ada-ipstack/src/services/sockets/raw_lwip_server.adb:2324:22" }
edge: { sourcename: "raw_lwip_server__write" targetname: "__gnat_rcheck_CE_Overflow_Check" label: "/home/mhanuel/Devel/ADA/projects/ada-ipstack/src/services/sockets/raw_lwip_server.adb:2324:46" }
edge: { sourcename: "raw_lwip_server__write" targetname: "__gnat_rcheck_CE_Access_Check" label: "/home/mhanuel/Devel/ADA/projects/ada-ipstack/src/services/sockets/raw_lwip_server.adb:2320:37" }
edge: { sourcename: "raw_lwip_server__write" targetname: "__gnat_rcheck_CE_Range_Check" label: "/home/mhanuel/Devel/ADA/projects/ada-ipstack/src/services/sockets/raw_lwip_server.adb:2310:19" }
edge: { sourcename: "raw_lwip_server__write" targetname: "raw_lwip_server__send_server" label: "/home/mhanuel/Devel/ADA/projects/ada-ipstack/src/services/sockets/raw_lwip_server.adb:2310:19" }
edge: { sourcename: "raw_lwip_server__write" targetname: "__gnat_rcheck_CE_Range_Check" label: "/home/mhanuel/Devel/ADA/projects/ada-ipstack/src/services/sockets/raw_lwip_server.adb:2314:22" }
edge: { sourcename: "raw_lwip_server__write" targetname: "__gnat_rcheck_CE_Overflow_Check" label: "/home/mhanuel/Devel/ADA/projects/ada-ipstack/src/services/sockets/raw_lwip_server.adb:2314:46" }
edge: { sourcename: "raw_lwip_server__write" targetname: "__gnat_rcheck_CE_Overflow_Check" label: "/home/mhanuel/Devel/ADA/projects/ada-ipstack/src/services/sockets/raw_lwip_server.adb:2272:29" }
edge: { sourcename: "raw_lwip_server__write" targetname: "__indirect_call" label: "/home/mhanuel/Devel/ADA/projects/ada-ipstack/src/services/sockets/raw_lwip_server.adb:2262:19" }
edge: { sourcename: "raw_lwip_server__write" targetname: "__gnat_rcheck_CE_Range_Check" label: "/home/mhanuel/Devel/ADA/projects/ada-ipstack/src/services/sockets/raw_lwip_server.adb:2267:22" }
edge: { sourcename: "raw_lwip_server__write" targetname: "__gnat_rcheck_CE_Access_Check" label: "/home/mhanuel/Devel/ADA/projects/ada-ipstack/src/services/sockets/raw_lwip_server.adb:2263:37" }
edge: { sourcename: "raw_lwip_server__write" targetname: "__gnat_rcheck_CE_Range_Check" label: "/home/mhanuel/Devel/ADA/projects/ada-ipstack/src/services/sockets/raw_lwip_server.adb:2253:19" }
edge: { sourcename: "raw_lwip_server__write" targetname: "raw_lwip_server__send_server" label: "/home/mhanuel/Devel/ADA/projects/ada-ipstack/src/services/sockets/raw_lwip_server.adb:2253:19" }
edge: { sourcename: "raw_lwip_server__write" targetname: "__gnat_rcheck_CE_Range_Check" label: "/home/mhanuel/Devel/ADA/projects/ada-ipstack/src/services/sockets/raw_lwip_server.adb:2257:22" }
edge: { sourcename: "raw_lwip_server__write" targetname: "__gnat_rcheck_PE_Access_Before_Elaboration" label: "/home/mhanuel/Devel/ADA/projects/ada-ipstack/src/services/sockets/raw_lwip_server.adb:2228:4" }
node: { title: "raw_lwip_server__used__2" label: "Used\n/home/mhanuel/Devel/ADA/projects/ada-ipstack/src/services/sockets/raw_lwip_server.adb:2218:4\n40 bytes (static)" }
edge: { sourcename: "raw_lwip_server__used__2" targetname: "__gnat_rcheck_CE_Overflow_Check" label: "/home/mhanuel/Devel/ADA/projects/ada-ipstack/src/services/sockets/raw_lwip_server.adb:2223:62" }
edge: { sourcename: "raw_lwip_server__used__2" targetname: "__gnat_rcheck_CE_Overflow_Check" label: "/home/mhanuel/Devel/ADA/projects/ada-ipstack/src/services/sockets/raw_lwip_server.adb:2223:39" }
edge: { sourcename: "raw_lwip_server__used__2" targetname: "__gnat_rcheck_CE_Range_Check" label: "/home/mhanuel/Devel/ADA/projects/ada-ipstack/src/services/sockets/raw_lwip_server.adb:2223:62" }
edge: { sourcename: "raw_lwip_server__used__2" targetname: "__gnat_rcheck_CE_Overflow_Check" label: "/home/mhanuel/Devel/ADA/projects/ada-ipstack/src/services/sockets/raw_lwip_server.adb:2223:62" }
edge: { sourcename: "raw_lwip_server__used__2" targetname: "__gnat_rcheck_CE_Overflow_Check" label: "/home/mhanuel/Devel/ADA/projects/ada-ipstack/src/services/sockets/raw_lwip_server.adb:2223:39" }
edge: { sourcename: "raw_lwip_server__used__2" targetname: "__gnat_rcheck_CE_Overflow_Check" label: "/home/mhanuel/Devel/ADA/projects/ada-ipstack/src/services/sockets/raw_lwip_server.adb:2221:38" }
edge: { sourcename: "raw_lwip_server__used__2" targetname: "__gnat_rcheck_CE_Range_Check" label: "/home/mhanuel/Devel/ADA/projects/ada-ipstack/src/services/sockets/raw_lwip_server.adb:2221:38" }
edge: { sourcename: "raw_lwip_server__used__2" targetname: "__gnat_rcheck_CE_Overflow_Check" label: "/home/mhanuel/Devel/ADA/projects/ada-ipstack/src/services/sockets/raw_lwip_server.adb:2221:38" }
node: { title: "raw_lwip_server__used" label: "Used\n/home/mhanuel/Devel/ADA/projects/ada-ipstack/src/services/sockets/raw_lwip_server.adb:2207:4\n48 bytes (static)" }
edge: { sourcename: "raw_lwip_server__used" targetname: "__gnat_rcheck_CE_Range_Check" label: "/home/mhanuel/Devel/ADA/projects/ada-ipstack/src/services/sockets/raw_lwip_server.adb:2214:17" }
edge: { sourcename: "raw_lwip_server__used" targetname: "__gnat_rcheck_CE_Overflow_Check" label: "/home/mhanuel/Devel/ADA/projects/ada-ipstack/src/services/sockets/raw_lwip_server.adb:2212:36" }
edge: { sourcename: "raw_lwip_server__used" targetname: "__gnat_rcheck_CE_Range_Check" label: "/home/mhanuel/Devel/ADA/projects/ada-ipstack/src/services/sockets/raw_lwip_server.adb:2212:36" }
edge: { sourcename: "raw_lwip_server__used" targetname: "__gnat_rcheck_CE_Overflow_Check" label: "/home/mhanuel/Devel/ADA/projects/ada-ipstack/src/services/sockets/raw_lwip_server.adb:2212:36" }
edge: { sourcename: "raw_lwip_server__used" targetname: "__gnat_rcheck_CE_Overflow_Check" label: "/home/mhanuel/Devel/ADA/projects/ada-ipstack/src/services/sockets/raw_lwip_server.adb:2209:34" }
node: { title: "raw_lwip_server__unblock_send" label: "Unblock_Send\n/home/mhanuel/Devel/ADA/projects/ada-ipstack/src/services/sockets/raw_lwip_server.adb:2181:4\n56 bytes (static)" }
edge: { sourcename: "raw_lwip_server__unblock_send" targetname: "__gnat_rcheck_PE_Access_Before_Elaboration" label: "/home/mhanuel/Devel/ADA/projects/ada-ipstack/src/services/sockets/raw_lwip_server.adb:2181:4" }
node: { title: "raw_lwip_server__to_string" label: "To_String\n/home/mhanuel/Devel/ADA/projects/ada-ipstack/src/services/sockets/raw_lwip_server.adb:1972:4\n96 bytes (dynamic)" }
edge: { sourcename: "raw_lwip_server__to_string" targetname: "memcpy" }
edge: { sourcename: "raw_lwip_server__to_string" targetname: "system__secondary_stack__ss_allocate" label: "/home/mhanuel/Devel/ADA/projects/ada-ipstack/src/services/sockets/raw_lwip_server.adb:1980:7" }
edge: { sourcename: "raw_lwip_server__to_string" targetname: "__gnat_rcheck_CE_Overflow_Check" label: "/home/mhanuel/Devel/ADA/projects/ada-ipstack/src/services/sockets/raw_lwip_server.adb:1978:25" }
edge: { sourcename: "raw_lwip_server__to_string" targetname: "__gnat_rcheck_CE_Index_Check" label: "/home/mhanuel/Devel/ADA/projects/ada-ipstack/src/services/sockets/raw_lwip_server.adb:1977:10" }
edge: { sourcename: "raw_lwip_server__to_string" targetname: "__gnat_rcheck_CE_Range_Check" label: "/home/mhanuel/Devel/ADA/projects/ada-ipstack/src/services/sockets/raw_lwip_server.adb:1973:33" }
node: { title: "raw_lwip_server__stop" label: "Stop\n/home/mhanuel/Devel/ADA/projects/ada-ipstack/src/services/sockets/raw_lwip_server.adb:1815:4\n520 bytes (static)" }
edge: { sourcename: "raw_lwip_server__stop" targetname: "_Unwind_Resume" }
edge: { sourcename: "raw_lwip_server__stop" targetname: "__gnat_end_handler" label: "/home/mhanuel/Devel/ADA/projects/ada-ipstack/src/services/sockets/raw_lwip_server.adb:1953:0" }
edge: { sourcename: "raw_lwip_server__stop" targetname: "__gnat_reraise_zcx" label: "/home/mhanuel/Devel/ADA/projects/ada-ipstack/src/services/sockets/raw_lwip_server.adb:1956:10" }
edge: { sourcename: "raw_lwip_server__stop" targetname: "__gnat_set_exception_parameter" }
edge: { sourcename: "raw_lwip_server__stop" targetname: "__gnat_begin_handler" label: "/home/mhanuel/Devel/ADA/projects/ada-ipstack/src/services/sockets/raw_lwip_server.adb:1953:7" }
edge: { sourcename: "raw_lwip_server__stop" targetname: "_Unwind_Resume" }
edge: { sourcename: "raw_lwip_server__stop" targetname: "__gnat_end_handler" label: "/home/mhanuel/Devel/ADA/projects/ada-ipstack/src/services/sockets/raw_lwip_server.adb:1945:0" }
edge: { sourcename: "raw_lwip_server__stop" targetname: "__gnat_begin_handler" label: "/home/mhanuel/Devel/ADA/projects/ada-ipstack/src/services/sockets/raw_lwip_server.adb:1945:10" }
edge: { sourcename: "raw_lwip_server__stop" targetname: "__gnat_end_handler" label: "/home/mhanuel/Devel/ADA/projects/ada-ipstack/src/services/sockets/raw_lwip_server.adb:1933:0" }
edge: { sourcename: "raw_lwip_server__stop" targetname: "__gnat_set_exception_parameter" }
edge: { sourcename: "raw_lwip_server__stop" targetname: "__gnat_begin_handler" label: "/home/mhanuel/Devel/ADA/projects/ada-ipstack/src/services/sockets/raw_lwip_server.adb:1933:10" }
edge: { sourcename: "raw_lwip_server__stop" targetname: "__gnat_end_handler" label: "/home/mhanuel/Devel/ADA/projects/ada-ipstack/src/services/sockets/raw_lwip_server.adb:1921:0" }
edge: { sourcename: "raw_lwip_server__stop" targetname: "__gnat_set_exception_parameter" }
edge: { sourcename: "raw_lwip_server__stop" targetname: "__gnat_begin_handler" label: "/home/mhanuel/Devel/ADA/projects/ada-ipstack/src/services/sockets/raw_lwip_server.adb:1921:10" }
edge: { sourcename: "raw_lwip_server__stop" targetname: "__gnat_end_handler" label: "/home/mhanuel/Devel/ADA/projects/ada-ipstack/src/services/sockets/raw_lwip_server.adb:1858:0" }
edge: { sourcename: "raw_lwip_server__stop" targetname: "__gnat_set_exception_parameter" }
edge: { sourcename: "raw_lwip_server__stop" targetname: "__gnat_begin_handler" label: "/home/mhanuel/Devel/ADA/projects/ada-ipstack/src/services/sockets/raw_lwip_server.adb:1858:13" }
edge: { sourcename: "raw_lwip_server__stop" targetname: "__gnat_end_handler" label: "/home/mhanuel/Devel/ADA/projects/ada-ipstack/src/services/sockets/raw_lwip_server.adb:1856:13" }
edge: { sourcename: "raw_lwip_server__stop" targetname: "__gnat_begin_handler" label: "/home/mhanuel/Devel/ADA/projects/ada-ipstack/src/services/sockets/raw_lwip_server.adb:1856:13" }
edge: { sourcename: "raw_lwip_server__stop" targetname: "__gnat_end_handler" label: "/home/mhanuel/Devel/ADA/projects/ada-ipstack/src/services/sockets/raw_lwip_server.adb:1843:0" }
edge: { sourcename: "raw_lwip_server__stop" targetname: "__gnat_set_exception_parameter" }
edge: { sourcename: "raw_lwip_server__stop" targetname: "__gnat_begin_handler" label: "/home/mhanuel/Devel/ADA/projects/ada-ipstack/src/services/sockets/raw_lwip_server.adb:1843:13" }
edge: { sourcename: "raw_lwip_server__stop" targetname: "__gnat_end_handler" label: "/home/mhanuel/Devel/ADA/projects/ada-ipstack/src/services/sockets/raw_lwip_server.adb:1841:13" }
edge: { sourcename: "raw_lwip_server__stop" targetname: "__gnat_begin_handler" label: "/home/mhanuel/Devel/ADA/projects/ada-ipstack/src/services/sockets/raw_lwip_server.adb:1841:13" }
edge: { sourcename: "raw_lwip_server__stop" targetname: "__indirect_call" label: "/home/mhanuel/Devel/ADA/projects/ada-ipstack/src/services/sockets/raw_lwip_server.adb:1943:10" }
edge: { sourcename: "raw_lwip_server__stop" targetname: "__gnat_rcheck_CE_Access_Check" label: "/home/mhanuel/Devel/ADA/projects/ada-ipstack/src/services/sockets/raw_lwip_server.adb:1943:27" }
edge: { sourcename: "raw_lwip_server__stop" targetname: "__indirect_call" label: "/home/mhanuel/Devel/ADA/projects/ada-ipstack/src/services/sockets/raw_lwip_server.adb:1931:10" }
edge: { sourcename: "raw_lwip_server__stop" targetname: "__gnat_rcheck_CE_Access_Check" label: "/home/mhanuel/Devel/ADA/projects/ada-ipstack/src/services/sockets/raw_lwip_server.adb:1931:25" }
edge: { sourcename: "raw_lwip_server__stop" targetname: "__indirect_call" label: "/home/mhanuel/Devel/ADA/projects/ada-ipstack/src/services/sockets/raw_lwip_server.adb:1919:10" }
edge: { sourcename: "raw_lwip_server__stop" targetname: "__gnat_rcheck_CE_Access_Check" label: "/home/mhanuel/Devel/ADA/projects/ada-ipstack/src/services/sockets/raw_lwip_server.adb:1915:13" }
edge: { sourcename: "raw_lwip_server__stop" targetname: "__gnat_rcheck_CE_Range_Check" label: "/home/mhanuel/Devel/ADA/projects/ada-ipstack/src/services/sockets/raw_lwip_server.adb:1910:47" }
edge: { sourcename: "raw_lwip_server__stop" targetname: "__gnat_rcheck_CE_Range_Check" label: "/home/mhanuel/Devel/ADA/projects/ada-ipstack/src/services/sockets/raw_lwip_server.adb:1908:47" }
edge: { sourcename: "raw_lwip_server__stop" targetname: "__gnat_rcheck_CE_Access_Check" label: "/home/mhanuel/Devel/ADA/projects/ada-ipstack/src/services/sockets/raw_lwip_server.adb:1868:16" }
edge: { sourcename: "raw_lwip_server__stop" targetname: "__indirect_call" label: "/home/mhanuel/Devel/ADA/projects/ada-ipstack/src/services/sockets/raw_lwip_server.adb:1854:13" }
edge: { sourcename: "raw_lwip_server__stop" targetname: "__gnat_rcheck_CE_Access_Check" label: "/home/mhanuel/Devel/ADA/projects/ada-ipstack/src/services/sockets/raw_lwip_server.adb:1854:34" }
edge: { sourcename: "raw_lwip_server__stop" targetname: "__gnat_rcheck_CE_Access_Check" label: "/home/mhanuel/Devel/ADA/projects/ada-ipstack/src/services/sockets/raw_lwip_server.adb:1853:19" }
edge: { sourcename: "raw_lwip_server__stop" targetname: "__indirect_call" label: "/home/mhanuel/Devel/ADA/projects/ada-ipstack/src/services/sockets/raw_lwip_server.adb:1839:13" }
edge: { sourcename: "raw_lwip_server__stop" targetname: "__gnat_rcheck_CE_Access_Check" label: "/home/mhanuel/Devel/ADA/projects/ada-ipstack/src/services/sockets/raw_lwip_server.adb:1820:41" }
node: { title: "raw_lwip_server__shutdown" label: "Shutdown\n/home/mhanuel/Devel/ADA/projects/ada-ipstack/src/services/sockets/raw_lwip_server.adb:1789:4\n16 bytes (static)" }
edge: { sourcename: "raw_lwip_server__shutdown" targetname: "__gnat_rcheck_PE_Access_Before_Elaboration" label: "/home/mhanuel/Devel/ADA/projects/ada-ipstack/src/services/sockets/raw_lwip_server.adb:1789:4" }
node: { title: "raw_lwip_server__set_overlapped_size" label: "Set_Overlapped_Size\n/home/mhanuel/Devel/ADA/projects/ada-ipstack/src/services/sockets/raw_lwip_server.adb:1781:4\n32 bytes (static)" }
edge: { sourcename: "raw_lwip_server__set_overlapped_size" targetname: "__gnat_rcheck_PE_Access_Before_Elaboration" label: "/home/mhanuel/Devel/ADA/projects/ada-ipstack/src/services/sockets/raw_lwip_server.adb:1781:4" }
node: { title: "raw_lwip_server__set_failed" label: "Set_Failed\n/home/mhanuel/Devel/ADA/projects/ada-ipstack/src/services/sockets/raw_lwip_server.adb:1771:4\n16 bytes (static)" }
edge: { sourcename: "raw_lwip_server__set_failed" targetname: "__gnat_rcheck_PE_Access_Before_Elaboration" label: "/home/mhanuel/Devel/ADA/projects/ada-ipstack/src/services/sockets/raw_lwip_server.adb:1771:4" }
node: { title: "raw_lwip_server__service_postponed" label: "Service_Postponed\n/home/mhanuel/Devel/ADA/projects/ada-ipstack/src/services/sockets/raw_lwip_server.adb:1733:4\n496 bytes (static)" }
edge: { sourcename: "raw_lwip_server__service_postponed" targetname: "_Unwind_Resume" }
edge: { sourcename: "raw_lwip_server__service_postponed" targetname: "_Unwind_Resume" }
edge: { sourcename: "raw_lwip_server__service_postponed" targetname: "__gnat_end_handler" label: "/home/mhanuel/Devel/ADA/projects/ada-ipstack/src/services/sockets/raw_lwip_server.adb:1758:0" }
edge: { sourcename: "raw_lwip_server__service_postponed" targetname: "raw_lwip_server__stop" label: "/home/mhanuel/Devel/ADA/projects/ada-ipstack/src/services/sockets/raw_lwip_server.adb:1765:16" }
edge: { sourcename: "raw_lwip_server__service_postponed" targetname: "__gnat_set_exception_parameter" }
edge: { sourcename: "raw_lwip_server__service_postponed" targetname: "__gnat_begin_handler" label: "/home/mhanuel/Devel/ADA/projects/ada-ipstack/src/services/sockets/raw_lwip_server.adb:1758:13" }
edge: { sourcename: "raw_lwip_server__service_postponed" targetname: "__gnat_end_handler" label: "/home/mhanuel/Devel/ADA/projects/ada-ipstack/src/services/sockets/raw_lwip_server.adb:1756:0" }
edge: { sourcename: "raw_lwip_server__service_postponed" targetname: "raw_lwip_server__stop" label: "/home/mhanuel/Devel/ADA/projects/ada-ipstack/src/services/sockets/raw_lwip_server.adb:1757:16" }
edge: { sourcename: "raw_lwip_server__service_postponed" targetname: "__gnat_begin_handler" label: "/home/mhanuel/Devel/ADA/projects/ada-ipstack/src/services/sockets/raw_lwip_server.adb:1756:13" }
edge: { sourcename: "raw_lwip_server__service_postponed" targetname: "_Unwind_Resume" }
edge: { sourcename: "raw_lwip_server__service_postponed" targetname: "__gnat_rcheck_CE_Range_Check" label: "/home/mhanuel/Devel/ADA/projects/ada-ipstack/src/services/sockets/raw_lwip_server.adb:1753:16" }
edge: { sourcename: "raw_lwip_server__service_postponed" targetname: "raw_lwip_server__append" label: "/home/mhanuel/Devel/ADA/projects/ada-ipstack/src/services/sockets/raw_lwip_server.adb:1753:16" }
edge: { sourcename: "raw_lwip_server__service_postponed" targetname: "__indirect_call" label: "/home/mhanuel/Devel/ADA/projects/ada-ipstack/src/services/sockets/raw_lwip_server.adb:1747:13" }
edge: { sourcename: "raw_lwip_server__service_postponed" targetname: "__gnat_rcheck_CE_Range_Check" label: "/home/mhanuel/Devel/ADA/projects/ada-ipstack/src/services/sockets/raw_lwip_server.adb:1741:10" }
edge: { sourcename: "raw_lwip_server__service_postponed" targetname: "raw_lwip_server__remove" label: "/home/mhanuel/Devel/ADA/projects/ada-ipstack/src/services/sockets/raw_lwip_server.adb:1741:10" }
edge: { sourcename: "raw_lwip_server__service_postponed" targetname: "__gnat_rcheck_CE_Access_Check" label: "/home/mhanuel/Devel/ADA/projects/ada-ipstack/src/services/sockets/raw_lwip_server.adb:1743:20" }
edge: { sourcename: "raw_lwip_server__service_postponed" targetname: "__gnat_rcheck_PE_Access_Before_Elaboration" label: "/home/mhanuel/Devel/ADA/projects/ada-ipstack/src/services/sockets/raw_lwip_server.adb:1733:4" }
node: { title: "raw_lwip_server__set_expected_count" label: "Set_Expected_Count\n/home/mhanuel/Devel/ADA/projects/ada-ipstack/src/services/sockets/raw_lwip_server.adb:1725:4\n32 bytes (static)" }
edge: { sourcename: "raw_lwip_server__set_expected_count" targetname: "__gnat_rcheck_PE_Access_Before_Elaboration" label: "/home/mhanuel/Devel/ADA/projects/ada-ipstack/src/services/sockets/raw_lwip_server.adb:1725:4" }
node: { title: "raw_lwip_server__set_client_data" label: "Set_Client_Data\n/home/mhanuel/Devel/ADA/projects/ada-ipstack/src/services/sockets/raw_lwip_server.adb:1708:4\n16 bytes (static)" }
edge: { sourcename: "raw_lwip_server__set_client_data" targetname: "__gnat_rcheck_PE_Access_Before_Elaboration" label: "/home/mhanuel/Devel/ADA/projects/ada-ipstack/src/services/sockets/raw_lwip_server.adb:1708:4" }
node: { title: "raw_lwip_server__sent" label: "Sent\n/home/mhanuel/Devel/ADA/projects/ada-ipstack/src/services/sockets/raw_lwip_server.adb:1703:4\n16 bytes (static)" }
edge: { sourcename: "raw_lwip_server__sent" targetname: "__gnat_rcheck_PE_Access_Before_Elaboration" label: "/home/mhanuel/Devel/ADA/projects/ada-ipstack/src/services/sockets/raw_lwip_server.adb:1703:4" }
node: { title: "raw_lwip_server__poll_connections" label: "Poll_Connections\n/home/mhanuel/Devel/ADA/projects/ada-ipstack/src/services/sockets/raw_lwip_server.adb:1663:4\n40 bytes (static)" }
edge: { sourcename: "raw_lwip_server__poll_connections" targetname: "raw_lwip_server__data_sent" label: "/home/mhanuel/Devel/ADA/projects/ada-ipstack/src/services/sockets/raw_lwip_server.adb:1683:28" }
edge: { sourcename: "raw_lwip_server__poll_connections" targetname: "__gnat_rcheck_CE_Access_Check" label: "/home/mhanuel/Devel/ADA/projects/ada-ipstack/src/services/sockets/raw_lwip_server.adb:1682:35" }
edge: { sourcename: "raw_lwip_server__poll_connections" targetname: "__gnat_rcheck_CE_Access_Check" label: "/home/mhanuel/Devel/ADA/projects/ada-ipstack/src/services/sockets/raw_lwip_server.adb:1681:32" }
edge: { sourcename: "raw_lwip_server__poll_connections" targetname: "__indirect_call" label: "/home/mhanuel/Devel/ADA/projects/ada-ipstack/src/services/sockets/raw_lwip_server.adb:1677:22" }
edge: { sourcename: "raw_lwip_server__poll_connections" targetname: "__gnat_rcheck_CE_Access_Check" label: "/home/mhanuel/Devel/ADA/projects/ada-ipstack/src/services/sockets/raw_lwip_server.adb:1677:36" }
edge: { sourcename: "raw_lwip_server__poll_connections" targetname: "__gnat_rcheck_CE_Access_Check" label: "/home/mhanuel/Devel/ADA/projects/ada-ipstack/src/services/sockets/raw_lwip_server.adb:1675:33" }
edge: { sourcename: "raw_lwip_server__poll_connections" targetname: "__gnat_rcheck_CE_Access_Check" label: "/home/mhanuel/Devel/ADA/projects/ada-ipstack/src/services/sockets/raw_lwip_server.adb:1673:70" }
edge: { sourcename: "raw_lwip_server__poll_connections" targetname: "__gnat_rcheck_CE_Access_Check" label: "/home/mhanuel/Devel/ADA/projects/ada-ipstack/src/services/sockets/raw_lwip_server.adb:1671:35" }
edge: { sourcename: "raw_lwip_server__poll_connections" targetname: "__gnat_rcheck_CE_Access_Check" label: "/home/mhanuel/Devel/ADA/projects/ada-ipstack/src/services/sockets/raw_lwip_server.adb:1670:24" }
edge: { sourcename: "raw_lwip_server__poll_connections" targetname: "__gnat_rcheck_CE_Access_Check" label: "/home/mhanuel/Devel/ADA/projects/ada-ipstack/src/services/sockets/raw_lwip_server.adb:1669:34" }
edge: { sourcename: "raw_lwip_server__poll_connections" targetname: "__gnat_rcheck_PE_Access_Before_Elaboration" label: "/home/mhanuel/Devel/ADA/projects/ada-ipstack/src/services/sockets/raw_lwip_server.adb:1663:4" }
node: { title: "raw_lwip_server__send_server" label: "Send_Server\n/home/mhanuel/Devel/ADA/projects/ada-ipstack/src/services/sockets/raw_lwip_server.adb:1600:4\n136 bytes (static)" }
edge: { sourcename: "raw_lwip_server__send_server" targetname: "__gnat_rcheck_CE_Overflow_Check" label: "/home/mhanuel/Devel/ADA/projects/ada-ipstack/src/services/sockets/raw_lwip_server.adb:1656:47" }
edge: { sourcename: "raw_lwip_server__send_server" targetname: "raw_lwip_server__socket_send" label: "/home/mhanuel/Devel/ADA/projects/ada-ipstack/src/services/sockets/raw_lwip_server.adb:1652:13" }
edge: { sourcename: "raw_lwip_server__send_server" targetname: "__gnat_rcheck_CE_Index_Check" label: "/home/mhanuel/Devel/ADA/projects/ada-ipstack/src/services/sockets/raw_lwip_server.adb:1649:32" }
edge: { sourcename: "raw_lwip_server__send_server" targetname: "__gnat_raise_exception" label: "/home/mhanuel/Devel/ADA/projects/ada-ipstack/src/services/sockets/raw_lwip_server.adb:1641:16" }
edge: { sourcename: "raw_lwip_server__send_server" targetname: "__gnat_rcheck_CE_Overflow_Check" label: "/home/mhanuel/Devel/ADA/projects/ada-ipstack/src/services/sockets/raw_lwip_server.adb:1639:44" }
edge: { sourcename: "raw_lwip_server__send_server" targetname: "__gnat_rcheck_CE_Overflow_Check" label: "/home/mhanuel/Devel/ADA/projects/ada-ipstack/src/services/sockets/raw_lwip_server.adb:1639:32" }
edge: { sourcename: "raw_lwip_server__send_server" targetname: "aip__buffers__buffer_next" label: "/home/mhanuel/Devel/ADA/projects/ada-ipstack/src/services/sockets/raw_lwip_server.adb:1635:15" }
edge: { sourcename: "raw_lwip_server__send_server" targetname: "memmove" label: "/home/mhanuel/Devel/ADA/projects/ada-ipstack/src/services/sockets/raw_lwip_server.adb:1633:44" }
edge: { sourcename: "raw_lwip_server__send_server" targetname: "__gnat_rcheck_CE_Length_Check" label: "/home/mhanuel/Devel/ADA/projects/ada-ipstack/src/services/sockets/raw_lwip_server.adb:1633:56" }
edge: { sourcename: "raw_lwip_server__send_server" targetname: "__gnat_rcheck_CE_Range_Check" label: "/home/mhanuel/Devel/ADA/projects/ada-ipstack/src/services/sockets/raw_lwip_server.adb:1633:63" }
edge: { sourcename: "raw_lwip_server__send_server" targetname: "__gnat_rcheck_CE_Access_Check" label: "/home/mhanuel/Devel/ADA/projects/ada-ipstack/src/services/sockets/raw_lwip_server.adb:1633:56" }
edge: { sourcename: "raw_lwip_server__send_server" targetname: "__gnat_rcheck_CE_Range_Check" label: "/home/mhanuel/Devel/ADA/projects/ada-ipstack/src/services/sockets/raw_lwip_server.adb:1633:30" }
edge: { sourcename: "raw_lwip_server__send_server" targetname: "__gnat_rcheck_CE_Access_Check" label: "/home/mhanuel/Devel/ADA/projects/ada-ipstack/src/services/sockets/raw_lwip_server.adb:1633:23" }
edge: { sourcename: "raw_lwip_server__send_server" targetname: "__gnat_rcheck_CE_Index_Check" label: "/home/mhanuel/Devel/ADA/projects/ada-ipstack/src/services/sockets/raw_lwip_server.adb:1631:44" }
edge: { sourcename: "raw_lwip_server__send_server" targetname: "aip__buffers__buffer_payload" label: "/home/mhanuel/Devel/ADA/projects/ada-ipstack/src/services/sockets/raw_lwip_server.adb:1629:23" }
edge: { sourcename: "raw_lwip_server__send_server" targetname: "__gnat_rcheck_CE_Range_Check" label: "/home/mhanuel/Devel/ADA/projects/ada-ipstack/src/services/sockets/raw_lwip_server.adb:1619:34" }
edge: { sourcename: "raw_lwip_server__send_server" targetname: "aip__buffers__buffer_len" label: "/home/mhanuel/Devel/ADA/projects/ada-ipstack/src/services/sockets/raw_lwip_server.adb:1619:34" }
edge: { sourcename: "raw_lwip_server__send_server" targetname: "aip__buffers__buffer_alloc" label: "/home/mhanuel/Devel/ADA/projects/ada-ipstack/src/services/sockets/raw_lwip_server.adb:1615:18" }
edge: { sourcename: "raw_lwip_server__send_server" targetname: "__gnat_rcheck_CE_Overflow_Check" label: "/home/mhanuel/Devel/ADA/projects/ada-ipstack/src/services/sockets/raw_lwip_server.adb:1614:18" }
edge: { sourcename: "raw_lwip_server__send_server" targetname: "__gnat_rcheck_CE_Overflow_Check" label: "/home/mhanuel/Devel/ADA/projects/ada-ipstack/src/services/sockets/raw_lwip_server.adb:1614:36" }
edge: { sourcename: "raw_lwip_server__send_server" targetname: "__gnat_rcheck_CE_Range_Check" label: "/home/mhanuel/Devel/ADA/projects/ada-ipstack/src/services/sockets/raw_lwip_server.adb:1614:49" }
edge: { sourcename: "raw_lwip_server__send_server" targetname: "__gnat_rcheck_CE_Overflow_Check" label: "/home/mhanuel/Devel/ADA/projects/ada-ipstack/src/services/sockets/raw_lwip_server.adb:1614:49" }
edge: { sourcename: "raw_lwip_server__send_server" targetname: "__gnat_rcheck_CE_Overflow_Check" label: "/home/mhanuel/Devel/ADA/projects/ada-ipstack/src/services/sockets/raw_lwip_server.adb:1614:36" }
node: { title: "raw_lwip_server__socket_send" label: "Socket_Send\n/home/mhanuel/Devel/ADA/projects/ada-ipstack/src/services/sockets/raw_lwip_server.adb:1543:4\n40 bytes (static)" }
edge: { sourcename: "raw_lwip_server__socket_send" targetname: "aip__buffers__buffer_blind_free" label: "/home/mhanuel/Devel/ADA/projects/ada-ipstack/src/services/sockets/raw_lwip_server.adb:1582:24" }
edge: { sourcename: "raw_lwip_server__socket_send" targetname: "aip__buffers__buffer_ref" label: "/home/mhanuel/Devel/ADA/projects/ada-ipstack/src/services/sockets/raw_lwip_server.adb:1577:27" }
edge: { sourcename: "raw_lwip_server__socket_send" targetname: "aip__buffers__buffer_next" label: "/home/mhanuel/Devel/ADA/projects/ada-ipstack/src/services/sockets/raw_lwip_server.adb:1575:34" }
edge: { sourcename: "raw_lwip_server__socket_send" targetname: "aip__tcp__tcp_write" label: "/home/mhanuel/Devel/ADA/projects/ada-ipstack/src/services/sockets/raw_lwip_server.adb:1561:17" }
edge: { sourcename: "raw_lwip_server__socket_send" targetname: "aip__buffers__buffer_len" label: "/home/mhanuel/Devel/ADA/projects/ada-ipstack/src/services/sockets/raw_lwip_server.adb:1564:43" }
edge: { sourcename: "raw_lwip_server__socket_send" targetname: "aip__buffers__buffer_payload" label: "/home/mhanuel/Devel/ADA/projects/ada-ipstack/src/services/sockets/raw_lwip_server.adb:1563:32" }
edge: { sourcename: "raw_lwip_server__socket_send" targetname: "aip__tcp__tcp_sndbuf" label: "/home/mhanuel/Devel/ADA/projects/ada-ipstack/src/services/sockets/raw_lwip_server.adb:1556:60" }
edge: { sourcename: "raw_lwip_server__socket_send" targetname: "aip__buffers__buffer_len" label: "/home/mhanuel/Devel/ADA/projects/ada-ipstack/src/services/sockets/raw_lwip_server.adb:1556:29" }
node: { title: "raw_lwip_server__send_error" label: "Send_Error\n/home/mhanuel/Devel/ADA/projects/ada-ipstack/src/services/sockets/raw_lwip_server.adb:1531:4\n16 bytes (static)" }
edge: { sourcename: "raw_lwip_server__send_error" targetname: "__gnat_rcheck_PE_Access_Before_Elaboration" label: "/home/mhanuel/Devel/ADA/projects/ada-ipstack/src/services/sockets/raw_lwip_server.adb:1531:4" }
node: { title: "raw_lwip_server__send__7" label: "Send\n/home/mhanuel/Devel/ADA/projects/ada-ipstack/src/services/sockets/raw_lwip_server.adb:1510:4\n88 bytes (static)" }
edge: { sourcename: "raw_lwip_server__send__7" targetname: "raw_lwip_server__send__8" label: "/home/mhanuel/Devel/ADA/projects/ada-ipstack/src/services/sockets/raw_lwip_server.adb:1520:7" }
edge: { sourcename: "raw_lwip_server__send__7" targetname: "__gnat_rcheck_PE_Access_Before_Elaboration" label: "/home/mhanuel/Devel/ADA/projects/ada-ipstack/src/services/sockets/raw_lwip_server.adb:1510:4" }
node: { title: "raw_lwip_server__send__8" label: "Send\n/home/mhanuel/Devel/ADA/projects/ada-ipstack/src/services/sockets/raw_lwip_server.adb:1425:4\n448 bytes (dynamic)" }
edge: { sourcename: "raw_lwip_server__send__8" targetname: "_Unwind_Resume" }
edge: { sourcename: "raw_lwip_server__send__8" targetname: "__indirect_call" label: "/home/mhanuel/Devel/ADA/projects/ada-ipstack/src/services/sockets/raw_lwip_server.adb:1506:10" }
edge: { sourcename: "raw_lwip_server__send__8" targetname: "__gnat_rcheck_CE_Access_Check" label: "/home/mhanuel/Devel/ADA/projects/ada-ipstack/src/services/sockets/raw_lwip_server.adb:1506:40" }
edge: { sourcename: "raw_lwip_server__send__8" targetname: "/home/mhanuel/Devel/ADA/projects/ada-ipstack/src/services/sockets/raw_lwip_server.adb:raw_lwip_server__send__B_12___finalizer__8.9904" label: "/home/mhanuel/Devel/ADA/projects/ada-ipstack/src/services/sockets/raw_lwip_server.adb:1501:0" }
edge: { sourcename: "raw_lwip_server__send__8" targetname: "raw_lwip_server__send__2" label: "/home/mhanuel/Devel/ADA/projects/ada-ipstack/src/services/sockets/raw_lwip_server.adb:1498:19" }
edge: { sourcename: "raw_lwip_server__send__8" targetname: "__gnat_rcheck_CE_Index_Check" label: "/home/mhanuel/Devel/ADA/projects/ada-ipstack/src/services/sockets/raw_lwip_server.adb:1488:25" }
edge: { sourcename: "raw_lwip_server__send__8" targetname: "__gnat_rcheck_CE_Overflow_Check" label: "/home/mhanuel/Devel/ADA/projects/ada-ipstack/src/services/sockets/raw_lwip_server.adb:1486:35" }
edge: { sourcename: "raw_lwip_server__send__8" targetname: "__gnat_raise_exception" label: "/home/mhanuel/Devel/ADA/projects/ada-ipstack/src/services/sockets/raw_lwip_server.adb:1474:16" }
edge: { sourcename: "raw_lwip_server__send__8" targetname: "memcpy" }
edge: { sourcename: "raw_lwip_server__send__8" targetname: "memcpy" }
edge: { sourcename: "raw_lwip_server__send__8" targetname: "memcpy" }
edge: { sourcename: "raw_lwip_server__send__8" targetname: "system__img_int__image_integer" label: "/home/mhanuel/Devel/ADA/projects/ada-ipstack/src/services/sockets/raw_lwip_server.adb:1477:29" }
edge: { sourcename: "raw_lwip_server__send__8" targetname: "__gnat_rcheck_CE_Overflow_Check" label: "/home/mhanuel/Devel/ADA/projects/ada-ipstack/src/services/sockets/raw_lwip_server.adb:1473:30" }
edge: { sourcename: "raw_lwip_server__send__8" targetname: "__gnat_rcheck_CE_Range_Check" label: "/home/mhanuel/Devel/ADA/projects/ada-ipstack/src/services/sockets/raw_lwip_server.adb:1473:36" }
edge: { sourcename: "raw_lwip_server__send__8" targetname: "__gnat_rcheck_CE_Range_Check" label: "/home/mhanuel/Devel/ADA/projects/ada-ipstack/src/services/sockets/raw_lwip_server.adb:1473:22" }
edge: { sourcename: "raw_lwip_server__send__8" targetname: "__gnat_rcheck_CE_Range_Check" label: "/home/mhanuel/Devel/ADA/projects/ada-ipstack/src/services/sockets/raw_lwip_server.adb:1467:33" }
edge: { sourcename: "raw_lwip_server__send__8" targetname: "__indirect_call" label: "/home/mhanuel/Devel/ADA/projects/ada-ipstack/src/services/sockets/raw_lwip_server.adb:1467:33" }
edge: { sourcename: "raw_lwip_server__send__8" targetname: "__gnat_rcheck_CE_Range_Check" label: "/home/mhanuel/Devel/ADA/projects/ada-ipstack/src/services/sockets/raw_lwip_server.adb:1469:62" }
edge: { sourcename: "raw_lwip_server__send__8" targetname: "__gnat_rcheck_CE_Access_Check" label: "/home/mhanuel/Devel/ADA/projects/ada-ipstack/src/services/sockets/raw_lwip_server.adb:1467:33" }
edge: { sourcename: "raw_lwip_server__send__8" targetname: "__gnat_rcheck_CE_Range_Check" label: "/home/mhanuel/Devel/ADA/projects/ada-ipstack/src/services/sockets/raw_lwip_server.adb:1461:33" }
edge: { sourcename: "raw_lwip_server__send__8" targetname: "__indirect_call" label: "/home/mhanuel/Devel/ADA/projects/ada-ipstack/src/services/sockets/raw_lwip_server.adb:1461:33" }
edge: { sourcename: "raw_lwip_server__send__8" targetname: "__gnat_rcheck_CE_Range_Check" label: "/home/mhanuel/Devel/ADA/projects/ada-ipstack/src/services/sockets/raw_lwip_server.adb:1463:62" }
edge: { sourcename: "raw_lwip_server__send__8" targetname: "__gnat_rcheck_CE_Access_Check" label: "/home/mhanuel/Devel/ADA/projects/ada-ipstack/src/services/sockets/raw_lwip_server.adb:1461:33" }
edge: { sourcename: "raw_lwip_server__send__8" targetname: "system__secondary_stack__ss_mark" label: "/home/mhanuel/Devel/ADA/projects/ada-ipstack/src/services/sockets/raw_lwip_server.adb:1459:10" }
edge: { sourcename: "raw_lwip_server__send__8" targetname: "__gnat_rcheck_CE_Range_Check" label: "/home/mhanuel/Devel/ADA/projects/ada-ipstack/src/services/sockets/raw_lwip_server.adb:1458:25" }
edge: { sourcename: "raw_lwip_server__send__8" targetname: "__gnat_rcheck_CE_Overflow_Check" label: "/home/mhanuel/Devel/ADA/projects/ada-ipstack/src/services/sockets/raw_lwip_server.adb:1458:25" }
edge: { sourcename: "raw_lwip_server__send__8" targetname: "__gnat_rcheck_CE_Overflow_Check" label: "/home/mhanuel/Devel/ADA/projects/ada-ipstack/src/services/sockets/raw_lwip_server.adb:1458:37" }
edge: { sourcename: "raw_lwip_server__send__8" targetname: "__gnat_rcheck_CE_Overflow_Check" label: "/home/mhanuel/Devel/ADA/projects/ada-ipstack/src/services/sockets/raw_lwip_server.adb:1458:33" }
edge: { sourcename: "raw_lwip_server__send__8" targetname: "raw_lwip_server__fill_from_stream" label: "/home/mhanuel/Devel/ADA/projects/ada-ipstack/src/services/sockets/raw_lwip_server.adb:1449:10" }
edge: { sourcename: "raw_lwip_server__send__8" targetname: "__gnat_raise_exception" label: "/home/mhanuel/Devel/ADA/projects/ada-ipstack/src/services/sockets/raw_lwip_server.adb:1440:13" }
edge: { sourcename: "raw_lwip_server__send__8" targetname: "memcpy" }
edge: { sourcename: "raw_lwip_server__send__8" targetname: "memcpy" }
edge: { sourcename: "raw_lwip_server__send__8" targetname: "memcpy" }
edge: { sourcename: "raw_lwip_server__send__8" targetname: "memcpy" }
edge: { sourcename: "raw_lwip_server__send__8" targetname: "memcpy" }
edge: { sourcename: "raw_lwip_server__send__8" targetname: "system__img_int__image_integer" label: "/home/mhanuel/Devel/ADA/projects/ada-ipstack/src/services/sockets/raw_lwip_server.adb:1445:26" }
edge: { sourcename: "raw_lwip_server__send__8" targetname: "__gnat_rcheck_CE_Overflow_Check" label: "/home/mhanuel/Devel/ADA/projects/ada-ipstack/src/services/sockets/raw_lwip_server.adb:1445:26" }
edge: { sourcename: "raw_lwip_server__send__8" targetname: "system__img_lli__image_long_long_integer" label: "/home/mhanuel/Devel/ADA/projects/ada-ipstack/src/services/sockets/raw_lwip_server.adb:1443:39" }
edge: { sourcename: "raw_lwip_server__send__8" targetname: "__gnat_rcheck_CE_Range_Check" label: "/home/mhanuel/Devel/ADA/projects/ada-ipstack/src/services/sockets/raw_lwip_server.adb:1439:27" }
edge: { sourcename: "raw_lwip_server__send__8" targetname: "__gnat_rcheck_PE_Access_Before_Elaboration" label: "/home/mhanuel/Devel/ADA/projects/ada-ipstack/src/services/sockets/raw_lwip_server.adb:1425:4" }
node: { title: "/home/mhanuel/Devel/ADA/projects/ada-ipstack/src/services/sockets/raw_lwip_server.adb:raw_lwip_server__send__B_12___finalizer__8.9904" label: "B_12\n/home/mhanuel/Devel/ADA/projects/ada-ipstack/src/services/sockets/raw_lwip_server.adb:1459:10\n16 bytes (static)" }
edge: { sourcename: "/home/mhanuel/Devel/ADA/projects/ada-ipstack/src/services/sockets/raw_lwip_server.adb:raw_lwip_server__send__B_12___finalizer__8.9904" targetname: "system__secondary_stack__ss_release" label: "/home/mhanuel/Devel/ADA/projects/ada-ipstack/src/services/sockets/raw_lwip_server.adb:1459:10" }
node: { title: "raw_lwip_server__send__5" label: "Send\n/home/mhanuel/Devel/ADA/projects/ada-ipstack/src/services/sockets/raw_lwip_server.adb:1344:4\n512 bytes (dynamic)" }
edge: { sourcename: "raw_lwip_server__send__5" targetname: "_Unwind_Resume" }
edge: { sourcename: "raw_lwip_server__send__5" targetname: "__indirect_call" label: "/home/mhanuel/Devel/ADA/projects/ada-ipstack/src/services/sockets/raw_lwip_server.adb:1421:10" }
edge: { sourcename: "raw_lwip_server__send__5" targetname: "__gnat_rcheck_CE_Access_Check" label: "/home/mhanuel/Devel/ADA/projects/ada-ipstack/src/services/sockets/raw_lwip_server.adb:1421:40" }
edge: { sourcename: "raw_lwip_server__send__5" targetname: "/home/mhanuel/Devel/ADA/projects/ada-ipstack/src/services/sockets/raw_lwip_server.adb:raw_lwip_server__send__B_10___finalizer__5.9734" label: "/home/mhanuel/Devel/ADA/projects/ada-ipstack/src/services/sockets/raw_lwip_server.adb:1416:0" }
edge: { sourcename: "raw_lwip_server__send__5" targetname: "raw_lwip_server__queue" label: "/home/mhanuel/Devel/ADA/projects/ada-ipstack/src/services/sockets/raw_lwip_server.adb:1414:16" }
edge: { sourcename: "raw_lwip_server__send__5" targetname: "__gnat_rcheck_CE_Index_Check" label: "/home/mhanuel/Devel/ADA/projects/ada-ipstack/src/services/sockets/raw_lwip_server.adb:1407:25" }
edge: { sourcename: "raw_lwip_server__send__5" targetname: "__gnat_rcheck_CE_Overflow_Check" label: "/home/mhanuel/Devel/ADA/projects/ada-ipstack/src/services/sockets/raw_lwip_server.adb:1405:35" }
edge: { sourcename: "raw_lwip_server__send__5" targetname: "__gnat_raise_exception" label: "/home/mhanuel/Devel/ADA/projects/ada-ipstack/src/services/sockets/raw_lwip_server.adb:1393:16" }
edge: { sourcename: "raw_lwip_server__send__5" targetname: "memcpy" }
edge: { sourcename: "raw_lwip_server__send__5" targetname: "memcpy" }
edge: { sourcename: "raw_lwip_server__send__5" targetname: "memcpy" }
edge: { sourcename: "raw_lwip_server__send__5" targetname: "system__img_lli__image_long_long_integer" label: "/home/mhanuel/Devel/ADA/projects/ada-ipstack/src/services/sockets/raw_lwip_server.adb:1396:42" }
edge: { sourcename: "raw_lwip_server__send__5" targetname: "__gnat_rcheck_CE_Overflow_Check" label: "/home/mhanuel/Devel/ADA/projects/ada-ipstack/src/services/sockets/raw_lwip_server.adb:1392:30" }
edge: { sourcename: "raw_lwip_server__send__5" targetname: "__indirect_call" label: "/home/mhanuel/Devel/ADA/projects/ada-ipstack/src/services/sockets/raw_lwip_server.adb:1386:33" }
edge: { sourcename: "raw_lwip_server__send__5" targetname: "__gnat_rcheck_CE_Range_Check" label: "/home/mhanuel/Devel/ADA/projects/ada-ipstack/src/services/sockets/raw_lwip_server.adb:1388:62" }
edge: { sourcename: "raw_lwip_server__send__5" targetname: "__gnat_rcheck_CE_Access_Check" label: "/home/mhanuel/Devel/ADA/projects/ada-ipstack/src/services/sockets/raw_lwip_server.adb:1386:33" }
edge: { sourcename: "raw_lwip_server__send__5" targetname: "__indirect_call" label: "/home/mhanuel/Devel/ADA/projects/ada-ipstack/src/services/sockets/raw_lwip_server.adb:1380:33" }
edge: { sourcename: "raw_lwip_server__send__5" targetname: "__gnat_rcheck_CE_Range_Check" label: "/home/mhanuel/Devel/ADA/projects/ada-ipstack/src/services/sockets/raw_lwip_server.adb:1382:62" }
edge: { sourcename: "raw_lwip_server__send__5" targetname: "__gnat_rcheck_CE_Access_Check" label: "/home/mhanuel/Devel/ADA/projects/ada-ipstack/src/services/sockets/raw_lwip_server.adb:1380:33" }
edge: { sourcename: "raw_lwip_server__send__5" targetname: "system__secondary_stack__ss_mark" label: "/home/mhanuel/Devel/ADA/projects/ada-ipstack/src/services/sockets/raw_lwip_server.adb:1378:10" }
edge: { sourcename: "raw_lwip_server__send__5" targetname: "__gnat_rcheck_CE_Range_Check" label: "/home/mhanuel/Devel/ADA/projects/ada-ipstack/src/services/sockets/raw_lwip_server.adb:1377:25" }
edge: { sourcename: "raw_lwip_server__send__5" targetname: "__gnat_rcheck_CE_Overflow_Check" label: "/home/mhanuel/Devel/ADA/projects/ada-ipstack/src/services/sockets/raw_lwip_server.adb:1377:25" }
edge: { sourcename: "raw_lwip_server__send__5" targetname: "__gnat_rcheck_CE_Overflow_Check" label: "/home/mhanuel/Devel/ADA/projects/ada-ipstack/src/services/sockets/raw_lwip_server.adb:1377:37" }
edge: { sourcename: "raw_lwip_server__send__5" targetname: "__gnat_rcheck_CE_Overflow_Check" label: "/home/mhanuel/Devel/ADA/projects/ada-ipstack/src/services/sockets/raw_lwip_server.adb:1377:33" }
edge: { sourcename: "raw_lwip_server__send__5" targetname: "raw_lwip_server__fill_from_stream" label: "/home/mhanuel/Devel/ADA/projects/ada-ipstack/src/services/sockets/raw_lwip_server.adb:1368:10" }
edge: { sourcename: "raw_lwip_server__send__5" targetname: "__gnat_rcheck_CE_Overflow_Check" label: "/home/mhanuel/Devel/ADA/projects/ada-ipstack/src/services/sockets/raw_lwip_server.adb:1368:10" }
edge: { sourcename: "raw_lwip_server__send__5" targetname: "__gnat_raise_exception" label: "/home/mhanuel/Devel/ADA/projects/ada-ipstack/src/services/sockets/raw_lwip_server.adb:1359:13" }
edge: { sourcename: "raw_lwip_server__send__5" targetname: "memcpy" }
edge: { sourcename: "raw_lwip_server__send__5" targetname: "memcpy" }
edge: { sourcename: "raw_lwip_server__send__5" targetname: "memcpy" }
edge: { sourcename: "raw_lwip_server__send__5" targetname: "memcpy" }
edge: { sourcename: "raw_lwip_server__send__5" targetname: "memcpy" }
edge: { sourcename: "raw_lwip_server__send__5" targetname: "system__img_lli__image_long_long_integer" label: "/home/mhanuel/Devel/ADA/projects/ada-ipstack/src/services/sockets/raw_lwip_server.adb:1364:39" }
edge: { sourcename: "raw_lwip_server__send__5" targetname: "__gnat_rcheck_CE_Overflow_Check" label: "/home/mhanuel/Devel/ADA/projects/ada-ipstack/src/services/sockets/raw_lwip_server.adb:1364:39" }
edge: { sourcename: "raw_lwip_server__send__5" targetname: "system__img_lli__image_long_long_integer" label: "/home/mhanuel/Devel/ADA/projects/ada-ipstack/src/services/sockets/raw_lwip_server.adb:1362:39" }
edge: { sourcename: "raw_lwip_server__send__5" targetname: "__gnat_rcheck_PE_Access_Before_Elaboration" label: "/home/mhanuel/Devel/ADA/projects/ada-ipstack/src/services/sockets/raw_lwip_server.adb:1344:4" }
node: { title: "/home/mhanuel/Devel/ADA/projects/ada-ipstack/src/services/sockets/raw_lwip_server.adb:raw_lwip_server__send__B_10___finalizer__5.9734" label: "B_10\n/home/mhanuel/Devel/ADA/projects/ada-ipstack/src/services/sockets/raw_lwip_server.adb:1378:10\n16 bytes (static)" }
edge: { sourcename: "/home/mhanuel/Devel/ADA/projects/ada-ipstack/src/services/sockets/raw_lwip_server.adb:raw_lwip_server__send__B_10___finalizer__5.9734" targetname: "system__secondary_stack__ss_release" label: "/home/mhanuel/Devel/ADA/projects/ada-ipstack/src/services/sockets/raw_lwip_server.adb:1378:10" }
node: { title: "raw_lwip_server__send__6" label: "Send\n/home/mhanuel/Devel/ADA/projects/ada-ipstack/src/services/sockets/raw_lwip_server.adb:1323:4\n88 bytes (static)" }
edge: { sourcename: "raw_lwip_server__send__6" targetname: "raw_lwip_server__send__5" label: "/home/mhanuel/Devel/ADA/projects/ada-ipstack/src/services/sockets/raw_lwip_server.adb:1333:7" }
edge: { sourcename: "raw_lwip_server__send__6" targetname: "__gnat_rcheck_PE_Access_Before_Elaboration" label: "/home/mhanuel/Devel/ADA/projects/ada-ipstack/src/services/sockets/raw_lwip_server.adb:1323:4" }
node: { title: "raw_lwip_server__send__4" label: "Send\n/home/mhanuel/Devel/ADA/projects/ada-ipstack/src/services/sockets/raw_lwip_server.adb:1297:4\n144 bytes (static)" }
edge: { sourcename: "raw_lwip_server__send__4" targetname: "__indirect_call" label: "/home/mhanuel/Devel/ADA/projects/ada-ipstack/src/services/sockets/raw_lwip_server.adb:1319:10" }
edge: { sourcename: "raw_lwip_server__send__4" targetname: "__gnat_rcheck_CE_Access_Check" label: "/home/mhanuel/Devel/ADA/projects/ada-ipstack/src/services/sockets/raw_lwip_server.adb:1319:40" }
edge: { sourcename: "raw_lwip_server__send__4" targetname: "__gnat_rcheck_CE_Range_Check" label: "/home/mhanuel/Devel/ADA/projects/ada-ipstack/src/services/sockets/raw_lwip_server.adb:1316:22" }
edge: { sourcename: "raw_lwip_server__send__4" targetname: "__gnat_rcheck_CE_Overflow_Check" label: "/home/mhanuel/Devel/ADA/projects/ada-ipstack/src/services/sockets/raw_lwip_server.adb:1316:22" }
edge: { sourcename: "raw_lwip_server__send__4" targetname: "__gnat_rcheck_CE_Overflow_Check" label: "/home/mhanuel/Devel/ADA/projects/ada-ipstack/src/services/sockets/raw_lwip_server.adb:1316:34" }
edge: { sourcename: "raw_lwip_server__send__4" targetname: "__gnat_rcheck_CE_Overflow_Check" label: "/home/mhanuel/Devel/ADA/projects/ada-ipstack/src/services/sockets/raw_lwip_server.adb:1316:30" }
edge: { sourcename: "raw_lwip_server__send__4" targetname: "raw_lwip_server__fill_from_stream" label: "/home/mhanuel/Devel/ADA/projects/ada-ipstack/src/services/sockets/raw_lwip_server.adb:1307:7" }
edge: { sourcename: "raw_lwip_server__send__4" targetname: "__gnat_rcheck_PE_Access_Before_Elaboration" label: "/home/mhanuel/Devel/ADA/projects/ada-ipstack/src/services/sockets/raw_lwip_server.adb:1297:4" }
node: { title: "raw_lwip_server__send__3" label: "Send\n/home/mhanuel/Devel/ADA/projects/ada-ipstack/src/services/sockets/raw_lwip_server.adb:1273:4\n120 bytes (static)" }
edge: { sourcename: "raw_lwip_server__send__3" targetname: "__indirect_call" label: "/home/mhanuel/Devel/ADA/projects/ada-ipstack/src/services/sockets/raw_lwip_server.adb:1293:10" }
edge: { sourcename: "raw_lwip_server__send__3" targetname: "__gnat_rcheck_CE_Access_Check" label: "/home/mhanuel/Devel/ADA/projects/ada-ipstack/src/services/sockets/raw_lwip_server.adb:1293:40" }
edge: { sourcename: "raw_lwip_server__send__3" targetname: "raw_lwip_server__fill_from_stream" label: "/home/mhanuel/Devel/ADA/projects/ada-ipstack/src/services/sockets/raw_lwip_server.adb:1282:7" }
edge: { sourcename: "raw_lwip_server__send__3" targetname: "__gnat_rcheck_PE_Access_Before_Elaboration" label: "/home/mhanuel/Devel/ADA/projects/ada-ipstack/src/services/sockets/raw_lwip_server.adb:1273:4" }
node: { title: "raw_lwip_server__send__2" label: "Send\n/home/mhanuel/Devel/ADA/projects/ada-ipstack/src/services/sockets/raw_lwip_server.adb:1247:4\n80 bytes (static)" }
edge: { sourcename: "raw_lwip_server__send__2" targetname: "__indirect_call" label: "/home/mhanuel/Devel/ADA/projects/ada-ipstack/src/services/sockets/raw_lwip_server.adb:1269:10" }
edge: { sourcename: "raw_lwip_server__send__2" targetname: "__gnat_rcheck_CE_Access_Check" label: "/home/mhanuel/Devel/ADA/projects/ada-ipstack/src/services/sockets/raw_lwip_server.adb:1269:40" }
edge: { sourcename: "raw_lwip_server__send__2" targetname: "__gnat_rcheck_CE_Overflow_Check" label: "/home/mhanuel/Devel/ADA/projects/ada-ipstack/src/services/sockets/raw_lwip_server.adb:1265:58" }
edge: { sourcename: "raw_lwip_server__send__2" targetname: "__gnat_rcheck_CE_Index_Check" label: "/home/mhanuel/Devel/ADA/projects/ada-ipstack/src/services/sockets/raw_lwip_server.adb:1260:16" }
edge: { sourcename: "raw_lwip_server__send__2" targetname: "__gnat_rcheck_CE_Overflow_Check" label: "/home/mhanuel/Devel/ADA/projects/ada-ipstack/src/services/sockets/raw_lwip_server.adb:1256:27" }
edge: { sourcename: "raw_lwip_server__send__2" targetname: "raw_lwip_server__used__2" label: "/home/mhanuel/Devel/ADA/projects/ada-ipstack/src/services/sockets/raw_lwip_server.adb:1256:13" }
edge: { sourcename: "raw_lwip_server__send__2" targetname: "__gnat_rcheck_CE_Overflow_Check" label: "/home/mhanuel/Devel/ADA/projects/ada-ipstack/src/services/sockets/raw_lwip_server.adb:1254:28" }
edge: { sourcename: "raw_lwip_server__send__2" targetname: "__gnat_rcheck_PE_Access_Before_Elaboration" label: "/home/mhanuel/Devel/ADA/projects/ada-ipstack/src/services/sockets/raw_lwip_server.adb:1247:4" }
node: { title: "raw_lwip_server__send" label: "Send\n/home/mhanuel/Devel/ADA/projects/ada-ipstack/src/services/sockets/raw_lwip_server.adb:1224:4\n88 bytes (static)" }
edge: { sourcename: "raw_lwip_server__send" targetname: "__indirect_call" label: "/home/mhanuel/Devel/ADA/projects/ada-ipstack/src/services/sockets/raw_lwip_server.adb:1243:10" }
edge: { sourcename: "raw_lwip_server__send" targetname: "__gnat_rcheck_CE_Access_Check" label: "/home/mhanuel/Devel/ADA/projects/ada-ipstack/src/services/sockets/raw_lwip_server.adb:1243:40" }
edge: { sourcename: "raw_lwip_server__send" targetname: "raw_lwip_server__queue" label: "/home/mhanuel/Devel/ADA/projects/ada-ipstack/src/services/sockets/raw_lwip_server.adb:1241:7" }
edge: { sourcename: "raw_lwip_server__send" targetname: "__gnat_raise_exception" label: "/home/mhanuel/Devel/ADA/projects/ada-ipstack/src/services/sockets/raw_lwip_server.adb:1239:10" }
edge: { sourcename: "raw_lwip_server__send" targetname: "__gnat_rcheck_CE_Overflow_Check" label: "/home/mhanuel/Devel/ADA/projects/ada-ipstack/src/services/sockets/raw_lwip_server.adb:1236:24" }
edge: { sourcename: "raw_lwip_server__send" targetname: "__gnat_rcheck_PE_Access_Before_Elaboration" label: "/home/mhanuel/Devel/ADA/projects/ada-ipstack/src/services/sockets/raw_lwip_server.adb:1224:4" }
node: { title: "raw_lwip_server__receive_error" label: "Receive_Error\n/home/mhanuel/Devel/ADA/projects/ada-ipstack/src/services/sockets/raw_lwip_server.adb:1208:4\n16 bytes (static)" }
[...]
edge: { sourcename: "raw_lwip_server__stream_element_offset_edit__put" targetname: "__gnat_rcheck_CE_Range_Check" label: "/home/mhanuel/Devel/ADA/projects/ada-ipstack/src/services/utils/strings_edit-integer_edit.adb:236:28" }
edge: { sourcename: "raw_lwip_server__stream_element_offset_edit__put" targetname: "__gnat_rcheck_CE_Overflow_Check" label: "/home/mhanuel/Devel/ADA/projects/ada-ipstack/src/services/utils/strings_edit-integer_edit.adb:236:24" }
edge: { sourcename: "raw_lwip_server__stream_element_offset_edit__put" targetname: "__gnat_rcheck_CE_Range_Check" label: "/home/mhanuel/Devel/ADA/projects/ada-ipstack/src/services/utils/strings_edit-integer_edit.adb:231:25" }
edge: { sourcename: "raw_lwip_server__stream_element_offset_edit__put" targetname: "__gnat_rcheck_CE_Invalid_Data" label: "/home/mhanuel/Devel/ADA/projects/ada-ipstack/src/services/utils/strings_edit-integer_edit.adb:230:18" }
edge: { sourcename: "raw_lwip_server__stream_element_offset_edit__put" targetname: "__gnat_rcheck_CE_Index_Check" label: "/home/mhanuel/Devel/ADA/projects/ada-ipstack/src/services/utils/strings_edit-integer_edit.adb:230:10" }
edge: { sourcename: "raw_lwip_server__stream_element_offset_edit__put" targetname: "__gnat_rcheck_CE_Range_Check" label: "/home/mhanuel/Devel/ADA/projects/ada-ipstack/src/services/utils/strings_edit-integer_edit.adb:228:25" }
edge: { sourcename: "raw_lwip_server__stream_element_offset_edit__put" targetname: "__gnat_rcheck_CE_Invalid_Data" label: "/home/mhanuel/Devel/ADA/projects/ada-ipstack/src/services/utils/strings_edit-integer_edit.adb:227:18" }
edge: { sourcename: "raw_lwip_server__stream_element_offset_edit__put" targetname: "__gnat_rcheck_CE_Index_Check" label: "/home/mhanuel/Devel/ADA/projects/ada-ipstack/src/services/utils/strings_edit-integer_edit.adb:227:10" }
edge: { sourcename: "raw_lwip_server__stream_element_offset_edit__put" targetname: "__gnat_rcheck_CE_Range_Check" label: "/home/mhanuel/Devel/ADA/projects/ada-ipstack/src/services/utils/strings_edit-integer_edit.adb:224:28" }
edge: { sourcename: "raw_lwip_server__stream_element_offset_edit__put" targetname: "__aeabi_ldivmod" }
edge: { sourcename: "raw_lwip_server__stream_element_offset_edit__put" targetname: "__gnat_rcheck_CE_Overflow_Check" label: "/home/mhanuel/Devel/ADA/projects/ada-ipstack/src/services/utils/strings_edit-integer_edit.adb:223:28" }
edge: { sourcename: "raw_lwip_server__stream_element_offset_edit__put" targetname: "__gnat_rcheck_CE_Divide_By_Zero" label: "/home/mhanuel/Devel/ADA/projects/ada-ipstack/src/services/utils/strings_edit-integer_edit.adb:223:28" }
edge: { sourcename: "raw_lwip_server__stream_element_offset_edit__put" targetname: "__gnat_rcheck_CE_Invalid_Data" label: "/home/mhanuel/Devel/ADA/projects/ada-ipstack/src/services/utils/strings_edit-integer_edit.adb:222:21" }
edge: { sourcename: "raw_lwip_server__stream_element_offset_edit__put" targetname: "__gnat_rcheck_CE_Index_Check" label: "/home/mhanuel/Devel/ADA/projects/ada-ipstack/src/services/utils/strings_edit-integer_edit.adb:222:31" }
edge: { sourcename: "raw_lwip_server__stream_element_offset_edit__put" targetname: "__gnat_rcheck_CE_Overflow_Check" label: "/home/mhanuel/Devel/ADA/projects/ada-ipstack/src/services/utils/strings_edit-integer_edit.adb:222:54" }
edge: { sourcename: "raw_lwip_server__stream_element_offset_edit__put" targetname: "__gnat_rcheck_CE_Range_Check" label: "/home/mhanuel/Devel/ADA/projects/ada-ipstack/src/services/utils/strings_edit-integer_edit.adb:222:71" }
edge: { sourcename: "raw_lwip_server__stream_element_offset_edit__put" targetname: "__aeabi_ldivmod" }
edge: { sourcename: "raw_lwip_server__stream_element_offset_edit__put" targetname: "__gnat_rcheck_CE_Divide_By_Zero" label: "/home/mhanuel/Devel/ADA/projects/ada-ipstack/src/services/utils/strings_edit-integer_edit.adb:222:71" }
edge: { sourcename: "raw_lwip_server__stream_element_offset_edit__put" targetname: "__gnat_rcheck_CE_Index_Check" label: "/home/mhanuel/Devel/ADA/projects/ada-ipstack/src/services/utils/strings_edit-integer_edit.adb:222:13" }
edge: { sourcename: "raw_lwip_server__stream_element_offset_edit__put" targetname: "__gnat_rcheck_CE_Range_Check" label: "/home/mhanuel/Devel/ADA/projects/ada-ipstack/src/services/utils/strings_edit-integer_edit.adb:218:28" }
edge: { sourcename: "raw_lwip_server__stream_element_offset_edit__put" targetname: "__gnat_rcheck_CE_Invalid_Data" label: "/home/mhanuel/Devel/ADA/projects/ada-ipstack/src/services/utils/strings_edit-integer_edit.adb:217:21" }
edge: { sourcename: "raw_lwip_server__stream_element_offset_edit__put" targetname: "__gnat_rcheck_CE_Index_Check" label: "/home/mhanuel/Devel/ADA/projects/ada-ipstack/src/services/utils/strings_edit-integer_edit.adb:217:13" }
edge: { sourcename: "raw_lwip_server__stream_element_offset_edit__put" targetname: "__gnat_rcheck_CE_Range_Check" label: "/home/mhanuel/Devel/ADA/projects/ada-ipstack/src/services/utils/strings_edit-integer_edit.adb:213:28" }
edge: { sourcename: "raw_lwip_server__stream_element_offset_edit__put" targetname: "__aeabi_ldivmod" }
edge: { sourcename: "raw_lwip_server__stream_element_offset_edit__put" targetname: "__gnat_rcheck_CE_Overflow_Check" label: "/home/mhanuel/Devel/ADA/projects/ada-ipstack/src/services/utils/strings_edit-integer_edit.adb:212:28" }
edge: { sourcename: "raw_lwip_server__stream_element_offset_edit__put" targetname: "__gnat_rcheck_CE_Divide_By_Zero" label: "/home/mhanuel/Devel/ADA/projects/ada-ipstack/src/services/utils/strings_edit-integer_edit.adb:212:28" }
edge: { sourcename: "raw_lwip_server__stream_element_offset_edit__put" targetname: "__gnat_rcheck_CE_Invalid_Data" label: "/home/mhanuel/Devel/ADA/projects/ada-ipstack/src/services/utils/strings_edit-integer_edit.adb:211:21" }
edge: { sourcename: "raw_lwip_server__stream_element_offset_edit__put" targetname: "__gnat_rcheck_CE_Index_Check" label: "/home/mhanuel/Devel/ADA/projects/ada-ipstack/src/services/utils/strings_edit-integer_edit.adb:211:31" }
edge: { sourcename: "raw_lwip_server__stream_element_offset_edit__put" targetname: "__gnat_rcheck_CE_Overflow_Check" label: "/home/mhanuel/Devel/ADA/projects/ada-ipstack/src/services/utils/strings_edit-integer_edit.adb:211:54" }
edge: { sourcename: "raw_lwip_server__stream_element_offset_edit__put" targetname: "__gnat_rcheck_CE_Range_Check" label: "/home/mhanuel/Devel/ADA/projects/ada-ipstack/src/services/utils/strings_edit-integer_edit.adb:211:71" }
edge: { sourcename: "raw_lwip_server__stream_element_offset_edit__put" targetname: "__aeabi_ldivmod" }
edge: { sourcename: "raw_lwip_server__stream_element_offset_edit__put" targetname: "__gnat_rcheck_CE_Divide_By_Zero" label: "/home/mhanuel/Devel/ADA/projects/ada-ipstack/src/services/utils/strings_edit-integer_edit.adb:211:71" }
edge: { sourcename: "raw_lwip_server__stream_element_offset_edit__put" targetname: "__gnat_rcheck_CE_Index_Check" label: "/home/mhanuel/Devel/ADA/projects/ada-ipstack/src/services/utils/strings_edit-integer_edit.adb:211:13" }
node: { title: "raw_lwip_server__stream_element_offset_edit__value" label: "Value\n/home/mhanuel/Devel/ADA/projects/ada-ipstack/src/services/utils/strings_edit-integer_edit.adb:174:4\n104 bytes (static)" }
edge: { sourcename: "raw_lwip_server__stream_element_offset_edit__value" targetname: "__gnat_raise_exception" label: "/home/mhanuel/Devel/ADA/projects/ada-ipstack/src/services/utils/strings_edit-integer_edit.adb:189:10" }
edge: { sourcename: "raw_lwip_server__stream_element_offset_edit__value" targetname: "__gnat_rcheck_CE_Overflow_Check" label: "/home/mhanuel/Devel/ADA/projects/ada-ipstack/src/services/utils/strings_edit-integer_edit.adb:188:33" }
edge: { sourcename: "raw_lwip_server__stream_element_offset_edit__value" targetname: "strings_edit__get__2" label: "/home/mhanuel/Devel/ADA/projects/ada-ipstack/src/services/utils/strings_edit-integer_edit.adb:187:7" }
edge: { sourcename: "raw_lwip_server__stream_element_offset_edit__value" targetname: "raw_lwip_server__stream_element_offset_edit__get" label: "/home/mhanuel/Devel/ADA/projects/ada-ipstack/src/services/utils/strings_edit-integer_edit.adb:186:7" }
edge: { sourcename: "raw_lwip_server__stream_element_offset_edit__value" targetname: "strings_edit__get__2" label: "/home/mhanuel/Devel/ADA/projects/ada-ipstack/src/services/utils/strings_edit-integer_edit.adb:185:7" }
node: { title: "/home/mhanuel/Devel/ADA/projects/ada-ipstack/src/services/sockets/raw_lwip_server.adb:raw_lwip_server__stream_element_offset_edit__get__pos_overflow.7665" label: "Pos_Overflow\n/home/mhanuel/Devel/ADA/projects/ada-ipstack/src/services/utils/strings_edit-integer_edit.adb:80:7\n16 bytes (static)" }
edge: { sourcename: "/home/mhanuel/Devel/ADA/projects/ada-ipstack/src/services/sockets/raw_lwip_server.adb:raw_lwip_server__stream_element_offset_edit__get__pos_overflow.7665" targetname: "/home/mhanuel/Devel/ADA/projects/ada-ipstack/src/services/sockets/raw_lwip_server.adb:raw_lwip_server__stream_element_offset_edit__get__skip.7661" label: "/home/mhanuel/Devel/ADA/projects/ada-ipstack/src/services/utils/strings_edit-integer_edit.adb:87:10" }
edge: { sourcename: "/home/mhanuel/Devel/ADA/projects/ada-ipstack/src/services/sockets/raw_lwip_server.adb:raw_lwip_server__stream_element_offset_edit__get__pos_overflow.7665" targetname: "__gnat_rcheck_CE_Explicit_Raise" label: "/home/mhanuel/Devel/ADA/projects/ada-ipstack/src/services/utils/strings_edit-integer_edit.adb:84:13" }
node: { title: "/home/mhanuel/Devel/ADA/projects/ada-ipstack/src/services/sockets/raw_lwip_server.adb:raw_lwip_server__stream_element_offset_edit__get__neg_overflow.7663" label: "Neg_Overflow\n/home/mhanuel/Devel/ADA/projects/ada-ipstack/src/services/utils/strings_edit-integer_edit.adb:68:7\n16 bytes (static)" }
edge: { sourcename: "/home/mhanuel/Devel/ADA/projects/ada-ipstack/src/services/sockets/raw_lwip_server.adb:raw_lwip_server__stream_element_offset_edit__get__neg_overflow.7663" targetname: "/home/mhanuel/Devel/ADA/projects/ada-ipstack/src/services/sockets/raw_lwip_server.adb:raw_lwip_server__stream_element_offset_edit__get__skip.7661" label: "/home/mhanuel/Devel/ADA/projects/ada-ipstack/src/services/utils/strings_edit-integer_edit.adb:75:10" }
edge: { sourcename: "/home/mhanuel/Devel/ADA/projects/ada-ipstack/src/services/sockets/raw_lwip_server.adb:raw_lwip_server__stream_element_offset_edit__get__neg_overflow.7663" targetname: "__gnat_rcheck_CE_Explicit_Raise" label: "/home/mhanuel/Devel/ADA/projects/ada-ipstack/src/services/utils/strings_edit-integer_edit.adb:72:13" }
node: { title: "raw_lwip_server__stream_element_offset_edit__get" label: "Get\n/home/mhanuel/Devel/ADA/projects/ada-ipstack/src/services/utils/strings_edit-integer_edit.adb:31:4\n192 bytes (static)" }
edge: { sourcename: "raw_lwip_server__stream_element_offset_edit__get" targetname: "_Unwind_Resume" }
edge: { sourcename: "raw_lwip_server__stream_element_offset_edit__get" targetname: "__gnat_rcheck_CE_Explicit_Raise" label: "/home/mhanuel/Devel/ADA/projects/ada-ipstack/src/services/utils/strings_edit-integer_edit.adb:167:13" }
edge: { sourcename: "raw_lwip_server__stream_element_offset_edit__get" targetname: "__gnat_rcheck_CE_Explicit_Raise" label: "/home/mhanuel/Devel/ADA/projects/ada-ipstack/src/services/utils/strings_edit-integer_edit.adb:161:13" }
edge: { sourcename: "raw_lwip_server__stream_element_offset_edit__get" targetname: "__gnat_raise_exception" label: "/home/mhanuel/Devel/ADA/projects/ada-ipstack/src/services/utils/strings_edit-integer_edit.adb:154:13" }
edge: { sourcename: "raw_lwip_server__stream_element_offset_edit__get" targetname: "__gnat_raise_exception" label: "/home/mhanuel/Devel/ADA/projects/ada-ipstack/src/services/utils/strings_edit-integer_edit.adb:152:13" }
edge: { sourcename: "raw_lwip_server__stream_element_offset_edit__get" targetname: "__gnat_rcheck_CE_Overflow_Check" label: "/home/mhanuel/Devel/ADA/projects/ada-ipstack/src/services/utils/strings_edit-integer_edit.adb:147:29" }
edge: { sourcename: "raw_lwip_server__stream_element_offset_edit__get" targetname: "__gnat_rcheck_CE_Overflow_Check" label: "/home/mhanuel/Devel/ADA/projects/ada-ipstack/src/services/utils/strings_edit-integer_edit.adb:146:30" }
edge: { sourcename: "raw_lwip_server__stream_element_offset_edit__get" targetname: "/home/mhanuel/Devel/ADA/projects/ada-ipstack/src/services/sockets/raw_lwip_server.adb:raw_lwip_server__stream_element_offset_edit__get__pos_overflow.7665" label: "/home/mhanuel/Devel/ADA/projects/ada-ipstack/src/services/utils/strings_edit-integer_edit.adb:143:16" }
edge: { sourcename: "raw_lwip_server__stream_element_offset_edit__get" targetname: "__gnat_rcheck_CE_Overflow_Check" label: "/home/mhanuel/Devel/ADA/projects/ada-ipstack/src/services/utils/strings_edit-integer_edit.adb:142:42" }
edge: { sourcename: "raw_lwip_server__stream_element_offset_edit__get" targetname: "__gnat_mulv64" label: "/home/mhanuel/Devel/ADA/projects/ada-ipstack/src/services/utils/strings_edit-integer_edit.adb:141:20" }
edge: { sourcename: "raw_lwip_server__stream_element_offset_edit__get" targetname: "/home/mhanuel/Devel/ADA/projects/ada-ipstack/src/services/sockets/raw_lwip_server.adb:raw_lwip_server__stream_element_offset_edit__get__pos_overflow.7665" label: "/home/mhanuel/Devel/ADA/projects/ada-ipstack/src/services/utils/strings_edit-integer_edit.adb:138:16" }
edge: { sourcename: "raw_lwip_server__stream_element_offset_edit__get" targetname: "strings_edit__getdigit" label: "/home/mhanuel/Devel/ADA/projects/ada-ipstack/src/services/utils/strings_edit-integer_edit.adb:135:19" }
edge: { sourcename: "raw_lwip_server__stream_element_offset_edit__get" targetname: "__gnat_rcheck_CE_Index_Check" label: "/home/mhanuel/Devel/ADA/projects/ada-ipstack/src/services/utils/strings_edit-integer_edit.adb:135:32" }
edge: { sourcename: "raw_lwip_server__stream_element_offset_edit__get" targetname: "__gnat_rcheck_CE_Overflow_Check" label: "/home/mhanuel/Devel/ADA/projects/ada-ipstack/src/services/utils/strings_edit-integer_edit.adb:131:29" }
edge: { sourcename: "raw_lwip_server__stream_element_offset_edit__get" targetname: "__gnat_rcheck_CE_Overflow_Check" label: "/home/mhanuel/Devel/ADA/projects/ada-ipstack/src/services/utils/strings_edit-integer_edit.adb:130:30" }
edge: { sourcename: "raw_lwip_server__stream_element_offset_edit__get" targetname: "/home/mhanuel/Devel/ADA/projects/ada-ipstack/src/services/sockets/raw_lwip_server.adb:raw_lwip_server__stream_element_offset_edit__get__neg_overflow.7663" label: "/home/mhanuel/Devel/ADA/projects/ada-ipstack/src/services/utils/strings_edit-integer_edit.adb:127:16" }
edge: { sourcename: "raw_lwip_server__stream_element_offset_edit__get" targetname: "__gnat_rcheck_CE_Overflow_Check" label: "/home/mhanuel/Devel/ADA/projects/ada-ipstack/src/services/utils/strings_edit-integer_edit.adb:126:43" }
edge: { sourcename: "raw_lwip_server__stream_element_offset_edit__get" targetname: "__gnat_mulv64" label: "/home/mhanuel/Devel/ADA/projects/ada-ipstack/src/services/utils/strings_edit-integer_edit.adb:125:20" }
edge: { sourcename: "raw_lwip_server__stream_element_offset_edit__get" targetname: "/home/mhanuel/Devel/ADA/projects/ada-ipstack/src/services/sockets/raw_lwip_server.adb:raw_lwip_server__stream_element_offset_edit__get__neg_overflow.7663" label: "/home/mhanuel/Devel/ADA/projects/ada-ipstack/src/services/utils/strings_edit-integer_edit.adb:122:16" }
edge: { sourcename: "raw_lwip_server__stream_element_offset_edit__get" targetname: "strings_edit__getdigit" label: "/home/mhanuel/Devel/ADA/projects/ada-ipstack/src/services/utils/strings_edit-integer_edit.adb:119:19" }
edge: { sourcename: "raw_lwip_server__stream_element_offset_edit__get" targetname: "__gnat_rcheck_CE_Index_Check" label: "/home/mhanuel/Devel/ADA/projects/ada-ipstack/src/services/utils/strings_edit-integer_edit.adb:119:32" }
edge: { sourcename: "raw_lwip_server__stream_element_offset_edit__get" targetname: "strings_edit__get" label: "/home/mhanuel/Devel/ADA/projects/ada-ipstack/src/services/utils/strings_edit-integer_edit.adb:112:13" }
edge: { sourcename: "raw_lwip_server__stream_element_offset_edit__get" targetname: "__gnat_rcheck_CE_Overflow_Check" label: "/home/mhanuel/Devel/ADA/projects/ada-ipstack/src/services/utils/strings_edit-integer_edit.adb:111:31" }
edge: { sourcename: "raw_lwip_server__stream_element_offset_edit__get" targetname: "strings_edit__get" label: "/home/mhanuel/Devel/ADA/projects/ada-ipstack/src/services/utils/strings_edit-integer_edit.adb:107:13" }
edge: { sourcename: "raw_lwip_server__stream_element_offset_edit__get" targetname: "__gnat_rcheck_CE_Overflow_Check" label: "/home/mhanuel/Devel/ADA/projects/ada-ipstack/src/services/utils/strings_edit-integer_edit.adb:105:30" }
edge: { sourcename: "raw_lwip_server__stream_element_offset_edit__get" targetname: "__gnat_rcheck_CE_Index_Check" label: "/home/mhanuel/Devel/ADA/projects/ada-ipstack/src/services/utils/strings_edit-integer_edit.adb:103:12" }
edge: { sourcename: "raw_lwip_server__stream_element_offset_edit__get" targetname: "__gnat_raise_exception" label: "/home/mhanuel/Devel/ADA/projects/ada-ipstack/src/services/utils/strings_edit-integer_edit.adb:97:13" }
edge: { sourcename: "raw_lwip_server__stream_element_offset_edit__get" targetname: "__gnat_raise_exception" label: "/home/mhanuel/Devel/ADA/projects/ada-ipstack/src/services/utils/strings_edit-integer_edit.adb:95:13" }
edge: { sourcename: "raw_lwip_server__stream_element_offset_edit__get" targetname: "__gnat_rcheck_CE_Overflow_Check" label: "/home/mhanuel/Devel/ADA/projects/ada-ipstack/src/services/utils/strings_edit-integer_edit.adb:94:19" }
edge: { sourcename: "raw_lwip_server__stream_element_offset_edit__get" targetname: "__gnat_raise_exception" label: "/home/mhanuel/Devel/ADA/projects/ada-ipstack/src/services/utils/strings_edit-integer_edit.adb:91:10" }
edge: { sourcename: "raw_lwip_server__stream_element_offset_edit__get" targetname: "__aeabi_ldivmod" }
edge: { sourcename: "raw_lwip_server__stream_element_offset_edit__get" targetname: "__gnat_rcheck_CE_Divide_By_Zero" label: "/home/mhanuel/Devel/ADA/projects/ada-ipstack/src/services/utils/strings_edit-integer_edit.adb:43:59" }
edge: { sourcename: "raw_lwip_server__stream_element_offset_edit__get" targetname: "__aeabi_ldivmod" }
edge: { sourcename: "raw_lwip_server__stream_element_offset_edit__get" targetname: "__gnat_rcheck_CE_Overflow_Check" label: "/home/mhanuel/Devel/ADA/projects/ada-ipstack/src/services/utils/strings_edit-integer_edit.adb:42:60" }
edge: { sourcename: "raw_lwip_server__stream_element_offset_edit__get" targetname: "__gnat_rcheck_CE_Divide_By_Zero" label: "/home/mhanuel/Devel/ADA/projects/ada-ipstack/src/services/utils/strings_edit-integer_edit.adb:42:60" }
node: { title: "/home/mhanuel/Devel/ADA/projects/ada-ipstack/src/services/sockets/raw_lwip_server.adb:raw_lwip_server__stream_element_offset_edit__get__skip.7661" label: "Skip\n/home/mhanuel/Devel/ADA/projects/ada-ipstack/src/services/utils/strings_edit-integer_edit.adb:53:7\n32 bytes (static)" }
edge: { sourcename: "/home/mhanuel/Devel/ADA/projects/ada-ipstack/src/services/sockets/raw_lwip_server.adb:raw_lwip_server__stream_element_offset_edit__get__skip.7661" targetname: "__gnat_rcheck_CE_Overflow_Check" label: "/home/mhanuel/Devel/ADA/projects/ada-ipstack/src/services/utils/strings_edit-integer_edit.adb:61:28" }
edge: { sourcename: "/home/mhanuel/Devel/ADA/projects/ada-ipstack/src/services/sockets/raw_lwip_server.adb:raw_lwip_server__stream_element_offset_edit__get__skip.7661" targetname: "strings_edit__getdigit" label: "/home/mhanuel/Devel/ADA/projects/ada-ipstack/src/services/utils/strings_edit-integer_edit.adb:58:26" }
edge: { sourcename: "/home/mhanuel/Devel/ADA/projects/ada-ipstack/src/services/sockets/raw_lwip_server.adb:raw_lwip_server__stream_element_offset_edit__get__skip.7661" targetname: "__gnat_rcheck_CE_Index_Check" label: "/home/mhanuel/Devel/ADA/projects/ada-ipstack/src/services/utils/strings_edit-integer_edit.adb:58:36" }
}
